01-30 15:42:03.833   835  1600 I 100     : Open /data/user_de/0/com.google.android.gms/app_chimera/m/00000237/DynamiteLoader.apk took:56ms
01-30 15:42:03.953  1653  1653 I 100     : Open /data/app/~~6s9SvzWasVk5x1pt--FZIw==/com.google.android.apps.authenticator2-QlkbN5z-F1Q8nVxyN4C-Jw==/base.apk took:68ms
01-30 15:42:04.439 32647   860 I 101     : #310
01-30 15:42:04.671 28989 29013 I 101     : #611
01-30 15:42:05.036 32084 32144 I 101     : #295
01-30 15:42:05.074 32122 32177 I 101     : #248
01-30 15:42:05.095 32078 32152 I 101     : #348
01-30 15:42:05.299 32042 32068 I 101     : #774
01-30 15:42:05.363 32170 32236 I 101     : #403
01-30 15:42:05.429 32146 32198 I 101     : #584
01-30 15:42:05.529 32146  1226 I 101     : #205
01-30 15:42:05.855 32170 32371 I 100     : Open /data/app/~~eLqKUBxV8xGOjqxTEDYg2Q==/com.google.android.gms-8fR8Nzz4FyGCvA4Iaqq3vQ==/base.apk took:824ms
01-30 15:42:05.901 32317 32400 I 101     : #628
01-30 15:42:06.105  2536  2536 I 100     : Open /data/app/~~LIm8_q_LoUmMeTqfyvmQQA==/com.google.android.apps.docs-ErLsuBzan5ixwZl0SfD17Q==/base.apk took:94ms
01-30 15:42:06.630 32421 32509 I 101     : #1053
01-30 15:42:06.670  2618  2618 I 100     : Open /data/app/~~MTHe8NtN5lss575905UpRQ==/com.google.android.apps.maps-KZeEFadCC4yIP0bseNISmg==/base.apk took:100ms
01-30 15:42:07.383  2618  2712 I 100     : Open /data/user_de/0/com.google.android.gms/app_chimera/m/00000236/CronetDynamite.apk took:56ms
01-30 15:42:07.688   835   934 I 101     : #561
01-30 15:42:08.132  2618  2718 I 100     : Open /data/app/~~eLqKUBxV8xGOjqxTEDYg2Q==/com.google.android.gms-8fR8Nzz4FyGCvA4Iaqq3vQ==/base.apk took:115ms
01-30 15:42:08.740  2912  3064 I 100     : Open /data/user_de/0/com.google.android.gms/app_chimera/m/0000023c/MeasurementDynamite.apk took:66ms
01-30 15:42:08.846 32170 32236 I 101     : #166
01-30 15:42:12.158  3831  3831 I 100     : Open /data/app/~~Et39AXfJUiCty09Ec73B3w==/com.Slack-YYImYe4ntJeaY7LwI26GgA==/base.apk took:135ms
01-30 15:42:12.424  3979  3979 I 100     : Open /data/app/~~rR208Jt1v0ZS67WNqv7HSw==/com.arjanvlek.oxygenupdater-irwv8oPe-8bXrVztuQNTMg==/base.apk took:61ms
01-30 15:42:13.559  3979  3979 I 309     : package:com.arjanvlek.oxygenupdater took:1233 calssname:android.app.ActivityThread$H callback:null what:110
01-30 15:42:13.591  4329  4329 I 100     : Open /data/app/~~ub5IkFFmvepxkRBFBAJSwA==/com.booking-k7staUWFszyfee2mBgmKCA==/base.apk took:130ms
01-30 15:42:13.652  2912  3009 I 101     : #220
01-30 15:42:13.882  4043  4157 I 100     : Open /data/user_de/0/com.google.android.gms/app_chimera/m/00000237/DynamiteLoader.apk took:521ms
01-30 15:42:14.111  4024  4024 I 309     : package:com.avast.android.cleaner took:1545 calssname:android.app.ActivityThread$H callback:null what:110
01-30 15:42:14.549  4329  4329 I 309     : package:com.booking took:1161 calssname:android.app.ActivityThread$H callback:null what:110
01-30 15:42:14.704  4329  4632 I 100     : Open /data/user_de/0/com.google.android.gms/app_chimera/m/0000023b/MapsDynamite.apk took:145ms
01-30 15:42:15.424  4043  4043 I 309     : package:com.android.chrome took:2200 calssname:android.os.Handler callback:aP3@23ffd31 what:0
01-30 15:42:15.448  4726  4726 I 100     : Open /data/app/~~JBCudjmIy9Gc1GgJEtV4hA==/com.facebook.orca-UYXmqEU5FfuhbgO7WyXuqw==/base.apk took:93ms
01-30 15:42:15.614  3408  3439 I 101     : #171
01-30 15:42:15.644  4773  4773 I 100     : Open /data/app/~~Oxzb494_s_KfiWl-hoSA0w==/com.android.chrome-AKx1YVV-eCc8YWLgePKNSw==/base.apk took:95ms
01-30 15:42:16.215  3443  3484 I 101     : #636
01-30 15:42:16.356  4734  4734 I 309     : package:com.getsomeheadspace.android took:1018 calssname:android.app.ActivityThread$H callback:null what:110
01-30 15:42:16.498  3497  3664 I 101     : #308
01-30 15:42:16.846  5297  5297 I 100     : Open /data/app/~~Rmn9OGN-k_ogSSrJVrFlUA==/com.google.android.apps.chromecast.app-uZmVmCPEP5dTvV3KMvVsAA==/base.apk took:59ms
01-30 15:42:16.960  3754  3780 I 101     : #158
01-30 15:42:17.264  3811  3866 I 101     : #229
01-30 15:42:17.351  5297  5396 I 100     : Open /system/framework/com.android.location.provider.jar took:51ms
01-30 15:42:17.437  5297  5396 I 100     : Open /data/app/~~eLqKUBxV8xGOjqxTEDYg2Q==/com.google.android.gms-8fR8Nzz4FyGCvA4Iaqq3vQ==/base.apk took:67ms
01-30 15:42:17.979  3979  4023 I 101     : #518
01-30 15:42:18.111  4043  4112 I 101     : #362
01-30 15:42:18.157  4329  4632 I 101     : #1484
01-30 15:42:18.186  3831  3943 I 101     : #1005
01-30 15:42:18.220  4024  4110 I 101     : #511
01-30 15:42:18.245  4734  4734 I 309     : package:com.getsomeheadspace.android took:1815 calssname:android.os.Handler callback:com.mparticle.kits.KitManagerImpl$UpdateKitRunnable@1b282b what:0
01-30 15:42:18.395  4118  4192 I 101     : #539
01-30 15:42:19.502  4329  4440 I 101     : #842
01-30 15:42:19.531  5564  5675 I 100     : Open /data/app/~~eLqKUBxV8xGOjqxTEDYg2Q==/com.google.android.gms-8fR8Nzz4FyGCvA4Iaqq3vQ==/base.apk took:52ms
01-30 15:42:20.548  5737  5831 I 100     : Open /data/app/~~eLqKUBxV8xGOjqxTEDYg2Q==/com.google.android.gms-8fR8Nzz4FyGCvA4Iaqq3vQ==/base.apk took:54ms
01-30 15:42:20.673  4734  4770 I 101     : #227
01-30 15:42:23.880  6247  6247 I 100     : Open /data/app/~~2mmqKynq1qYHgPmpBdQfEQ==/com.linkedin.android-E2A-30bXTQs2bmcu9LCNwQ==/base.apk took:77ms
01-30 15:42:25.107  5737  5772 I 101     : #152
01-30 15:42:27.868  7169  7169 I 100     : Open /data/app/~~DfJA8-BjDwaRFzujX1Rd3g==/com.reddit.frontpage-IPuNMnqKSRdNXwKYDfgyhA==/base.apk took:65ms
01-30 15:42:28.244  7221  7221 I 100     : Open /data/app/~~EN94P48QeVANRtxhkXQ49A==/com.revolut.revolut-8fqBSmaCLwjQM1wJQiMx8w==/base.apk took:90ms
01-30 15:42:29.459  7607  7607 I 100     : Open /data/app/~~4XW11p94wzQcYcehLQzdZQ==/com.tinder-TCkrLv1Ah4hN4GfrhStqmg==/base.apk took:202ms
01-30 15:42:29.644  7646  7646 I 100     : Open /data/app/~~7468TfwldWZQLlcaKxzvHg==/com.twitter.android-11g7PA3s5SWNMuwF162vZw==/base.apk took:67ms
01-30 15:42:30.511  6674  6717 I 101     : #364
01-30 15:42:34.837  9138  9294 I 100     : Open /data/app/~~eLqKUBxV8xGOjqxTEDYg2Q==/com.google.android.gms-8fR8Nzz4FyGCvA4Iaqq3vQ==/base.apk took:79ms
01-30 15:42:34.919  7646  7690 I 101     : #214
01-30 15:42:35.149  9138  9220 I 100     : Open /data/user_de/0/com.google.android.gms/app_chimera/m/00000237/DynamiteLoader.apk took:75ms
01-30 15:42:35.631  7925  7982 I 101     : #276
01-30 15:42:35.713  7892  7924 I 101     : #445
01-30 15:42:35.774  8021  8129 I 101     : #178
01-30 15:42:37.601  8623  8651 I 101     : #753
01-30 15:42:38.081 10459 10459 I 100     : Open /data/app/~~BQkggLBJ5ARrvtrPnFYuTA==/com.google.android.apps.wellbeing-0ObH6XdZ-86HDYWdIHEntw==/base.apk took:58ms
01-30 15:42:38.573  8961  8982 I 101     : #317
01-30 15:42:39.228  9138  9167 I 101     : #458
01-30 15:42:39.758  9304  9398 I 101     : #169
01-30 15:42:39.774 10637 10637 I 100     : Open /data/app/~~Oxzb494_s_KfiWl-hoSA0w==/com.android.chrome-AKx1YVV-eCc8YWLgePKNSw==/base.apk took:52ms
01-30 15:42:40.021  9503  9533 I 101     : #171
01-30 15:42:40.299  9550  9589 I 101     : #273
01-30 15:47:06.163 11249 11249 I 100     : Open /data/app/~~jst1WpLsvBGUIFnFpQcR3w==/com.instagram.android-P9v4eBL77IjmXfnaRBIkpw==/base.apk took:80ms
01-30 15:47:07.350 11249 11249 I 309     : package:com.instagram.android took:1298 calssname:android.app.ActivityThread$H callback:null what:110
01-30 15:47:07.584 11477 11477 I 100     : Open /data/app/~~jst1WpLsvBGUIFnFpQcR3w==/com.instagram.android-P9v4eBL77IjmXfnaRBIkpw==/base.apk took:58ms
01-30 15:54:47.746  9899  9899 I 100     : Open /data/app/~~7l62xwTPfgFZBkSUOsTjtw==/com.zhiliaoapp.musically-l5zSB5JzSZ2nbwCxY6YbRw==/base.apk took:74ms
01-30 15:54:47.852 12092 12092 I 100     : Open /data/app/~~2mmqKynq1qYHgPmpBdQfEQ==/com.linkedin.android-E2A-30bXTQs2bmcu9LCNwQ==/base.apk took:66ms
01-30 15:54:48.259  9899 12251 I 100     : Open /data/app/~~Wee-Tpqq0F2CcaJ5GFfqIw==/com.google.android.trichromelibrary_466410434-YKo7rJvaO82CBRmCYGzZ7A==/base.apk took:81ms
01-30 15:54:48.430  9899 12251 I 100     : Open /data/app/~~i8F-hNY4YeqalEuQ2RG4tg==/com.google.android.webview-OUbtvVzUBsQXpAsHDC7-TA==/base.apk took:124ms
01-30 15:54:48.486  9899 12319 I 100     : Open /data/user_de/0/com.google.android.gms/app_chimera/m/00000237/DynamiteLoader.apk took:129ms
01-30 15:54:49.406 12391 12391 I 100     : Open /data/app/~~7l62xwTPfgFZBkSUOsTjtw==/com.zhiliaoapp.musically-l5zSB5JzSZ2nbwCxY6YbRw==/base.apk took:101ms
01-30 15:55:16.122 12696 12696 I 100     : Open /data/app/~~Xl6FPEINleqMaSZv0n5UCA==/com.facebook.katana-jSFAQ1yF_HYAusH2KfI5-A==/base.apk took:207ms
01-30 15:56:31.133  1594  1793 I 300     : 231
01-30 15:56:33.148  1594  1793 I 300     : 143
01-30 15:56:42.773  1594  1793 I 300     : 202
01-30 15:57:06.401  1594  1793 I 300     : 200
01-30 15:57:20.622 13207 13207 I 100     : Open /data/app/~~Et39AXfJUiCty09Ec73B3w==/com.Slack-YYImYe4ntJeaY7LwI26GgA==/base.apk took:107ms
01-30 15:57:27.164 13765 13765 I 100     : Open /data/app/~~g3sYkavRe9ZkhlqTztwM0Q==/se.aftonbladet.start-cdaZZIWiZ1IpbZ2JzldxZg==/base.apk took:68ms
01-30 15:57:30.299 14207 14207 I 100     : Open /data/app/~~TdfISV50yYFktP0aKOGdTA==/com.snapchat.android-2h6YjsPv7Eld3LdR3kykLw==/base.apk took:76ms
01-30 15:57:31.286 14416 14416 I 100     : Open /data/app/~~DfJA8-BjDwaRFzujX1Rd3g==/com.reddit.frontpage-IPuNMnqKSRdNXwKYDfgyhA==/base.apk took:73ms
01-30 15:57:32.381 13765 13785 I 101     : #166
01-30 15:57:33.939 14757 14939 I 100     : Open /system/framework/com.android.location.provider.jar took:87ms
01-30 15:57:34.458 15019 15019 I 100     : Open /data/app/~~7l62xwTPfgFZBkSUOsTjtw==/com.zhiliaoapp.musically-l5zSB5JzSZ2nbwCxY6YbRw==/base.apk took:104ms
01-30 15:57:34.735 15065 15065 I 100     : Open /data/app/~~BQkggLBJ5ARrvtrPnFYuTA==/com.google.android.apps.wellbeing-0ObH6XdZ-86HDYWdIHEntw==/base.apk took:61ms
01-30 15:57:35.182 15110 15110 I 100     : Open /data/app/~~7l62xwTPfgFZBkSUOsTjtw==/com.zhiliaoapp.musically-l5zSB5JzSZ2nbwCxY6YbRw==/base.apk took:366ms
01-30 15:57:35.376 14141 14163 I 101     : #310
01-30 15:57:35.405 14078 14105 I 101     : #478
01-30 15:57:35.465 14183 14237 I 101     : #259
01-30 15:57:35.735 14173 14241 I 101     : #488
01-30 15:57:35.741 14059 14097 I 101     : #884
01-30 15:57:35.780 14207 14264 I 101     : #467
01-30 15:57:36.339 14242 14276 I 101     : #959
01-30 15:57:36.362 15110 15110 I 309     : package:com.zhiliaoapp.musically took:1573 calssname:android.app.ActivityThread$H callback:null what:110
01-30 15:57:36.533 14416 14445 I 101     : #226
01-30 15:57:36.781 15110 15307 I 100     : Open /data/app/~~Wee-Tpqq0F2CcaJ5GFfqIw==/com.google.android.trichromelibrary_466410434-YKo7rJvaO82CBRmCYGzZ7A==/base.apk took:93ms
01-30 15:57:36.988 15110 15349 I 100     : Open /data/user_de/0/com.google.android.gms/app_chimera/m/00000237/DynamiteLoader.apk took:56ms
01-30 15:57:37.173 14639 14678 I 101     : #190
01-30 15:57:37.857 14757 14817 I 101     : #184
01-30 15:57:37.940 15110 15349 I 101     : #950
01-30 15:58:19.252  1594  1793 I 300     : 230
01-30 15:58:22.419  2552  2950 I 110     :  OptJank - total:92 frameGap:255 delta#77#11#7#3#0#3
01-30 15:59:36.820 15923 15944 I 101     : #173
01-30 16:01:13.796  1594  1793 I 300     : 315
01-30 16:04:20.279  1594  1793 I 300     : 103
01-30 16:04:22.132 16454 16454 I 100     : Open /data/app/~~zuJ9Jjq_gY_x_S-BrF1l_Q==/com.google.android.projection.gearhead-kqEEfFusr8hhefBmhQsjMg==/base.apk took:57ms
01-30 16:04:22.487  5148  5864 I 110     :  OptJank - total:205 frameGap:214 delta#183#5#4#1#0#15
01-30 16:04:23.557 16613 16613 I 100     : Open /data/app/~~njhaFv0M3CN_Rz_S44SZaA==/com.microsoft.teams-28_KpgbdelsKz-xvdGA5wg==/base.apk took:149ms
01-30 16:04:24.520 16710 16710 I 100     : Open /data/app/~~NM8jTPvHufuEOuNHf0cwQg==/com.sec.android.app.shealth-QMRzWhLJh5sLDxkv1Q9NYA==/base.apk took:97ms
01-30 16:04:24.679 16746 16746 I 100     : Open /data/app/~~XGE_hYZDTdSGS3vEsGXStA==/com.azure.authenticator-t35CVKZ1y24Jkw0By871kg==/base.apk took:70ms
01-30 16:04:25.082 16795 16795 I 100     : Open /data/app/~~qXBTrNhqiTIC01L49pccTw==/tv.twitch.android.app-UGyZqhLIEoC96wdG-yY-sA==/base.apk took:115ms
01-30 16:04:26.256 16795 16795 I 309     : package:tv.twitch.android.app took:1322 calssname:android.app.ActivityThread$H callback:null what:110
01-30 16:04:29.977  1594  1786 I 322     : com.android.settings#-1#349
01-30 16:04:31.051  1594  1786 I 322     : com.android.settings#-1#243
01-30 16:04:35.092  5148  5864 I 110     :  OptJank - total:80 frameGap:396 delta#66#7#6#0#0#6
01-30 16:04:38.419  1594  1786 I 322     : com.spotify.music#-1#87
01-30 16:04:38.726  5233  8034 I 111     :  OptJank - continuously drops frames:4
01-30 16:05:05.990  1594  1793 I 300     : 124
01-30 16:10:36.970  1594  1793 I 300     : 80
01-30 16:10:38.394 18201 18201 I 100     : Open /data/app/~~D4c99ZobKyJiTLGdXsoLgQ==/se.tv4.tv4playtab-113-jzGcyM9s4ZlKVJExcA==/base.apk took:90ms
01-30 16:10:39.897  1594  1786 I 322     : se.skanetrafiken.washington#73#808
01-30 16:11:01.409  9890 18425 I 110     :  OptJank - total:315 frameGap:317 delta#288#24#4#19#0#2
01-30 16:11:12.355  9890 18425 I 111     :  OptJank - continuously drops frames:4
01-30 16:11:12.457  9890 18425 I 111     :  OptJank - continuously drops frames:4
01-30 16:11:12.543  9890 18425 I 111     :  OptJank - continuously drops frames:4
01-30 16:14:27.085  1594  1793 I 300     : 135
01-30 16:14:30.691  9890 18425 I 110     :  OptJank - total:132 frameGap:143 delta#99#29#6#23#0#2
01-30 16:16:04.800  1594  1793 I 300     : 93
01-30 16:16:05.021  2552  2950 I 111     :  OptJank - continuously drops frames:4
01-30 16:16:05.348  2552  2950 I 110     :  OptJank - total:165 frameGap:165 delta#0#254#0#25#0#2
01-30 16:16:05.350  2552  2950 I 110     :  OptJank - total:1 frameGap:1 delta#0#257#0#27#0#1
01-30 16:16:08.617  9890 18425 I 110     :  OptJank - total:208 frameGap:219 delta#33#162#5#156#3#9
01-30 16:16:42.873  1594  1793 I 300     : 111
01-30 16:16:46.309  1594  1786 I 322     : com.spotify.music#-1#79
01-30 16:16:47.626  5233  8034 I 110     :  OptJank - total:81 frameGap:97 delta#44#33#9#23#0#2
01-30 16:17:04.363  1594  1793 I 300     : 189
01-30 16:17:19.360  1594  2982 I 300     : 175
01-30 16:17:23.181 20242 20242 I 100     : Open /data/app/~~TdfISV50yYFktP0aKOGdTA==/com.snapchat.android-2h6YjsPv7Eld3LdR3kykLw==/base.apk took:106ms
01-30 16:17:27.085  2552  2950 I 110     :  OptJank - total:116 frameGap:855 delta#66#30#11#19#6#13
01-30 16:17:28.681  1594  1793 I 300     : 137
01-30 16:17:47.442  1594  1793 I 300     : 117
01-30 16:17:47.974  2552  2950 I 110     :  OptJank - total:87 frameGap:87 delta#0#232#0#35#0#1
01-30 16:17:47.976  2552  2950 I 110     :  OptJank - total:1 frameGap:1 delta#0#233#0#37#0#1
01-30 16:17:48.132  2552  2950 I 110     :  OptJank - total:2 frameGap:2 delta#11#89#8#13#0#2
01-30 16:17:50.553  1594  1786 I 322     : com.formulaone.production#65#318
01-30 16:17:51.433  1594  1786 I 322     : com.formulaone.production#-1#116
01-30 16:18:07.212  5148  5864 I 110     :  OptJank - total:95 frameGap:110 delta#0#67#33#34#20#7
01-30 16:18:10.244  5148  5864 I 110     :  OptJank - total:87 frameGap:330 delta#66#18#13#4#0#2
01-30 16:18:10.324  5148  5864 I 110     :  OptJank - total:79 frameGap:79 delta#66#4#2#1#0#8
01-30 16:18:10.812  1594  1786 I 322     : com.softpauer.f1timingapp2014.basic#89#655
01-30 16:18:45.004  1594  1793 I 300     : 155
01-30 16:19:14.545  9895 20990 I 110     :  OptJank - total:91 frameGap:93 delta#77#11#6#4#0#1
01-30 16:19:15.134  9895 20990 I 110     :  OptJank - total:190 frameGap:285 delta#0#185#0#185#0#4
01-30 16:19:22.856 21695 21695 I 100     : Open /data/app/~~7468TfwldWZQLlcaKxzvHg==/com.twitter.android-11g7PA3s5SWNMuwF162vZw==/base.apk took:146ms
01-30 16:19:23.692 21695 21766 I 100     : Open /system/framework/com.android.media.remotedisplay.jar took:103ms
01-30 16:20:17.137  1594  1793 I 300     : 134
01-30 16:20:22.080  5233  8034 I 110     :  OptJank - total:103 frameGap:107 delta#0#99#0#95#0#3
01-30 16:20:24.068  5233  8034 I 110     :  OptJank - total:129 frameGap:129 delta#122#8#7#0#0#2
01-30 16:20:26.907  1594  1786 I 322     : com.spotify.music#-1#63
01-30 16:20:34.432  5233  8034 I 110     :  OptJank - total:147 frameGap:153 delta#22#123#3#117#0#1
01-30 16:20:36.448  5233  8034 I 110     :  OptJank - total:92 frameGap:97 delta#0#89#0#87#0#2
01-30 16:21:55.108  1594  1793 I 300     : 147
01-30 16:22:05.767  5233  8034 I 110     :  OptJank - total:100 frameGap:107 delta#0#96#8#86#0#3
01-30 16:23:07.825  1594  1793 I 300     : 159
01-30 16:23:13.255  9895 20990 I 111     :  OptJank - continuously drops frames:4
01-30 16:23:15.209  9895 20990 I 111     :  OptJank - continuously drops frames:4
01-30 16:23:18.782  9895 20990 I 110     :  OptJank - total:189 frameGap:1141 delta#0#176#0#176#0#11
01-30 16:23:18.782  9895 20990 I 111     : OptJank - big and big
01-30 16:23:20.225  5348  6775 I 111     :  OptJank - continuously drops frames:4
01-30 16:23:20.268  5348  6775 I 111     :  OptJank - continuously drops frames:4
01-30 16:23:20.310  5348  6775 I 111     :  OptJank - continuously drops frames:4
01-30 16:23:20.354  5348  6775 I 111     :  OptJank - continuously drops frames:4
01-30 16:23:20.394  5348  6775 I 111     :  OptJank - high percentage:0.9
01-30 16:23:25.553  2552  2950 I 111     :  OptJank - continuously drops frames:4
01-30 16:23:25.694  2552  2950 I 111     :  OptJank - continuously drops frames:4
01-30 16:23:25.800  2552  2950 I 111     :  OptJank - high percentage:0.45
01-30 16:23:26.754 22866 22894 I 100     : Open /data/user_de/0/com.google.android.gms/app_chimera/m/00000237/DynamiteLoader.apk took:176ms
01-30 16:23:33.857  5348  6775 I 111     :  OptJank - continuously drops frames:4
01-30 16:23:33.914  5348  6775 I 111     :  OptJank - continuously drops frames:4
01-30 16:23:35.177  2552  2950 I 111     :  OptJank - continuously drops frames:4
01-30 16:23:35.312  2552  2950 I 111     :  OptJank - continuously drops frames:4
01-30 16:23:35.391  2552  2950 I 111     :  OptJank - high percentage:0.55
01-30 16:23:35.644  5348  6775 I 111     :  OptJank - high percentage:0.7
01-30 16:23:35.706  5348  6775 I 111     :  OptJank - continuously drops frames:4
01-30 16:23:35.753  5348  6775 I 111     :  OptJank - continuously drops frames:4
01-30 16:23:35.812  5348  6775 I 111     :  OptJank - continuously drops frames:4
01-30 16:23:43.896  9895 20990 I 111     :  OptJank - continuously drops frames:4
01-30 16:25:13.486  9895 20990 I 110     :  OptJank - total:175 frameGap:222 delta#0#170#0#169#0#4
01-30 16:25:44.683  1594  1793 I 300     : 92
01-30 16:27:08.580  1594  1793 I 300     : 85
01-30 16:27:39.047  9895 20990 I 111     :  OptJank - continuously drops frames:4
01-30 16:28:05.139  9895 20990 I 110     :  OptJank - total:137 frameGap:142 delta#0#133#0#133#0#3
01-30 16:28:12.711  9895 20990 I 111     :  OptJank - continuously drops frames:4
01-30 16:28:13.447  9895 20990 I 111     :  OptJank - continuously drops frames:4
01-30 16:28:16.453  9895 20990 I 111     :  OptJank - continuously drops frames:4
01-30 16:29:06.359  1594  3643 I 300     : 134
01-30 16:29:07.367  9895 20990 I 110     :  OptJank - total:216 frameGap:277 delta#0#213#0#211#1#2
01-30 16:29:13.218  5233  8034 I 110     :  OptJank - total:245 frameGap:250 delta#188#53#5#47#0#2
01-30 16:29:21.400  1594  1786 I 322     : com.spotify.music#-1#66
01-30 16:29:21.792  5233  8034 I 111     :  OptJank - high percentage:0.5
01-30 16:29:24.745  5233  8034 I 110     :  OptJank - total:101 frameGap:105 delta#11#88#3#84#0#1
01-30 16:30:13.798  9895  9895 I 309     : package:com.softpauer.f1timingapp2014.basic took:2019 calssname:android.hardware.display.DisplayManagerGlobal$DisplayListenerDelegate callback:null what:2
01-30 16:30:20.683  1594  1793 I 300     : 110
01-30 16:30:42.328  5233  8034 I 110     :  OptJank - total:118 frameGap:127 delta#99#12#8#3#0#5
01-30 16:30:42.432  5233  8034 I 110     :  OptJank - total:100 frameGap:103 delta#77#19#10#8#0#2
01-30 16:30:42.537  5233  8034 I 110     :  OptJank - total:105 frameGap:105 delta#111#2#0#1#0#2
01-30 16:30:42.631  5348  6775 I 111     :  OptJank - continuously drops frames:4
01-30 16:30:42.675  2552  2950 I 111     :  OptJank - continuously drops frames:4
01-30 16:30:44.052  2552  2950 I 111     :  OptJank - continuously drops frames:4
01-30 16:30:44.257  2552  2950 I 111     :  OptJank - continuously drops frames:4
01-30 16:30:45.530  1594  1786 I 322     : com.bloomberg.android.plus#108#930
01-30 16:30:49.254  1594  1786 I 322     : com.bloomberg.android.plus#-1#133
01-30 16:31:16.725  9906 25156 I 110     :  OptJank - total:193 frameGap:195 delta#188#0#0#0#0#3
01-30 16:31:46.394  9901  9901 I 100     : Open /data/app/~~gIQJ1W2uGHYk0TUYrUGD-A==/org.dayup.stocks-YRNRSCfLc4NiAw6UHWiXzg==/base.apk took:65ms
01-30 16:31:46.818 25842 25842 I 100     : Open /data/app/~~Xl6FPEINleqMaSZv0n5UCA==/com.facebook.katana-jSFAQ1yF_HYAusH2KfI5-A==/base.apk took:148ms
01-30 16:31:47.396  1594  1786 I 322     : org.dayup.stocks#88#1147
01-30 16:31:54.207 26287 26287 I 100     : Open /data/app/~~JBCudjmIy9Gc1GgJEtV4hA==/com.facebook.orca-UYXmqEU5FfuhbgO7WyXuqw==/base.apk took:134ms
01-30 16:32:02.276  1594  1786 I 322     : org.dayup.stocks#-1#225
01-30 16:32:04.213  9901 25915 I 111     :  OptJank - continuously drops frames:4
01-30 16:32:04.261  9901 25915 I 111     :  OptJank - continuously drops frames:4
01-30 16:32:04.382  9901 25915 I 111     :  OptJank - high percentage:0.65
01-30 16:32:04.413  9901 25915 I 111     :  OptJank - continuously drops frames:4
01-30 16:32:04.733  9901 25915 I 111     :  OptJank - high percentage:0.55
01-30 16:32:04.746  9901 25915 I 111     :  OptJank - continuously drops frames:4
01-30 16:32:04.856  9901 25915 I 111     :  OptJank - continuously drops frames:4
01-30 16:32:04.901  9901 25915 I 111     :  OptJank - continuously drops frames:4
01-30 16:32:04.946  9901 25915 I 111     :  OptJank - continuously drops frames:4
01-30 16:32:04.954  9901 25915 I 111     :  OptJank - high percentage:0.75
01-30 16:32:06.908  9901 25915 I 110     :  OptJank - total:247 frameGap:247 delta#55#159#9#150#2#31
01-30 16:32:07.707  9901 25915 I 110     :  OptJank - total:212 frameGap:482 delta#66#139#10#128#1#4
01-30 16:32:07.707  9901 25915 I 111     : OptJank - big and big
01-30 16:32:37.099  1594  1793 I 300     : 94
01-30 16:32:49.024 26835 26835 I 100     : Open /data/app/~~njhaFv0M3CN_Rz_S44SZaA==/com.microsoft.teams-28_KpgbdelsKz-xvdGA5wg==/base.apk took:67ms
01-30 16:32:49.703 26939 26939 I 100     : Open /data/app/~~XGE_hYZDTdSGS3vEsGXStA==/com.azure.authenticator-t35CVKZ1y24Jkw0By871kg==/base.apk took:78ms
01-30 16:32:56.417  1594  1786 I 322     : org.dayup.stocks#-1#149
01-30 16:32:57.755  9901 25915 I 111     :  OptJank - continuously drops frames:4
01-30 16:32:57.870  9901 25915 I 111     :  OptJank - high percentage:0.5
01-30 16:32:58.124  9901 25915 I 111     :  OptJank - continuously drops frames:4
01-30 16:32:58.311  9901 25915 I 111     :  OptJank - high percentage:0.55
01-30 16:33:01.297  9901 25915 I 111     :  OptJank - continuously drops frames:4
01-30 16:33:01.359  9901 25915 I 111     :  OptJank - continuously drops frames:4
01-30 16:33:01.422  9901 25915 I 111     :  OptJank - continuously drops frames:4
01-30 16:33:01.478  9901 25915 I 111     :  OptJank - continuously drops frames:4
01-30 16:33:01.488  9901 25915 I 111     :  OptJank - high percentage:0.9
01-30 16:33:01.667  9901 25915 I 111     :  OptJank - continuously drops frames:4
01-30 16:33:20.642  9901 25915 I 110     :  OptJank - total:80 frameGap:173 delta#0#68#0#67#1#11
01-30 16:33:23.295  9901 25915 I 111     :  OptJank - continuously drops frames:4
01-30 16:33:23.347  9901 25915 I 111     :  OptJank - continuously drops frames:4
01-30 16:33:23.385  9901 25915 I 111     :  OptJank - high percentage:0.6
01-30 16:33:23.398  9901 25915 I 111     :  OptJank - continuously drops frames:4
01-30 16:33:27.017  9901 25915 I 111     :  OptJank - continuously drops frames:4
01-30 16:33:27.095  9901 25915 I 111     :  OptJank - high percentage:0.45
01-30 16:33:27.159  9901 25915 I 111     :  OptJank - continuously drops frames:4
01-30 16:33:27.315  9901 25915 I 111     :  OptJank - continuously drops frames:4
01-30 16:33:27.315  9901 25915 I 111     :  OptJank - high percentage:0.75
01-30 16:33:27.524  9901 25915 I 111     :  OptJank - continuously drops frames:4
01-30 16:33:27.534  9901 25915 I 111     :  OptJank - high percentage:0.6
01-30 16:33:27.601  9901 25915 I 111     :  OptJank - continuously drops frames:4
01-30 16:33:27.645  9901 25915 I 111     :  OptJank - continuously drops frames:4
01-30 16:33:27.748  9901 25915 I 111     :  OptJank - continuously drops frames:4
01-30 16:33:27.759  9901 25915 I 111     :  OptJank - high percentage:0.8
01-30 16:33:29.621  9901 25915 I 111     :  OptJank - continuously drops frames:4
01-30 16:33:29.681  9901 25915 I 111     :  OptJank - continuously drops frames:4
01-30 16:33:29.729  9901 25915 I 111     :  OptJank - continuously drops frames:4
01-30 16:33:29.776  9901 25915 I 111     :  OptJank - continuously drops frames:4
01-30 16:33:29.776  9901 25915 I 111     :  OptJank - high percentage:0.8
01-30 16:33:29.823  9901 25915 I 111     :  OptJank - continuously drops frames:4
01-30 16:34:24.972  1594  1610 I 300     : 135
01-30 16:34:27.198  1594  1786 I 322     : org.stocktwits.android.activity#105#657
01-30 16:34:27.255  9907 27752 I 100     : Open /data/app/~~eLqKUBxV8xGOjqxTEDYg2Q==/com.google.android.gms-8fR8Nzz4FyGCvA4Iaqq3vQ==/base.apk took:62ms
01-30 16:34:33.674  9907 27721 I 110     :  OptJank - total:190 frameGap:480 delta#99#78#8#70#0#11
01-30 16:34:37.420  9907 27721 I 110     :  OptJank - total:116 frameGap:233 delta#0#113#0#112#0#3
01-30 16:34:53.906  9907 27721 I 110     :  OptJank - total:82 frameGap:518 delta#0#68#8#59#1#13
01-30 16:35:03.839  9907 27721 I 110     :  OptJank - total:78 frameGap:800 delta#11#63#3#59#0#3
01-30 16:35:04.525  1594  1786 I 322     : org.stocktwits.android.activity#-1#119
01-30 16:35:07.194  9907 27721 I 111     :  OptJank - continuously drops frames:4
01-30 16:35:17.241  9907 27721 I 110     :  OptJank - total:86 frameGap:86 delta#11#58#3#52#1#24
01-30 16:35:22.038  9907 27721 I 110     :  OptJank - total:112 frameGap:272 delta#11#79#5#74#1#20
01-30 16:35:46.695  5233  8034 I 110     :  OptJank - total:162 frameGap:162 delta#155#4#4#0#0#2
01-30 16:35:53.790  5233  8034 I 110     :  OptJank - total:104 frameGap:104 delta#77#19#6#12#0#6
01-30 16:36:04.430  9907 27721 I 110     :  OptJank - total:95 frameGap:1024 delta#11#77#10#54#2#3
01-30 16:36:34.116  1594  5625 I 300     : 76
01-30 16:38:15.905  1594  1793 I 300     : 108
01-30 16:38:23.661 29937 29964 I 100     : Open /data/user_de/0/com.google.android.gms/app_chimera/m/0000023a/GoogleCertificates.apk took:225ms
01-30 16:38:53.855  5233  8034 I 111     :  OptJank - continuously drops frames:4
01-30 16:38:58.514  5233  8034 I 110     :  OptJank - total:79 frameGap:79 delta#55#20#8#11#0#3
01-30 16:41:03.661  1594  1793 I 300     : 123
01-30 16:41:05.495  5233  8034 I 110     :  OptJank - total:81 frameGap:81 delta#88#5#2#2#0#2
01-30 16:41:08.591  5233  8034 I 110     :  OptJank - total:84 frameGap:91 delta#66#14#10#3#0#2
01-30 16:41:22.947  1594  1793 I 300     : 132
01-30 16:41:23.446  2552  2950 I 110     :  OptJank - total:164 frameGap:164 delta#0#165#0#26#0#1
01-30 16:41:53.292  1594  1793 I 300     : 112
01-30 16:41:53.735  2552  2950 I 110     :  OptJank - total:85 frameGap:85 delta#44#149#10#25#0#3
01-30 16:41:54.286 30916 30916 I 100     : Open /data/app/~~OS3wD0otQ-VQ4d7BElAQXw==/com.google.android.apps.fitness-XmEyQH-DCmp9t0sAypcbqA==/base.apk took:123ms
01-30 16:41:55.678  1594  1786 I 322     : com.oneplus.dialer#185#952
01-30 16:41:57.039  1594  1786 I 322     : com.oneplus.dialer#-1#152
01-30 16:41:58.088  9911 31066 I 110     :  OptJank - total:117 frameGap:237 delta#99#15#8#7#0#1
01-30 16:41:58.397  9911 31066 I 110     :  OptJank - total:270 frameGap:309 delta#266#1#1#0#0#1
01-30 16:42:28.808  1594  1786 I 322     : com.oneplus.dialer#-1#103
01-30 16:42:36.291  2552  2950 I 111     :  OptJank - continuously drops frames:4
01-30 16:42:36.412  2552  2950 I 111     :  OptJank - continuously drops frames:4
01-30 16:42:36.451  2552  2950 I 111     :  OptJank - high percentage:0.5
01-30 16:42:36.872  5348  6775 I 111     :  OptJank - continuously drops frames:4
01-30 16:42:36.917  5348  6775 I 111     :  OptJank - continuously drops frames:4
01-30 16:42:36.961  5348  6775 I 111     :  OptJank - continuously drops frames:4
01-30 16:42:37.601  5348  6775 I 111     :  OptJank - high percentage:0.7
01-30 16:42:39.334  1594  1786 I 322     : com.oneplus.dialer#-1#80
01-30 16:42:41.646  1594  1786 I 322     : com.oneplus.contacts#74#362
01-30 16:42:43.215  1594  1786 I 322     : com.oneplus.dialer#-1#147
01-30 16:43:02.945  1594  1793 I 300     : 138
01-30 16:44:12.039  1594  1793 I 300     : 149
01-30 16:44:18.599  1594  1786 I 322     : com.sennheiser.control#76#1084
01-30 16:44:22.226 32216 32216 I 100     : Open /data/app/~~zuJ9Jjq_gY_x_S-BrF1l_Q==/com.google.android.projection.gearhead-kqEEfFusr8hhefBmhQsjMg==/base.apk took:51ms
01-30 16:44:23.013 32288 32288 I 100     : Open /data/app/~~NM8jTPvHufuEOuNHf0cwQg==/com.sec.android.app.shealth-QMRzWhLJh5sLDxkv1Q9NYA==/base.apk took:91ms
01-30 16:44:45.610  9907  9907 I 309     : package:org.stocktwits.android.activity took:1715 calssname:android.os.Handler callback:com.google.android.gms.ads.omid.library.walking.e@f784858 what:0
01-30 16:56:39.772  1594  1793 I 300     : 845
01-30 16:56:40.486  1594  1786 I 322     : com.oneplus.dialer#-1#297
01-30 16:56:46.792  9911 31066 I 110     :  OptJank - total:91 frameGap:96 delta#66#22#1#20#0#1
01-30 16:56:54.180  1594  3142 I 300     : 242
01-30 16:56:58.140  9911 31066 I 110     :  OptJank - total:549 frameGap:558 delta#533#13#10#3#0#2
01-30 16:57:21.045  1594  3142 I 300     : 212
01-30 17:04:49.210  3279  3279 I 100     : Open /data/app/~~S0C0-UmzniyuHU3WnYaK2g==/com.highstreet.gstar-DFNxaPkQoWAuUvq4ezhxcA==/base.apk took:68ms
01-30 17:04:49.513  3279  3342 I 100     : Open /data/user_de/0/com.google.android.gms/app_chimera/m/0000023c/MeasurementDynamite.apk took:64ms
01-30 17:05:00.146  1594  1793 I 300     : 163
01-30 17:07:30.995  1594  1793 I 300     : 138
01-30 17:07:37.516  9907 27721 I 110     :  OptJank - total:83 frameGap:556 delta#11#65#1#64#0#6
01-30 17:08:03.449  1594  1786 I 322     : com.google.android.googlequicksearchbox#-1#175849
01-30 17:10:22.795  1594  1793 I 300     : 117
01-30 17:11:01.565  9907 27721 I 110     :  OptJank - total:95 frameGap:99 delta#11#73#10#54#4#6
01-30 17:11:10.683  5233  8034 I 110     :  OptJank - total:79 frameGap:85 delta#66#11#5#5#0#1
01-30 17:11:10.938  5233  8034 I 110     :  OptJank - total:88 frameGap:107 delta#0#85#0#82#0#2
01-30 17:11:12.880  5233  8034 I 110     :  OptJank - total:149 frameGap:157 delta#144#2#2#0#0#2
01-30 17:11:13.816  5233  8034 I 110     :  OptJank - total:93 frameGap:101 delta#88#2#2#0#0#1
01-30 17:14:54.086  1594  1793 I 300     : 358
01-30 17:15:06.038  2552  2950 I 111     :  OptJank - continuously drops frames:4
01-30 17:15:10.284 26218 27423 I 110     :  OptJank - total:84 frameGap:109 delta#0#79#0#77#0#4
01-30 17:15:10.376 26218 27423 I 110     :  OptJank - total:92 frameGap:92 delta#66#96#5#87#0#2
01-30 17:15:13.534 26218 27423 I 110     :  OptJank - total:115 frameGap:121 delta#111#2#0#0#0#2
01-30 17:15:55.992  1594  1793 I 300     : 104
01-30 17:15:58.665  1594  1786 I 322     : com.android.settings#-1#434
01-30 17:15:59.564  1594  1786 I 322     : com.android.settings#-1#203
01-30 17:16:02.343  7092  7092 I 100     : Open /data/app/~~BQkggLBJ5ARrvtrPnFYuTA==/com.google.android.apps.wellbeing-0ObH6XdZ-86HDYWdIHEntw==/base.apk took:56ms
01-30 17:16:05.410  7234  7234 I 309     : package:com.google.android.projection.gearhead took:1015 calssname:android.app.ActivityThread$H callback:null what:110
01-30 17:16:07.369  5233  8034 I 110     :  OptJank - total:138 frameGap:145 delta#133#2#0#1#0#2
01-30 17:16:07.822  1594  1786 I 322     : com.spotify.music#-1#140
01-30 17:16:24.942  5148  5864 I 110     :  OptJank - total:79 frameGap:474 delta#66#7#1#5#0#4
01-30 17:16:25.039  5148  5864 I 110     :  OptJank - total:96 frameGap:96 delta#83#12#9#1#0#2
01-30 17:16:35.077  9907  9907 I 309     : package:org.stocktwits.android.activity took:2052 calssname:android.os.Handler callback:com.google.android.gms.ads.omid.library.walking.e@f784858 what:0
01-30 17:17:04.766  1594  1786 I 322     : com.spotify.music#-1#76
01-30 17:17:07.127  9907  9907 I 309     : package:org.stocktwits.android.activity took:2064 calssname:android.os.Handler callback:com.google.android.gms.ads.omid.library.walking.e@f784858 what:0
01-30 17:17:45.965  1594  1793 I 300     : 116
01-30 17:17:54.315 26218 27423 I 110     :  OptJank - total:236 frameGap:284 delta#222#11#6#4#0#2
01-30 17:17:54.447 26218 27423 I 110     :  OptJank - total:111 frameGap:122 delta#0#109#7#70#0#2
01-30 17:21:15.022  1594  1793 I 300     : 419
01-30 17:21:21.367  1594  1786 I 322     : com.spotify.music#-1#63
01-30 17:21:36.469  5233  8034 I 110     :  OptJank - total:97 frameGap:127 delta#0#95#5#89#0#1
01-30 17:21:37.370  9917  9917 I 100     : Open /data/app/~~DfJA8-BjDwaRFzujX1Rd3g==/com.reddit.frontpage-IPuNMnqKSRdNXwKYDfgyhA==/base.apk took:63ms
01-30 17:21:38.670  5233  8034 I 110     :  OptJank - total:103 frameGap:110 delta#0#100#0#96#0#3
01-30 17:22:19.320  1594  2278 I 300     : 135
01-30 17:22:47.592  1594  1793 I 300     : 64
01-30 17:22:58.629  9907 27721 I 110     :  OptJank - total:96 frameGap:697 delta#11#78#8#69#0#6
01-30 17:23:48.357  2552  2950 I 110     :  OptJank - total:85 frameGap:1328 delta#55#13#6#6#0#15
01-30 17:23:52.336  2552  2950 I 110     :  OptJank - total:120 frameGap:2863 delta#99#17#9#8#0#3
01-30 17:39:27.119  2552  2950 I 110     :  OptJank - total:118 frameGap:2872 delta#111#3#2#1#0#3
01-30 17:42:08.736  1594  1793 I 300     : 137
01-30 17:42:09.185  2552  2950 I 110     :  OptJank - total:114 frameGap:114 delta#11#171#3#38#0#1
01-30 17:50:17.825  2552  2950 I 110     :  OptJank - total:184 frameGap:2938 delta#155#17#0#16#0#11
01-30 17:50:39.379  2552  2950 I 110     :  OptJank - total:82 frameGap:2355 delta#33#39#5#33#1#8
01-30 17:50:44.427  2552  2950 I 110     :  OptJank - total:115 frameGap:115 delta#77#31#0#30#0#10
01-30 17:52:11.579  2552  2950 I 110     :  OptJank - total:146 frameGap:2908 delta#122#13#3#10#0#9
01-30 17:53:45.880  2552  2950 I 110     :  OptJank - total:129 frameGap:2895 delta#88#31#8#22#0#8
01-30 17:56:46.160  2552  2950 I 110     :  OptJank - total:95 frameGap:2863 delta#44#40#5#34#0#9
01-30 18:02:07.539  2552  2950 I 110     :  OptJank - total:157 frameGap:2913 delta#133#20#9#11#0#4
01-30 18:04:07.389  2552  2950 I 110     :  OptJank - total:111 frameGap:2851 delta#99#6#0#6#0#4
01-30 18:04:29.917  2552  2950 I 110     :  OptJank - total:80 frameGap:2050 delta#55#18#1#16#0#6
01-30 18:04:32.919  2552  2950 I 110     :  OptJank - total:104 frameGap:2837 delta#66#28#9#18#0#8
01-30 18:04:36.593  2552  2950 I 110     :  OptJank - total:182 frameGap:2971 delta#166#12#4#7#0#3
01-30 18:04:39.918  2552  2950 I 110     :  OptJank - total:116 frameGap:2908 delta#66#28#6#21#0#20
01-30 18:12:29.760  2552  2950 I 110     :  OptJank - total:86 frameGap:2829 delta#55#28#7#20#0#2
01-30 18:12:33.053  2552  2950 I 110     :  OptJank - total:152 frameGap:2952 delta#111#16#2#13#0#24
01-30 18:12:54.443  2552  2950 I 110     :  OptJank - total:154 frameGap:785 delta#111#33#1#30#0#9
01-30 18:12:56.170  2552  2950 I 110     :  OptJank - total:196 frameGap:1573 delta#155#30#7#22#0#9
01-30 18:12:59.353  2552  2950 I 110     :  OptJank - total:109 frameGap:2240 delta#66#36#10#25#0#5
01-30 18:13:03.766  2552  2950 I 110     :  OptJank - total:127 frameGap:3727 delta#77#39#10#29#0#8
01-30 18:14:14.389  2552  2950 I 110     :  OptJank - total:95 frameGap:983 delta#66#19#10#8#1#8
01-30 18:14:14.502  2552  2950 I 111     :  OptJank - continuously drops frames:4
01-30 18:14:17.445  2552  2950 I 110     :  OptJank - total:165 frameGap:2906 delta#133#21#8#13#0#9
01-30 18:17:14.509  2552  2950 I 110     :  OptJank - total:180 frameGap:2953 delta#155#15#1#13#0#8
01-30 18:17:18.151  2552  2950 I 110     :  OptJank - total:176 frameGap:2987 delta#144#27#9#17#0#3
01-30 18:23:22.606  2552  2950 I 110     :  OptJank - total:184 frameGap:2843 delta#122#46#8#38#0#14
01-30 18:23:54.689  2552  2950 I 110     :  OptJank - total:138 frameGap:2889 delta#99#22#9#12#0#14
01-30 18:23:57.579  2552  2950 I 110     :  OptJank - total:101 frameGap:1164 delta#44#45#8#36#0#10
01-30 18:24:01.524  2552  2950 I 110     :  OptJank - total:137 frameGap:1452 delta#111#16#3#12#0#8
01-30 18:24:12.477  2552  2950 I 110     :  OptJank - total:89 frameGap:1598 delta#55#24#3#20#0#8
01-30 18:24:15.518  2552  2950 I 110     :  OptJank - total:128 frameGap:2884 delta#111#13#4#9#0#3
01-30 18:24:25.325  2552  2950 I 110     :  OptJank - total:109 frameGap:3895 delta#55#47#1#45#0#5
01-30 18:24:28.318  2552  2950 I 110     :  OptJank - total:119 frameGap:2843 delta#77#22#10#12#0#18
01-30 18:24:59.898  2552  2950 I 110     :  OptJank - total:83 frameGap:2345 delta#55#22#3#18#0#5
01-30 18:25:02.925  2552  2950 I 110     :  OptJank - total:120 frameGap:2879 delta#66#42#10#31#0#10
01-30 18:25:23.837  2552  2950 I 110     :  OptJank - total:112 frameGap:1780 delta#99#8#2#5#0#4
01-30 18:27:35.307  2552  2950 I 110     :  OptJank - total:130 frameGap:1285 delta#111#15#8#7#0#3
01-30 18:28:16.373  2552  2950 I 110     :  OptJank - total:90 frameGap:1118 delta#55#26#2#23#0#8
01-30 18:28:19.361  2552  2950 I 110     :  OptJank - total:92 frameGap:2845 delta#66#13#4#9#0#10
01-30 18:32:57.421  2552  2950 I 110     :  OptJank - total:146 frameGap:2799 delta#99#37#10#26#0#8
01-30 18:32:59.727  1594  2278 I 300     : 124
01-30 18:33:00.013  2552  2950 I 111     :  OptJank - continuously drops frames:4
01-30 18:39:08.465 12858 12858 I 100     : Open /data/app/~~qXBTrNhqiTIC01L49pccTw==/tv.twitch.android.app-UGyZqhLIEoC96wdG-yY-sA==/base.apk took:156ms
01-30 18:39:09.520 12858 12858 I 309     : package:tv.twitch.android.app took:1253 calssname:android.app.ActivityThread$H callback:null what:110
01-30 18:39:10.474 13065 13065 I 100     : Open /data/app/~~jst1WpLsvBGUIFnFpQcR3w==/com.instagram.android-P9v4eBL77IjmXfnaRBIkpw==/base.apk took:117ms
01-30 18:39:11.740 13065 13065 I 309     : package:com.instagram.android took:1425 calssname:android.app.ActivityThread$H callback:null what:110
01-30 18:39:11.971 13220 13220 I 100     : Open /data/app/~~jst1WpLsvBGUIFnFpQcR3w==/com.instagram.android-P9v4eBL77IjmXfnaRBIkpw==/base.apk took:61ms
01-30 19:00:25.479  1594  1793 I 300     : 212
01-30 19:01:48.406  1594  1793 I 300     : 165
01-30 19:01:53.302  1594  2298 I 101     : #466
01-30 19:02:29.353  1594  1793 I 300     : 144
01-30 19:02:35.708 26218 27423 I 110     :  OptJank - total:90 frameGap:95 delta#0#87#0#71#0#2
01-30 19:06:05.822  1594  1793 I 300     : 142
01-30 19:06:21.804 15363 15363 I 100     : Open /data/app/~~g3sYkavRe9ZkhlqTztwM0Q==/se.aftonbladet.start-cdaZZIWiZ1IpbZ2JzldxZg==/base.apk took:108ms
01-30 19:06:22.997 15363 15363 I 309     : package:se.aftonbladet.start took:1340 calssname:android.app.ActivityThread$H callback:null what:110
01-30 19:06:32.264  9907 27721 I 111     :  OptJank - continuously drops frames:4
01-30 19:08:04.950  1594  1793 I 300     : 147
01-30 19:08:06.322  9907 27721 I 110     :  OptJank - total:90 frameGap:987 delta#0#86#84#1#0#4
01-30 19:08:08.956  9907 27721 I 111     :  OptJank - continuously drops frames:4
01-30 19:08:49.464  1594  1793 I 300     : 57
01-30 19:08:59.448  1594  1793 I 300     : 118
01-30 19:09:28.732  1594  1793 I 300     : 108
01-30 19:10:14.800  1594  1793 I 300     : 106
01-30 19:10:29.546  1594  1786 I 322     : org.dayup.stocks#-1#232
01-30 19:10:31.510  9901 25915 I 111     :  OptJank - continuously drops frames:4
01-30 19:10:31.988  9901 25915 I 111     :  OptJank - continuously drops frames:4
01-30 19:10:32.064  9901 25915 I 111     :  OptJank - continuously drops frames:4
01-30 19:10:32.121  9901 25915 I 111     :  OptJank - high percentage:0.55
01-30 19:10:32.156  9901 25915 I 111     :  OptJank - continuously drops frames:4
01-30 19:10:32.611  9901 25915 I 111     :  OptJank - high percentage:0.45
01-30 19:10:32.647  9901 25915 I 111     :  OptJank - continuously drops frames:4
01-30 19:10:32.699  9901 25915 I 111     :  OptJank - continuously drops frames:4
01-30 19:10:32.853  9901 25915 I 111     :  OptJank - continuously drops frames:4
01-30 19:10:32.896  9901 25915 I 111     :  OptJank - high percentage:0.75
01-30 19:10:33.214  9901 25915 I 111     :  OptJank - continuously drops frames:4
01-30 19:10:33.257  9901 25915 I 111     :  OptJank - continuously drops frames:4
01-30 19:10:33.314  9901 25915 I 111     :  OptJank - continuously drops frames:4
01-30 19:10:33.347  9901 25915 I 111     :  OptJank - high percentage:0.85
01-30 19:10:33.357  9901 25915 I 111     :  OptJank - continuously drops frames:4
01-30 19:10:33.485  9901 25915 I 111     :  OptJank - continuously drops frames:4
01-30 19:10:33.624  9901 25915 I 111     :  OptJank - high percentage:0.5
01-30 19:10:33.737  9901 25915 I 111     :  OptJank - continuously drops frames:4
01-30 19:10:33.848  9901 25915 I 111     :  OptJank - continuously drops frames:4
01-30 19:10:33.848  9901 25915 I 111     :  OptJank - high percentage:0.75
01-30 19:10:33.892  9901 25915 I 111     :  OptJank - continuously drops frames:4
01-30 19:10:33.937  9901 25915 I 111     :  OptJank - continuously drops frames:4
01-30 19:10:33.982  9901 25915 I 111     :  OptJank - continuously drops frames:4
01-30 19:10:34.072  9901 25915 I 111     :  OptJank - high percentage:0.9
01-30 19:10:34.084  9901 25915 I 111     :  OptJank - continuously drops frames:4
01-30 19:10:34.126  9901 25915 I 111     :  OptJank - continuously drops frames:4
01-30 19:10:34.240  9901 25915 I 111     :  OptJank - continuously drops frames:4
01-30 19:10:34.332  9901 25915 I 111     :  OptJank - high percentage:0.6
01-30 19:10:34.561  9901 25915 I 111     :  OptJank - continuously drops frames:4
01-30 19:10:34.606  9901 25915 I 111     :  OptJank - continuously drops frames:4
01-30 19:10:42.191 17560 17560 I 100     : Open /data/app/~~Xl6FPEINleqMaSZv0n5UCA==/com.facebook.katana-jSFAQ1yF_HYAusH2KfI5-A==/base.apk took:206ms
01-30 19:10:49.979 17814 17814 I 100     : Open /data/app/~~JBCudjmIy9Gc1GgJEtV4hA==/com.facebook.orca-UYXmqEU5FfuhbgO7WyXuqw==/base.apk took:133ms
01-30 19:10:58.330  1594  1786 I 322     : com.vanced.android.youtube#147#951
01-30 19:10:58.949 18175 18175 I 100     : Open /data/app/~~6VxE2pKv1Kn9QH2c6D2M2g==/com.google.android.youtube-K0Fel0XD50iOX-OnEJm3Kg==/base.apk took:63ms
01-30 19:11:00.091 18175 18175 I 309     : package:com.google.android.youtube took:1246 calssname:android.app.ActivityThread$H callback:null what:110
01-30 19:11:01.112 18428 18428 I 100     : Open /data/app/~~Oxzb494_s_KfiWl-hoSA0w==/com.android.chrome-AKx1YVV-eCc8YWLgePKNSw==/base.apk took:56ms
01-30 19:11:02.214 18524 18524 I 100     : Open /data/app/~~LIm8_q_LoUmMeTqfyvmQQA==/com.google.android.apps.docs-ErLsuBzan5ixwZl0SfD17Q==/base.apk took:62ms
01-30 19:11:03.532 18635 18635 I 100     : Open /data/app/~~MTHe8NtN5lss575905UpRQ==/com.google.android.apps.maps-KZeEFadCC4yIP0bseNISmg==/base.apk took:207ms
01-30 19:11:04.589 18635 18635 I 309     : package:com.google.android.apps.maps took:1344 calssname:android.app.ActivityThread$H callback:null what:110
01-30 19:11:05.646 18765 18765 I 100     : Open /data/app/~~7uS2jj4UQU-Zog-nYrP27w==/com.google.android.apps.photos-klfleeP3BK-_jftUwoQPTw==/base.apk took:240ms
01-30 19:11:06.087 18635 18725 I 100     : Open /data/user_de/0/com.google.android.gms/app_chimera/m/00000237/DynamiteLoader.apk took:168ms
01-30 19:11:06.492 18524 18594 I 100     : Open /data/app/~~eLqKUBxV8xGOjqxTEDYg2Q==/com.google.android.gms-8fR8Nzz4FyGCvA4Iaqq3vQ==/base.apk took:116ms
01-30 19:11:06.821 18844 18844 I 100     : Open /data/app/~~QkbRe_-dFpUJhDUHM1fYXw==/com.google.android.apps.tachyon-2sDDHhyn50quhtZ2Cm7SZQ==/base.apk took:75ms
01-30 19:11:07.540 18844 18911 I 100     : Open /data/user_de/0/com.google.android.gms/app_chimera/m/0000023a/GoogleCertificates.apk took:52ms
01-30 19:11:07.542 18919 18919 I 100     : Open /data/app/~~IOlgULtWCgy8QQokbjuN0g==/com.google.android.apps.walletnfcrel-wRjjDKt2q98HP11WejU0iA==/base.apk took:76ms
01-30 19:11:08.431 18993 18993 I 100     : Open /data/app/~~VFX55u2nU2guBjSKrorEgw==/com.google.android.gm-zBGtFI1AtStoaTHitG6W3Q==/base.apk took:124ms
01-30 19:11:10.893 19270 19270 I 100     : Open /data/app/~~rJk0fx8YqxRf8KbzPAieAw==/com.oneplus.brickmode-qB2VQpdqOW_E-bYyLI9URA==/base.apk took:59ms
01-30 19:11:11.256 19307 19307 I 100     : Open /data/app/~~TkRBos4lYa2309BKdUevpA==/com.avast.android.cleaner-iHcE8-qC0idATImz8vNqIQ==/base.apk took:53ms
01-30 19:11:12.134 19414 19414 I 100     : Open /data/app/~~Rmn9OGN-k_ogSSrJVrFlUA==/com.google.android.apps.chromecast.app-uZmVmCPEP5dTvV3KMvVsAA==/base.apk took:60ms
01-30 19:11:13.818 19520 19520 I 100     : Open /data/app/~~qesYql9gT46R3Y-3gg7efg==/com.google.android.apps.playconsole-TTHoSLanjxkvGfajxrPK1w==/base.apk took:56ms
01-30 19:11:15.308 19641 19641 I 100     : Open /data/app/~~NM8jTPvHufuEOuNHf0cwQg==/com.sec.android.app.shealth-QMRzWhLJh5sLDxkv1Q9NYA==/base.apk took:146ms
01-30 19:11:16.075 19689 19689 I 100     : Open /data/app/com.vanced.android.apps.youtube.music-IeCmCELMjFV9j4NoZRloWA==/base.apk took:76ms
01-30 19:11:30.791 20157 20157 I 100     : Open /data/app/~~MAz5ruwfnbE9DAwLRNCHVA==/com.google.android.googlequicksearchbox-lN55XJiRdBeu9fZzBylQgg==/base.apk took:145ms
01-30 19:11:31.329  5725  5725 I 309     : package:com.android.vending took:7661 calssname:android.os.AsyncTask$InternalHandler callback:null what:1
01-30 19:11:44.846 20284 20284 I 100     : Open /data/app/~~7l62xwTPfgFZBkSUOsTjtw==/com.zhiliaoapp.musically-l5zSB5JzSZ2nbwCxY6YbRw==/base.apk took:138ms
01-30 19:11:45.474 20284 20339 I 100     : Open /data/app/~~Wee-Tpqq0F2CcaJ5GFfqIw==/com.google.android.trichromelibrary_466410434-YKo7rJvaO82CBRmCYGzZ7A==/base.apk took:104ms
01-30 19:12:05.769  9921 18071 I 110     :  OptJank - total:75 frameGap:75 delta#22#4#3#0#0#75
01-30 19:12:08.247  1594  1604 I 101     : #190
01-30 19:14:59.314  1594  1793 I 300     : 207
01-30 19:15:01.648  1594  1786 I 322     : com.oneplus.dialer#-1#912
01-30 19:15:05.127 20886 21182 I 110     :  OptJank - total:103 frameGap:107 delta#77#22#9#13#1#1
01-30 19:15:06.081 20886 21182 I 110     :  OptJank - total:109 frameGap:463 delta#99#7#2#5#0#1
01-30 19:15:18.660  1594  6046 I 300     : 309
01-30 19:19:07.425 21551 21551 I 100     : Open /data/app/~~GYkofKWBsR_P2jasPbU0MA==/com.google.android.calendar-leN8rnq7AmOwqjvjyh_IvQ==/base.apk took:51ms
01-30 19:19:13.000 21679 21679 I 100     : Open /data/app/~~XGE_hYZDTdSGS3vEsGXStA==/com.azure.authenticator-t35CVKZ1y24Jkw0By871kg==/base.apk took:142ms
01-30 19:19:13.902 21679 21679 I 309     : package:com.azure.authenticator took:1423 calssname:android.app.ActivityThread$H callback:null what:110
01-30 19:19:45.852  1594  1793 I 300     : 189
01-30 19:19:48.192  2552  2950 I 111     :  OptJank - continuously drops frames:4
01-30 19:19:48.243  2552  2950 I 111     :  OptJank - continuously drops frames:4
01-30 19:19:48.293  2552  2950 I 111     :  OptJank - continuously drops frames:4
01-30 19:19:48.335  2552  2950 I 111     :  OptJank - continuously drops frames:4
01-30 19:19:48.365  2552  2950 I 111     :  OptJank - high percentage:0.9
01-30 19:19:58.647  2552  2950 I 110     :  OptJank - total:115 frameGap:115 delta#133#10#3#6#0#2
01-30 19:19:59.218  9921  9921 I 309     : package:com.vanced.android.youtube took:1015 calssname:android.app.ActivityThread$H callback:null what:159
01-30 19:20:01.478  1594  1786 I 322     : com.oneplus.mms#-1#133
01-30 19:20:35.899 22833 22833 I 100     : Open /system/system_ext/app/QTIDiagServices/QTIDiagServices.apk took:77ms
01-30 19:23:09.277  1594  1793 I 300     : 283
01-30 19:23:11.156  2552  2950 I 111     :  OptJank - continuously drops frames:4
01-30 19:23:11.213  2552  2950 I 111     :  OptJank - continuously drops frames:4
01-30 19:23:11.257  2552  2950 I 111     :  OptJank - continuously drops frames:4
01-30 19:23:11.305  2552  2950 I 111     :  OptJank - continuously drops frames:4
01-30 19:23:11.341  2552  2950 I 111     :  OptJank - high percentage:0.95
01-30 19:23:11.351  2552  2950 I 111     :  OptJank - continuously drops frames:4
01-30 19:24:11.738  9895 20956 I 101     : #263
01-30 19:45:05.816 23874 23874 I 100     : Open /data/app/~~njhaFv0M3CN_Rz_S44SZaA==/com.microsoft.teams-28_KpgbdelsKz-xvdGA5wg==/base.apk took:71ms
01-30 19:50:30.253 24148 24148 I 100     : Open /data/app/~~_tieylodMdoWQzhs6D53nA==/com.northpark.drinkwater-TT0ndyfTSOVoWW11UHjEoQ==/base.apk took:51ms
01-30 19:54:22.658  1594  1793 I 300     : 191
01-30 19:54:25.376  1594  1793 I 300     : 198
01-30 19:55:23.186  1594  1793 I 300     : 144
01-30 19:56:12.001  1594  1793 I 300     : 154
01-30 19:56:14.650 24940 24940 I 100     : Open /data/app/~~D4c99ZobKyJiTLGdXsoLgQ==/se.tv4.tv4playtab-113-jzGcyM9s4ZlKVJExcA==/base.apk took:135ms
01-30 19:56:15.022 26218 27423 I 110     :  OptJank - total:181 frameGap:181 delta#0#187#3#177#0#2
01-30 19:56:15.920 24940 24940 I 309     : package:se.tv4.tv4playtab took:1452 calssname:android.app.ActivityThread$H callback:null what:110
01-30 19:56:16.317  1594  2278 I 106     : System spent 223.5ms processing the last key event: KeyEvent#4
01-30 19:56:16.320  1594  2278 I 106     : System spent 227.4ms processing the last key event: KeyEvent#4
