01-31 13:36:51.390  1594  1721 I OHPD    : [BgDetect]chkExcessCpu level: 1 doKills: true critical false uptime: 300131
01-31 13:36:51.391  1594  1721 I OHPD    : isIsolated process: app.uid:99272,app.info.uid:10326, app.processName:com.google.android.webview:sandboxed_process0:org.chromium.content.app.SandboxedProcessService0:0
01-31 13:36:51.392  1594  1721 I OHPD    : isIsolated process: app.uid:99233,app.info.uid:10572, app.processName:com.google.android.webview:sandboxed_process0:org.chromium.content.app.SandboxedProcessService0:0
01-31 13:36:51.393  1594  1721 I OHPD    : isIsolated process: app.uid:99332,app.info.uid:10234, app.processName:com.google.android.webview:sandboxed_process0:org.chromium.content.app.SandboxedProcessService0:0
01-31 13:36:57.375  1594  1718 I FastCharge: read mChargeType = 0
01-31 13:36:58.286  1594  2266 V AlarmManager: Triggering alarm #0: 3 when =82961285 package =android operation = null listenTag =*job.delay* flags =0x0
01-31 13:37:00.000  1594  2266 V AlarmManager: Triggering alarm #0: 3 when =82963001 package =android operation = null listenTag =TIME_TICK flags =0x1
01-31 13:37:00.219  1594  2266 V AlarmManager: Triggering alarm #0: 2 when =82963218 package =com.mgoogle.android.gms operation =*walarm*:org.microg.gms.gcm.mcs.HEARTBEAT flags =0x9
01-31 13:37:01.347 22672 22672 W ContextImpl: Calling a method in the system process without a qualified user: android.app.ContextImpl.sendBroadcast:1122 android.content.ContextWrapper.sendBroadcast:468 com.oneplus.security.SecureService$NetworkChangeReceive.onReceive:257 android.app.LoadedApk$ReceiverDispatcher$Args.lambda$getRunnable$0$LoadedApk$ReceiverDispatcher$Args:1566 android.app.-$$Lambda$LoadedApk$ReceiverDispatcher$Args$_BumDX2UKsnxLVrE6UJsJZkotuA.run:2 
01-31 13:37:01.351 22672 22672 W ContextImpl: Calling a method in the system process without a qualified user: android.app.ContextImpl.sendBroadcast:1122 android.content.ContextWrapper.sendBroadcast:468 com.oneplus.security.SecureService$NetworkChangeReceive.onReceive:257 android.app.LoadedApk$ReceiverDispatcher$Args.lambda$getRunnable$0$LoadedApk$ReceiverDispatcher$Args:1566 android.app.-$$Lambda$LoadedApk$ReceiverDispatcher$Args$_BumDX2UKsnxLVrE6UJsJZkotuA.run:2 
01-31 13:37:01.358  1594  2356 D OpWifiServiceImpl: handleLinkPropertiesChanged gatewayIp : 100.95.90.172 , ifname : rmnet_data3
01-31 13:37:02.124  1594  3224 D ConnectivityService: requestNetwork for uid/pid:10246/31772 NetworkRequest [ TRACK_DEFAULT id=3093, [ Capabilities: INTERNET&NOT_RESTRICTED&TRUSTED Uid: 10246 AdministratorUids: [] RequestorUid: 10246 RequestorPackageName: com.Slack] ]
01-31 13:37:02.125  1594  2356 D ConnectivityService: NetReassign [3093 : null  121]
01-31 13:37:02.136  1594  2356 D ConnectivityService: releasing NetworkRequest [ TRACK_DEFAULT id=3093, [ Capabilities: INTERNET&NOT_RESTRICTED&TRUSTED Uid: 10246 AdministratorUids: [] RequestorUid: 10246 RequestorPackageName: com.Slack] ] (release request)
01-31 13:37:02.170  1594  3024 D OPBF    : setCGroupState():tofreeze=false, uid:10469 pkg:com.twitter.android --->>> ok reason:bindservice as server add connection = AppBindRecord{ba61c2d com.twitter.android/androidx.work.impl.background.systemjob.SystemJobService:system}
01-31 13:37:02.180  1594  3491 D ConnectivityService: requestNetwork for uid/pid:10469/31611 NetworkRequest [ TRACK_DEFAULT id=3094, [ Capabilities: INTERNET&NOT_RESTRICTED&TRUSTED Uid: 10469 AdministratorUids: [] RequestorUid: 10469 RequestorPackageName: com.twitter.android] ]
01-31 13:37:02.182  1594  2356 D ConnectivityService: NetReassign [3094 : null  121]
01-31 13:37:02.220  1594  2356 D ConnectivityService: releasing NetworkRequest [ TRACK_DEFAULT id=3094, [ Capabilities: INTERNET&NOT_RESTRICTED&TRUSTED Uid: 10469 AdministratorUids: [] RequestorUid: 10469 RequestorPackageName: com.twitter.android] ] (release request)
01-31 13:37:03.756  1594  1718 I FastCharge: read mChargeType = 0
01-31 13:37:03.761  2463  2463 W ContextImpl: Calling a method in the system process without a qualified user: android.app.ContextImpl.sendBroadcast:1122 android.content.ContextWrapper.sendBroadcast:468 com.oneplus.coreservice.BroadcastDispatch.xne$mab.onReceive:122 android.app.LoadedApk$ReceiverDispatcher$Args.lambda$getRunnable$0$LoadedApk$ReceiverDispatcher$Args:1566 android.app.-$$Lambda$LoadedApk$ReceiverDispatcher$Args$_BumDX2UKsnxLVrE6UJsJZkotuA.run:2 
01-31 13:37:06.202  1594  2266 V AlarmManager: Triggering alarm #0: 1 when =1643632626201 package =android operation =*alarm*:com.oneplus.android.screenOffCheckProcessState flags =0x9
01-31 13:37:06.600  1594  2266 V AlarmManager: Triggering alarm #0: 3 when =82969601 package =android operation = null listenTag =*job.delay* flags =0x0
01-31 13:37:10.795  1594  1718 I FastCharge: read mChargeType = 0
01-31 13:37:10.800  2463  2463 W ContextImpl: Calling a method in the system process without a qualified user: android.app.ContextImpl.sendBroadcast:1122 android.content.ContextWrapper.sendBroadcast:468 com.oneplus.coreservice.BroadcastDispatch.xne$mab.onReceive:122 android.app.LoadedApk$ReceiverDispatcher$Args.lambda$getRunnable$0$LoadedApk$ReceiverDispatcher$Args:1566 android.app.-$$Lambda$LoadedApk$ReceiverDispatcher$Args$_BumDX2UKsnxLVrE6UJsJZkotuA.run:2 
01-31 13:37:11.137  1594  3024 D OPBF    : setCGroupState():tofreeze=false, uid:10326 pkg:se.aftonbladet.start --->>> ok reason:bindservice as server add connection = AppBindRecord{940221a se.aftonbladet.start/androidx.work.impl.background.systemjob.SystemJobService:system}
01-31 13:37:11.143  1594  3024 D OPBF    : setCGroupState():tofreeze=false, uid:99272 pkg:se.aftonbladet.start --->>> ok reason:notifyIsolatedUids boundUid thawed cause by uid/pid:10326
01-31 13:37:17.838  1594  1718 I FastCharge: read mChargeType = 0
01-31 13:37:17.844  2463  2463 W ContextImpl: Calling a method in the system process without a qualified user: android.app.ContextImpl.sendBroadcast:1122 android.content.ContextWrapper.sendBroadcast:468 com.oneplus.coreservice.BroadcastDispatch.xne$mab.onReceive:122 android.app.LoadedApk$ReceiverDispatcher$Args.lambda$getRunnable$0$LoadedApk$ReceiverDispatcher$Args:1566 android.app.-$$Lambda$LoadedApk$ReceiverDispatcher$Args$_BumDX2UKsnxLVrE6UJsJZkotuA.run:2 
01-31 13:37:21.396  1594  1594 W NotificationHistory: Attempted to add notif for locked/gone/disabled user 0
01-31 13:37:22.499  1594  1718 I FastCharge: read mChargeType = 0
01-31 13:37:22.508  2463  2463 W ContextImpl: Calling a method in the system process without a qualified user: android.app.ContextImpl.sendBroadcast:1122 android.content.ContextWrapper.sendBroadcast:468 com.oneplus.coreservice.BroadcastDispatch.xne$mab.onReceive:122 android.app.LoadedApk$ReceiverDispatcher$Args.lambda$getRunnable$0$LoadedApk$ReceiverDispatcher$Args:1566 android.app.-$$Lambda$LoadedApk$ReceiverDispatcher$Args$_BumDX2UKsnxLVrE6UJsJZkotuA.run:2 
01-31 13:37:24.872  1594  1718 I FastCharge: read mChargeType = 0
01-31 13:37:24.875  2463  2463 W ContextImpl: Calling a method in the system process without a qualified user: android.app.ContextImpl.sendBroadcast:1122 android.content.ContextWrapper.sendBroadcast:468 com.oneplus.coreservice.BroadcastDispatch.xne$mab.onReceive:122 android.app.LoadedApk$ReceiverDispatcher$Args.lambda$getRunnable$0$LoadedApk$ReceiverDispatcher$Args:1566 android.app.-$$Lambda$LoadedApk$ReceiverDispatcher$Args$_BumDX2UKsnxLVrE6UJsJZkotuA.run:2 
01-31 13:37:31.387  1594  2266 V AlarmManager: Triggering alarm #0: 2 when =82989842 package =com.instagram.android operation =*walarm*:action_batch_upload flags =0x0
01-31 13:37:31.387  1594  2266 V AlarmManager: Triggering alarm #1: 2 when =82994388 package =com.google.android.gms operation =*walarm*:com.google.android.location.ALARM_WAKEUP_ACTIVITY_DETECTION flags =0x0
01-31 13:37:31.387  1594  2266 V AlarmManager: Triggering alarm #2: 3 when =82994114 package =android operation = null listenTag =*job.delay* flags =0x0
01-31 13:37:31.446  1594  3024 D OPBF    : setCGroupState():tofreeze=false, uid:10043 pkg:com.instagram.android --->>> ok reason:start perform hasTimeout broadcast for action = action_batch_upload
01-31 13:37:31.557  1594  3491 W AppOps  : Noting op not finished: uid 10203 pkg com.google.android.gms code 79 startTime of in progress event=1643632131521
01-31 13:37:31.597  1594  3224 W AppOps  : Noting op not finished: uid 10203 pkg com.google.android.gms code 79 startTime of in progress event=1643632131521
01-31 13:37:31.612  1594  3224 W AppOps  : Noting op not finished: uid 10480 pkg com.google.android.apps.fitness code 79 startTime of in progress event=1643632042816
01-31 13:37:31.614  1594  3224 I chatty  : uid=1000(system) Binder:1594_E identical 3 lines
01-31 13:37:31.615  1594  3224 W AppOps  : Noting op not finished: uid 10480 pkg com.google.android.apps.fitness code 79 startTime of in progress event=1643632042816
01-31 13:37:31.920  1594  1718 I FastCharge: read mChargeType = 0
01-31 13:37:32.257  1594  3024 D OPBF    : setCGroupState():tofreeze=true, uid:10469 pkg:com.twitter.android --->>> ok reason:serviceDoneExecuting = com.twitter.android/androidx.work.impl.background.systemjob.SystemJobService
01-31 13:37:32.327  1594  3491 W BluetoothManagerService: registerAdapter, callback: android.bluetooth.IBluetoothManagerCallback$Stub$Proxy@1ce23d7
01-31 13:37:34.285  1594  3024 D OPBF    : setCGroupState():tofreeze=false, uid:10469 pkg:com.twitter.android --->>> ok reason:TransBinder
01-31 13:37:38.957  1594  1718 I FastCharge: read mChargeType = 0
01-31 13:37:38.961  2463  2463 W ContextImpl: Calling a method in the system process without a qualified user: android.app.ContextImpl.sendBroadcast:1122 android.content.ContextWrapper.sendBroadcast:468 com.oneplus.coreservice.BroadcastDispatch.xne$mab.onReceive:122 android.app.LoadedApk$ReceiverDispatcher$Args.lambda$getRunnable$0$LoadedApk$ReceiverDispatcher$Args:1566 android.app.-$$Lambda$LoadedApk$ReceiverDispatcher$Args$_BumDX2UKsnxLVrE6UJsJZkotuA.run:2 
01-31 13:37:41.919  1594  3024 D OPBF    : setCGroupState():tofreeze=true, uid:10326 pkg:se.aftonbladet.start --->>> ok reason:serviceDoneExecuting = se.aftonbladet.start/androidx.work.impl.background.systemjob.SystemJobService
01-31 13:37:45.354  1594  1718 I FastCharge: read mChargeType = 0
01-31 13:37:45.358  2463  2463 W ContextImpl: Calling a method in the system process without a qualified user: android.app.ContextImpl.sendBroadcast:1122 android.content.ContextWrapper.sendBroadcast:468 com.oneplus.coreservice.BroadcastDispatch.xne$mab.onReceive:122 android.app.LoadedApk$ReceiverDispatcher$Args.lambda$getRunnable$0$LoadedApk$ReceiverDispatcher$Args:1566 android.app.-$$Lambda$LoadedApk$ReceiverDispatcher$Args$_BumDX2UKsnxLVrE6UJsJZkotuA.run:2 
01-31 13:37:51.759  1594  1718 I FastCharge: read mChargeType = 0
01-31 13:37:51.763  2463  2463 W ContextImpl: Calling a method in the system process without a qualified user: android.app.ContextImpl.sendBroadcast:1122 android.content.ContextWrapper.sendBroadcast:468 com.oneplus.coreservice.BroadcastDispatch.xne$mab.onReceive:122 android.app.LoadedApk$ReceiverDispatcher$Args.lambda$getRunnable$0$LoadedApk$ReceiverDispatcher$Args:1566 android.app.-$$Lambda$LoadedApk$ReceiverDispatcher$Args$_BumDX2UKsnxLVrE6UJsJZkotuA.run:2 
01-31 13:37:53.007  1594  1739 D KernelCpuUidUserSysTimeReader: Removing uids 99331-99331
01-31 13:37:58.797  1594  1718 I FastCharge: read mChargeType = 0
01-31 13:37:58.803  2463  2463 W ContextImpl: Calling a method in the system process without a qualified user: android.app.ContextImpl.sendBroadcast:1122 android.content.ContextWrapper.sendBroadcast:468 com.oneplus.coreservice.BroadcastDispatch.xne$mab.onReceive:122 android.app.LoadedApk$ReceiverDispatcher$Args.lambda$getRunnable$0$LoadedApk$ReceiverDispatcher$Args:1566 android.app.-$$Lambda$LoadedApk$ReceiverDispatcher$Args$_BumDX2UKsnxLVrE6UJsJZkotuA.run:2 
01-31 13:38:00.002  1594  2266 V AlarmManager: Triggering alarm #0: 3 when =83023001 package =android operation = null listenTag =TIME_TICK flags =0x1
01-31 13:38:00.278  1594  2266 V AlarmManager: Triggering alarm #0: 2 when =83023278 package =com.mgoogle.android.gms operation =*walarm*:org.microg.gms.gcm.mcs.HEARTBEAT flags =0x9
01-31 13:38:01.488  1594  3024 D OPBF    : setCGroupState():tofreeze=true, uid:10043 pkg:com.instagram.android --->>> ok reason:finish perform hasTimeout broadcast for action = action_batch_upload
01-31 13:38:01.936  1594  1594 W NotificationHistory: Attempted to add notif for locked/gone/disabled user 0
01-31 13:38:02.046  1594  2927 W NotificationService: RemoteViews too large on pkg: com.twitter.android tag: notification://com.twitter.android?user_id=1355507837154287619 id: 3416 this might be stripped in a future release
01-31 13:38:02.085  1594  1793 I DisplayPowerController: useProximityForceSuspend = false
01-31 13:38:02.086  2463 16374 I OIMC    : notified , mode FingerPrintMode changeTo 1
01-31 13:38:02.087  2463  2511 I OIMC_CORE: handleMessage:   MODE_ENTER, arg1: 0, arg2: 0, obj: com.oneplus.server.oimc.gwy@2832cc7
01-31 13:38:02.087  2463  2511 I OIMC_CORE: Entering mode FingerPrintMode
01-31 13:38:02.087  2463  2511 I OIMC_CORE: starting ONESHOT function ColorDisable
01-31 13:38:02.088  1594  1793 I DisplayPowerController: Blocking screen on until initial contents have been drawn.
01-31 13:38:02.089  1594  1793 I DisplayPowerController: brightnessState(m):1.0
01-31 13:38:02.089  1594  1793 I RampAnimator: target:1.0 rate:0.0 mCurrentValue:0.0 mTargetValue:0.0
01-31 13:38:02.097  1594  2927 I OpOIMCColorManager: ColorDisable start... mCurrentActivated = 0
01-31 13:38:02.097  1594  2927 D OpColorDisplayService: DisableColor state: 0
01-31 13:38:02.097  1594  2927 D ColorDisplayService: cancelAnimation
01-31 13:38:02.097  1594  1773 D OpColorDisplayService: resetStatus: 0
01-31 13:38:02.097  2463  2509 I OIMC_CORE: ColorDisable action 1 spent 10 ms
01-31 13:38:02.117  1594  1773 D OpColorTintManager: disableColor
01-31 13:38:02.118  1594  1773 D OpColorTintManager: recoverColorSaturation
01-31 13:38:02.176  1594  1793 W OpBatteryStats: updateScreenBrightnessLevel: 4
01-31 13:38:02.176  1594  1793 V DisplayPowerController: Brightness [1.0] reason changing to: 'manual', previous reason: 'screen_off'.
01-31 13:38:02.177  1594  1793 I DisplayPowerController: useProximityForceSuspend = false
01-31 13:38:02.177  1594  1698 I DisplayManagerService: Display device changed state: "Built-in Screen", DOZE
01-31 13:38:02.177  1594  1793 I DisplayPowerController: brightnessState(m):1.0
01-31 13:38:02.177  1594  1793 I RampAnimator: target:1.0 rate:0.0 mCurrentValue:1.0 mTargetValue:1.0
01-31 13:38:02.222  1594  1793 I DisplayPowerController: Unblocked screen on after 133 ms
01-31 13:38:02.222  1594  1793 I DisplayPowerController: useProximityForceSuspend = false
01-31 13:38:02.223  1594  1793 I DisplayPowerController: brightnessState(m):1.0
01-31 13:38:02.223  1594  1793 I RampAnimator: target:1.0 rate:0.7058823 mCurrentValue:1.0 mTargetValue:1.0
01-31 13:38:02.265  1594  1594 W NotificationHistory: Attempted to add notif for locked/gone/disabled user 0
01-31 13:38:02.285  1594  1793 I DisplayPowerController: useProximityForceSuspend = false
01-31 13:38:02.286  1594  1793 I DisplayPowerController: brightnessState(m):1.0
01-31 13:38:02.286  1594  1793 I RampAnimator: target:1.0 rate:0.7058823 mCurrentValue:1.0 mTargetValue:1.0
01-31 13:38:02.308  1594  3256 D FP_DEBUG: start authenticate: com.android.systemui, groupId= 0
01-31 13:38:02.316  1594  3256 D FP_DEBUG: go authenticateInternal
01-31 13:38:02.316  1594  3256 D FP_DEBUG: authenticateInternal: callingUserId= 0
01-31 13:38:02.319  1594  1594 V FingerprintService: startAuthentication(com.android.systemui)
01-31 13:38:02.322  1594  1594 V FingerprintService: starting client AuthenticationClientImpl(com.android.systemui) targetUserId: 0 currentUserId: 0 cookie: 0/0
01-31 13:38:02.322  2463 16374 I OIMC    : notified , mode FingerPrintMode changeTo 1
01-31 13:38:02.322  2463  2511 I OIMC_CORE: handleMessage:   MODE_ENTER, arg1: 0, arg2: 0, obj: com.oneplus.server.oimc.gwy@268e2f4
01-31 13:38:02.322  2463  2511 I OIMC_CORE: The mode: FingerPrintMode is already entered
01-31 13:38:02.327  1594  1594 E FingerprintService: Exception notifySurfaceFlingerUpdate
01-31 13:38:02.373  1594  1594 D OpFingerprintService: updateStatus , 3
01-31 13:38:02.463  1594  3256 W ActivityManager: Receiver with filter android.content.IntentFilter@939c16d already registered for pid 5539, callerPackage is org.kustom.widget
01-31 13:38:02.632  1594  1718 D FingerprintService: onAcquired, 6, code:0, lockout:false
01-31 13:38:02.633  1594  1594 D BiometricStats: acquiredInfo = 6
01-31 13:38:02.633  1594  1594 V FingerprintService: Acquired: 6 0
01-31 13:38:02.648  2552  2552 D FingerprintManager: sendAcquiredResult: 6, 0
01-31 13:38:02.648  2552  2552 W FingerprintManager: Invalid acquired message: 6, 0
01-31 13:38:03.418  1594  1718 D FingerprintService: onAcquired, 6, code:1, lockout:false
01-31 13:38:03.418  1594  1594 D BiometricStats: acquiredInfo = 6
01-31 13:38:03.418  1594  1594 V FingerprintService: Acquired: 6 1
01-31 13:38:03.419  2552  2552 D FingerprintManager: sendAcquiredResult: 6, 1
01-31 13:38:03.419  2552  2552 W FingerprintManager: Invalid acquired message: 6, 1
01-31 13:38:03.474  1594  1718 D FingerprintService: onAuthenticated, -5476376636795244144, 0, 0
01-31 13:38:03.475  1594  1594 D FingerprintService: handleAuthenticated: false
01-31 13:38:03.479  1594  1594 V BiometricStats: Authentication latency: -1
01-31 13:38:03.479  1594  1594 W BiometricStats: found a negative latency : -1
01-31 13:38:03.480  1594  1594 D VibratorService: vibrate from 'android', reason = null, token = android.os.Binder@e54af46, attrs = VibrationAttributes: Usage=TOUCH Flags=0
01-31 13:38:03.498  1594  3024 D OPBF    : setCGroupState():tofreeze=false, uid:10043 pkg:com.instagram.android --->>> ok reason:TransBinder
01-31 13:38:03.506  1594  1594 D OpVibratorService: linearmotorVibratorOff
01-31 13:38:03.511  1594 31979 D OpVibratorService: linearmotorVibratorOn
01-31 13:38:03.525  1594  2927 D KeyguardStateMonitor: onFingerprintStateChange , false, false, authType:1, result:5
01-31 13:38:03.586  1594 31979 D OpVibratorService: linearmotorVibratorOn
01-31 13:38:03.659  1594 31979 D OpVibratorService: linearmotorVibratorOn
01-31 13:38:03.694  1594 31979 D OpVibratorService: linearmotorVibratorOff
01-31 13:38:04.591  1594  1793 I DisplayPowerController: useProximityForceSuspend = false
01-31 13:38:04.592  1594  1793 I DisplayPowerController: brightnessState(m):1.0
01-31 13:38:04.592  1594  1793 I RampAnimator: target:1.0 rate:0.7058823 mCurrentValue:1.0 mTargetValue:1.0
01-31 13:38:05.854  1594  1718 I FastCharge: read mChargeType = 0
01-31 13:38:05.860  2463  2463 W ContextImpl: Calling a method in the system process without a qualified user: android.app.ContextImpl.sendBroadcast:1122 android.content.ContextWrapper.sendBroadcast:468 com.oneplus.coreservice.BroadcastDispatch.xne$mab.onReceive:122 android.app.LoadedApk$ReceiverDispatcher$Args.lambda$getRunnable$0$LoadedApk$ReceiverDispatcher$Args:1566 android.app.-$$Lambda$LoadedApk$ReceiverDispatcher$Args$_BumDX2UKsnxLVrE6UJsJZkotuA.run:2 
01-31 13:38:05.862  1594  3644 I BatteryStatsImpl: mNumStepDurations >= 1
01-31 13:38:05.863  1594  3644 I BatteryStatsImpl: msPerLevel > 0 return 0
01-31 13:38:06.385  1594  1793 I DisplayPowerController: useProximityForceSuspend = false
01-31 13:38:06.386  1594  1793 I DisplayPowerController: brightnessState(m):1.0
01-31 13:38:06.387  1594  1793 I DisplayPowerController: useProximityForceSuspend = false
01-31 13:38:06.387  1594  1793 D OpColorDisplayService: screenStateChange
01-31 13:38:06.387  1594  1773 D OpColorDisplayService: processScreenOn   false
01-31 13:38:06.387  1594  1793 I DisplayPowerController: Blocking screen off
01-31 13:38:06.388  1594  1793 I DisplayPowerController: Unblocked screen off after 1 ms
01-31 13:38:06.401  1594  1793 I RampAnimator: target:0.0 rate:0.0 mCurrentValue:1.0 mTargetValue:1.0
01-31 13:38:06.465  1594  1793 W OpBatteryStats: updateScreenBrightnessLevel: 0
01-31 13:38:06.466  1594  1793 V DisplayPowerController: Brightness [-1.0] reason changing to: 'screen_off', previous reason: 'manual'.
01-31 13:38:06.466  1594  1793 I DisplayPowerController: useProximityForceSuspend = false
01-31 13:38:06.466  1594  1793 I RampAnimator: target:0.0 rate:0.0 mCurrentValue:0.0 mTargetValue:0.0
01-31 13:38:06.467  1594  2426 D OpMotorManagerService: notifyScreenOff
01-31 13:38:06.467  1594  1698 I DisplayManagerService: Display device changed state: "Built-in Screen", OFF
01-31 13:38:06.489  1594  6120 V FingerprintService: cancelAuthentication(com.android.systemui)
01-31 13:38:06.490  1594  1594 V FingerprintService: Stopping client com.android.systemui, fromClient: true
01-31 13:38:06.496  2463  4930 I OIMC    : notified , mode FingerPrintMode changeTo 2
01-31 13:38:06.497  2463  2511 I OIMC_CORE: handleMessage:   MODE_EXIT, arg1: 0, arg2: 0, obj: com.oneplus.server.oimc.gwy@8872a1d
01-31 13:38:06.497  2463  2511 I OIMC_CORE: Exiting mode FingerPrintMode
01-31 13:38:06.497  2463  2511 I OIMC_CORE: stoping ONESHOT function ColorDisable
01-31 13:38:06.497  1594  1718 D FingerprintService: onError, -5476376636795244144, 5, 0
01-31 13:38:06.497  1594  3256 I OpOIMCColorManager: ColorDisable stop... mGCActivated = false  mCBActivated = false  mPCActivated = false  mGMActivated = false mCurrentActivated = 0
01-31 13:38:06.497  1594  3256 D OpColorDisplayService: DisableColor state: 2
01-31 13:38:06.497  1594  1773 D OpColorDisplayService: resetStatus: 2
01-31 13:38:06.497  1594  1773 D OpColorDisplayService: reverStatus needMatrixInit = false
01-31 13:38:06.497  2463  2509 I OIMC_CORE: ColorDisable action 2 spent 0 ms
01-31 13:38:06.543  1594  1594 V FingerprintService: handleError(client=com.android.systemui, error = 5)
01-31 13:38:06.544  1594  1594 V BiometricStats: Error latency: -1
01-31 13:38:06.544  1594  1594 W BiometricStats: found a negative latency : -1
01-31 13:38:06.545  1594  1594 V FingerprintService: Done with client: com.android.systemui
01-31 13:38:06.547  2552  2552 D FingerprintManager: sendErrorResult: 5, 5, 0
01-31 13:38:06.549  1594  6120 D KeyguardStateMonitor: onFingerprintStateChange , false, false, authType:1, result:5
01-31 13:38:06.626  1594  1793 I DisplayPowerController: useProximityForceSuspend = false
01-31 13:38:06.626  1594  1793 I RampAnimator: target:0.0 rate:0.0 mCurrentValue:0.0 mTargetValue:0.0
01-31 13:38:07.818 22672 22672 W ContextImpl: Calling a method in the system process without a qualified user: android.app.ContextImpl.sendBroadcast:1122 android.content.ContextWrapper.sendBroadcast:468 com.oneplus.security.SecureService$NetworkChangeReceive.onReceive:257 android.app.LoadedApk$ReceiverDispatcher$Args.lambda$getRunnable$0$LoadedApk$ReceiverDispatcher$Args:1566 android.app.-$$Lambda$LoadedApk$ReceiverDispatcher$Args$_BumDX2UKsnxLVrE6UJsJZkotuA.run:2 
01-31 13:38:07.819 22672 22672 W ContextImpl: Calling a method in the system process without a qualified user: android.app.ContextImpl.sendBroadcast:1122 android.content.ContextWrapper.sendBroadcast:468 com.oneplus.security.SecureService$NetworkChangeReceive.onReceive:257 android.app.LoadedApk$ReceiverDispatcher$Args.lambda$getRunnable$0$LoadedApk$ReceiverDispatcher$Args:1566 android.app.-$$Lambda$LoadedApk$ReceiverDispatcher$Args$_BumDX2UKsnxLVrE6UJsJZkotuA.run:2 
01-31 13:38:07.826  1594  2356 D OpWifiServiceImpl: handleLinkPropertiesChanged gatewayIp : 100.95.90.172 , ifname : rmnet_data3
01-31 13:38:11.936  1594  3024 D OPBF    : setCGroupState():tofreeze=true, uid:99272 pkg:se.aftonbladet.start --->>> ok reason:notifyIsolatedUids boundUid freeze cause by uid/pid:10326
01-31 13:38:12.904  1594  1718 I FastCharge: read mChargeType = 0
01-31 13:38:12.909  2463  2463 W ContextImpl: Calling a method in the system process without a qualified user: android.app.ContextImpl.sendBroadcast:1122 android.content.ContextWrapper.sendBroadcast:468 com.oneplus.coreservice.BroadcastDispatch.xne$mab.onReceive:122 android.app.LoadedApk$ReceiverDispatcher$Args.lambda$getRunnable$0$LoadedApk$ReceiverDispatcher$Args:1566 android.app.-$$Lambda$LoadedApk$ReceiverDispatcher$Args$_BumDX2UKsnxLVrE6UJsJZkotuA.run:2 
01-31 13:38:19.915  1594  1718 I FastCharge: read mChargeType = 0
01-31 13:38:19.921  2463  2463 W ContextImpl: Calling a method in the system process without a qualified user: android.app.ContextImpl.sendBroadcast:1122 android.content.ContextWrapper.sendBroadcast:468 com.oneplus.coreservice.BroadcastDispatch.xne$mab.onReceive:122 android.app.LoadedApk$ReceiverDispatcher$Args.lambda$getRunnable$0$LoadedApk$ReceiverDispatcher$Args:1566 android.app.-$$Lambda$LoadedApk$ReceiverDispatcher$Args$_BumDX2UKsnxLVrE6UJsJZkotuA.run:2 
01-31 13:38:22.502  1594  1718 I FastCharge: read mChargeType = 0
01-31 13:38:26.957  1594  1718 I FastCharge: read mChargeType = 0
01-31 13:38:26.962  2463  2463 W ContextImpl: Calling a method in the system process without a qualified user: android.app.ContextImpl.sendBroadcast:1122 android.content.ContextWrapper.sendBroadcast:468 com.oneplus.coreservice.BroadcastDispatch.xne$mab.onReceive:122 android.app.LoadedApk$ReceiverDispatcher$Args.lambda$getRunnable$0$LoadedApk$ReceiverDispatcher$Args:1566 android.app.-$$Lambda$LoadedApk$ReceiverDispatcher$Args$_BumDX2UKsnxLVrE6UJsJZkotuA.run:2 
01-31 13:38:31.704  1594  3024 D OPBF    : setCGroupState():tofreeze=true, uid:10469 pkg:com.twitter.android --->>> ok reason:finish perform hasTimeout broadcast for action = com.google.android.c2dm.intent.RECEIVE
01-31 13:38:33.353  1594  1718 I FastCharge: read mChargeType = 0
01-31 13:38:33.357  2463  2463 W ContextImpl: Calling a method in the system process without a qualified user: android.app.ContextImpl.sendBroadcast:1122 android.content.ContextWrapper.sendBroadcast:468 com.oneplus.coreservice.BroadcastDispatch.xne$mab.onReceive:122 android.app.LoadedApk$ReceiverDispatcher$Args.lambda$getRunnable$0$LoadedApk$ReceiverDispatcher$Args:1566 android.app.-$$Lambda$LoadedApk$ReceiverDispatcher$Args$_BumDX2UKsnxLVrE6UJsJZkotuA.run:2 
01-31 13:38:33.514  1594  3024 D OPBF    : setCGroupState():tofreeze=true, uid:10043 pkg:com.instagram.android --->>> ok reason:operateNode reconfirm lastOperation:false lastOperatedReason:TransBinder
01-31 13:38:39.781  1594  1718 I FastCharge: read mChargeType = 0
01-31 13:38:46.797  1594  1718 I FastCharge: read mChargeType = 0
01-31 13:38:46.802  2463  2463 W ContextImpl: Calling a method in the system process without a qualified user: android.app.ContextImpl.sendBroadcast:1122 android.content.ContextWrapper.sendBroadcast:468 com.oneplus.coreservice.BroadcastDispatch.xne$mab.onReceive:122 android.app.LoadedApk$ReceiverDispatcher$Args.lambda$getRunnable$0$LoadedApk$ReceiverDispatcher$Args:1566 android.app.-$$Lambda$LoadedApk$ReceiverDispatcher$Args$_BumDX2UKsnxLVrE6UJsJZkotuA.run:2 
01-31 13:38:50.265 22672 22672 W ContextImpl: Calling a method in the system process without a qualified user: android.app.ContextImpl.sendBroadcast:1122 android.content.ContextWrapper.sendBroadcast:468 com.oneplus.security.SecureService$NetworkChangeReceive.onReceive:257 android.app.LoadedApk$ReceiverDispatcher$Args.lambda$getRunnable$0$LoadedApk$ReceiverDispatcher$Args:1566 android.app.-$$Lambda$LoadedApk$ReceiverDispatcher$Args$_BumDX2UKsnxLVrE6UJsJZkotuA.run:2 
01-31 13:38:50.270 22672 22672 W ContextImpl: Calling a method in the system process without a qualified user: android.app.ContextImpl.sendBroadcast:1122 android.content.ContextWrapper.sendBroadcast:468 com.oneplus.security.SecureService$NetworkChangeReceive.onReceive:257 android.app.LoadedApk$ReceiverDispatcher$Args.lambda$getRunnable$0$LoadedApk$ReceiverDispatcher$Args:1566 android.app.-$$Lambda$LoadedApk$ReceiverDispatcher$Args$_BumDX2UKsnxLVrE6UJsJZkotuA.run:2 
01-31 13:38:50.275  1594  2356 D OpWifiServiceImpl: handleLinkPropertiesChanged gatewayIp : 100.95.90.172 , ifname : rmnet_data3
01-31 13:38:53.835  1594  1718 I FastCharge: read mChargeType = 0
01-31 13:38:53.841  2463  2463 W ContextImpl: Calling a method in the system process without a qualified user: android.app.ContextImpl.sendBroadcast:1122 android.content.ContextWrapper.sendBroadcast:468 com.oneplus.coreservice.BroadcastDispatch.xne$mab.onReceive:122 android.app.LoadedApk$ReceiverDispatcher$Args.lambda$getRunnable$0$LoadedApk$ReceiverDispatcher$Args:1566 android.app.-$$Lambda$LoadedApk$ReceiverDispatcher$Args$_BumDX2UKsnxLVrE6UJsJZkotuA.run:2 
01-31 13:39:00.000  1594  2266 V AlarmManager: Triggering alarm #0: 3 when =83083001 package =android operation = null listenTag =TIME_TICK flags =0x1
01-31 13:39:00.338  1594  2266 V AlarmManager: Triggering alarm #0: 2 when =83083339 package =com.mgoogle.android.gms operation =*walarm*:org.microg.gms.gcm.mcs.HEARTBEAT flags =0x9
01-31 13:39:00.878  1594  1718 I FastCharge: read mChargeType = 0
01-31 13:39:00.883  2463  2463 W ContextImpl: Calling a method in the system process without a qualified user: android.app.ContextImpl.sendBroadcast:1122 android.content.ContextWrapper.sendBroadcast:468 com.oneplus.coreservice.BroadcastDispatch.xne$mab.onReceive:122 android.app.LoadedApk$ReceiverDispatcher$Args.lambda$getRunnable$0$LoadedApk$ReceiverDispatcher$Args:1566 android.app.-$$Lambda$LoadedApk$ReceiverDispatcher$Args$_BumDX2UKsnxLVrE6UJsJZkotuA.run:2 
01-31 13:39:01.034  1594  2927 W ActivityManager: Receiver with filter android.content.IntentFilter@3d51786 already registered for pid 5539, callerPackage is org.kustom.widget
01-31 13:39:04.438  1594  5863 D CompatibilityChangeReporter: Compat change id reported: 135634846; UID 10263; state: DISABLED
01-31 13:39:04.438  1594  5863 D CompatibilityChangeReporter: Compat change id reported: 135754954; UID 10263; state: ENABLED
01-31 13:39:04.439  1594  1722 D CompatibilityChangeReporter: Compat change id reported: 143937733; UID 10263; state: ENABLED
01-31 13:39:04.473  1594  1722 I ActivityManager: Start proc 32020:com.azure.authenticator:auth/u0a263 for service {com.azure.authenticator/com.microsoft.aad.adal.BrokerAccountService}
01-31 13:39:04.622 32020 32020 I 100     : Open /data/app/~~XGE_hYZDTdSGS3vEsGXStA==/com.azure.authenticator-t35CVKZ1y24Jkw0By871kg==/base.apk took:69ms
01-31 13:39:04.807  1594  5863 D CompatibilityChangeReporter: Compat change id reported: 135634846; UID 10263; state: DISABLED
01-31 13:39:04.808  1594  5863 D CompatibilityChangeReporter: Compat change id reported: 135754954; UID 10263; state: ENABLED
01-31 13:39:04.808  1594  1722 D CompatibilityChangeReporter: Compat change id reported: 143937733; UID 10263; state: ENABLED
01-31 13:39:04.834  1594  1722 I ActivityManager: Start proc 32046:com.azure.authenticator/u0a263 for service {com.azure.authenticator/com.evernote.android.job.JobRescheduleService}
01-31 13:39:04.903  1594  2356 D ConnectivityService: NetReassign [no changes]
01-31 13:39:04.949  1594  6120 D ConnectivityService: requestNetwork for uid/pid:10469/31611 NetworkRequest [ TRACK_DEFAULT id=3096, [ Capabilities: INTERNET&NOT_RESTRICTED&TRUSTED Uid: 10469 AdministratorUids: [] RequestorUid: 10469 RequestorPackageName: com.twitter.android] ]
01-31 13:39:04.950  1594  2356 D ConnectivityService: NetReassign [3096 : null  121]
01-31 13:39:04.951  1594  3024 D OPBF    : setCGroupState():tofreeze=false, uid:10469 pkg:com.twitter.android --->>> ok reason:bindservice as server add connection = AppBindRecord{4a2b20f com.twitter.android/androidx.work.impl.background.systemjob.SystemJobService:system}
01-31 13:39:04.980  1594  2356 D ConnectivityService: releasing NetworkRequest [ TRACK_DEFAULT id=3096, [ Capabilities: INTERNET&NOT_RESTRICTED&TRUSTED Uid: 10469 AdministratorUids: [] RequestorUid: 10469 RequestorPackageName: com.twitter.android] ] (release request)
01-31 13:39:05.091  1594  2356 D ConnectivityService: NetReassign [no changes]
01-31 13:39:05.399  1594  3256 D ConnectivityService: requestNetwork for uid/pid:10263/32046 NetworkRequest [ TRACK_DEFAULT id=3098, [ Capabilities: INTERNET&NOT_RESTRICTED&TRUSTED Uid: 10263 AdministratorUids: [] RequestorUid: 10263 RequestorPackageName: com.azure.authenticator] ]
01-31 13:39:05.400  1594  2356 D ConnectivityService: NetReassign [3098 : null  121]
01-31 13:39:05.777  1594  6120 D CompatibilityChangeReporter: Compat change id reported: 135634846; UID 10210; state: DISABLED
01-31 13:39:05.777  1594  6120 D CompatibilityChangeReporter: Compat change id reported: 135754954; UID 10210; state: ENABLED
01-31 13:39:05.777  1594  1722 D CompatibilityChangeReporter: Compat change id reported: 143937733; UID 10210; state: ENABLED
01-31 13:39:05.795  1594  1722 I ActivityManager: Start proc 32197:com.google.android.webview:webview_service/u0a210 for service {com.google.android.webview/org.chromium.android_webview.services.VariationsSeedServer}
01-31 13:39:05.943  1594  2356 D ConnectivityService: releasing NetworkRequest [ TRACK_DEFAULT id=3098, [ Capabilities: INTERNET&NOT_RESTRICTED&TRUSTED Uid: 10263 AdministratorUids: [] RequestorUid: 10263 RequestorPackageName: com.azure.authenticator] ] (release request)
01-31 13:39:06.550  1594  6003 I ActivityManager: Killing 29416:com.vanced.android.apps.youtube.music/u0a442 (adj 999): empty #31
01-31 13:39:06.637  1594  6120 D ConnectivityService: ConnectivityService NetworkRequestInfo binderDied(NetworkRequest [ TRACK_DEFAULT id=3067, [ Capabilities: INTERNET&NOT_RESTRICTED&TRUSTED Uid: 10442 AdministratorUids: [] RequestorUid: 10442 RequestorPackageName: com.vanced.android.apps.youtube.music] ], android.os.BinderProxy@f5c86d)
01-31 13:39:06.638  1594  3644 D ConnectivityService: ConnectivityService NetworkRequestInfo binderDied(NetworkRequest [ LISTEN id=3069, [ Capabilities: INTERNET&NOT_RESTRICTED&TRUSTED&FOREGROUND Uid: 10442 AdministratorUids: [] RequestorUid: 10442 RequestorPackageName: com.vanced.android.apps.youtube.music] ], android.os.BinderProxy@236dd33)
01-31 13:39:06.638  1594  2356 D ConnectivityService: releasing NetworkRequest [ TRACK_DEFAULT id=3067, [ Capabilities: INTERNET&NOT_RESTRICTED&TRUSTED Uid: 10442 AdministratorUids: [] RequestorUid: 10442 RequestorPackageName: com.vanced.android.apps.youtube.music] ] (release request)
01-31 13:39:06.638  1594  2927 D ConnectivityService: ConnectivityService NetworkRequestInfo binderDied(NetworkRequest [ TRACK_DEFAULT id=3068, [ Capabilities: INTERNET&NOT_RESTRICTED&TRUSTED Uid: 10442 AdministratorUids: [] RequestorUid: 10442 RequestorPackageName: com.vanced.android.apps.youtube.music] ], android.os.BinderProxy@d05bca2)
01-31 13:39:06.639  1594  2356 D ConnectivityService: releasing NetworkRequest [ TRACK_DEFAULT id=3068, [ Capabilities: INTERNET&NOT_RESTRICTED&TRUSTED Uid: 10442 AdministratorUids: [] RequestorUid: 10442 RequestorPackageName: com.vanced.android.apps.youtube.music] ] (release request)
01-31 13:39:06.643  1594  3024 D OPBF    : setCGroupState():tofreeze=false, uid:10442 pkg:com.vanced.android.apps.youtube.music --->>> ok reason:app died cause by pid 29416
01-31 13:39:06.647  1594  5863 W ProcessStats: setState index out of bounds. index: -1 length: 20
01-31 13:39:06.647  1594  5863 W ProcessStats: setState index out of bounds. index: -1 length: 20
01-31 13:39:06.950 32020 32020 D ActivityThread: pid:32020 tid:32020 doframe Callback
01-31 13:39:06.962 32046 32046 D ActivityThread: pid:32046 tid:32046 doframe Callback
01-31 13:39:07.575  1594  2356 D OpWifiServiceImpl: handleLinkPropertiesChanged gatewayIp : 100.95.90.172 , ifname : rmnet_data3
01-31 13:39:07.591 22672 22672 W ContextImpl: Calling a method in the system process without a qualified user: android.app.ContextImpl.sendBroadcast:1122 android.content.ContextWrapper.sendBroadcast:468 com.oneplus.security.SecureService$NetworkChangeReceive.onReceive:257 android.app.LoadedApk$ReceiverDispatcher$Args.lambda$getRunnable$0$LoadedApk$ReceiverDispatcher$Args:1566 android.app.-$$Lambda$LoadedApk$ReceiverDispatcher$Args$_BumDX2UKsnxLVrE6UJsJZkotuA.run:2 
01-31 13:39:07.605 22672 22672 W ContextImpl: Calling a method in the system process without a qualified user: android.app.ContextImpl.sendBroadcast:1122 android.content.ContextWrapper.sendBroadcast:468 com.oneplus.security.SecureService$NetworkChangeReceive.onReceive:257 android.app.LoadedApk$ReceiverDispatcher$Args.lambda$getRunnable$0$LoadedApk$ReceiverDispatcher$Args:1566 android.app.-$$Lambda$LoadedApk$ReceiverDispatcher$Args$_BumDX2UKsnxLVrE6UJsJZkotuA.run:2 
01-31 13:39:07.917  1594  1718 I FastCharge: read mChargeType = 0
01-31 13:39:07.921  2463  2463 W ContextImpl: Calling a method in the system process without a qualified user: android.app.ContextImpl.sendBroadcast:1122 android.content.ContextWrapper.sendBroadcast:468 com.oneplus.coreservice.BroadcastDispatch.xne$mab.onReceive:122 android.app.LoadedApk$ReceiverDispatcher$Args.lambda$getRunnable$0$LoadedApk$ReceiverDispatcher$Args:1566 android.app.-$$Lambda$LoadedApk$ReceiverDispatcher$Args$_BumDX2UKsnxLVrE6UJsJZkotuA.run:2 
01-31 13:39:07.924  1594  5625 I BatteryStatsImpl: mNumStepDurations >= 1
01-31 13:39:07.924  1594  5625 I BatteryStatsImpl: msPerLevel > 0 return 0
01-31 13:39:07.984 32020 32020 D ActivityThread: pid:32020 tid:32020 doframe Callback
01-31 13:39:07.985 32046 32046 D ActivityThread: pid:32046 tid:32046 doframe Callback
01-31 13:39:09.835 32046 32046 D ActivityThread: pid:32046 tid:32046 doframe Callback
01-31 13:39:09.835 32020 32020 D ActivityThread: pid:32020 tid:32020 doframe Callback
01-31 13:39:11.621  1594  3487 I ActivityManager: Killing 28685:com.google.android.apps.fitness/u0a480 (adj 999): empty #31
01-31 13:39:11.685  1594  3487 W ProcessStats: setState index out of bounds. index: -1 length: 20
01-31 13:39:11.686  1594  3487 W ProcessStats: setState index out of bounds. index: -1 length: 20
01-31 13:39:13.803 32046 32046 D ActivityThread: pid:32046 tid:32046 doframe Callback
01-31 13:39:13.803 32020 32020 D ActivityThread: pid:32020 tid:32020 doframe Callback
01-31 13:39:14.766 32046 32046 D ActivityThread: pid:32046 tid:32046 doframe Callback
01-31 13:39:14.767 32020 32020 D ActivityThread: pid:32020 tid:32020 doframe Callback
01-31 13:39:14.954  1594  1718 I FastCharge: read mChargeType = 0
01-31 13:39:14.957  2463  2463 W ContextImpl: Calling a method in the system process without a qualified user: android.app.ContextImpl.sendBroadcast:1122 android.content.ContextWrapper.sendBroadcast:468 com.oneplus.coreservice.BroadcastDispatch.xne$mab.onReceive:122 android.app.LoadedApk$ReceiverDispatcher$Args.lambda$getRunnable$0$LoadedApk$ReceiverDispatcher$Args:1566 android.app.-$$Lambda$LoadedApk$ReceiverDispatcher$Args$_BumDX2UKsnxLVrE6UJsJZkotuA.run:2 
01-31 13:39:15.793 32020 32020 D ActivityThread: pid:32020 tid:32020 doframe Callback
01-31 13:39:15.793 32046 32046 D ActivityThread: pid:32046 tid:32046 doframe Callback
01-31 13:39:17.910  1594  1793 I DisplayPowerController: useProximityForceSuspend = false
01-31 13:39:17.910  2463 16374 I OIMC    : notified , mode FingerPrintMode changeTo 1
01-31 13:39:17.910  2463  2511 I OIMC_CORE: handleMessage:   MODE_ENTER, arg1: 0, arg2: 0, obj: com.oneplus.server.oimc.gwy@fcff492
01-31 13:39:17.910  2463  2511 I OIMC_CORE: Entering mode FingerPrintMode
01-31 13:39:17.910  2463  2511 I OIMC_CORE: starting ONESHOT function ColorDisable
01-31 13:39:17.911  1594  2342 I OpOIMCColorManager: ColorDisable start... mCurrentActivated = 0
01-31 13:39:17.911  1594  2342 D OpColorDisplayService: DisableColor state: 0
01-31 13:39:17.911  1594  2342 D ColorDisplayService: cancelAnimation
01-31 13:39:17.911  2463  2509 I OIMC_CORE: ColorDisable action 1 spent 0 ms
01-31 13:39:17.911  1594  1773 D OpColorDisplayService: resetStatus: 0
01-31 13:39:17.913  1594  1793 I DisplayPowerController: Blocking screen on until initial contents have been drawn.
01-31 13:39:17.914  1594  1793 I DisplayPowerController: brightnessState(m):1.0
01-31 13:39:17.914  1594  1793 I RampAnimator: target:1.0 rate:0.0 mCurrentValue:0.0 mTargetValue:0.0
01-31 13:39:17.932  1594  1773 D OpColorTintManager: disableColor
01-31 13:39:17.932  1594  1773 D OpColorTintManager: recoverColorSaturation
01-31 13:39:17.986  1594  1793 W OpBatteryStats: updateScreenBrightnessLevel: 4
01-31 13:39:17.986  1594  1793 V DisplayPowerController: Brightness [1.0] reason changing to: 'manual', previous reason: 'screen_off'.
01-31 13:39:17.987  1594  1793 I DisplayPowerController: useProximityForceSuspend = false
01-31 13:39:17.987  1594  1793 I DisplayPowerController: brightnessState(m):1.0
01-31 13:39:17.987  1594  1793 I RampAnimator: target:1.0 rate:0.0 mCurrentValue:1.0 mTargetValue:1.0
01-31 13:39:17.988  1594  1698 I DisplayManagerService: Display device changed state: "Built-in Screen", DOZE
01-31 13:39:18.035  1594  1793 I DisplayPowerController: Unblocked screen on after 121 ms
01-31 13:39:18.035  1594  1793 I DisplayPowerController: useProximityForceSuspend = false
01-31 13:39:18.036  1594  1793 I DisplayPowerController: brightnessState(m):1.0
01-31 13:39:18.036  1594  1793 I RampAnimator: target:1.0 rate:0.7058823 mCurrentValue:1.0 mTargetValue:1.0
01-31 13:39:18.097  1594  1793 I DisplayPowerController: useProximityForceSuspend = false
01-31 13:39:18.098  1594  1793 I DisplayPowerController: brightnessState(m):1.0
01-31 13:39:18.098  1594  1793 I RampAnimator: target:1.0 rate:0.7058823 mCurrentValue:1.0 mTargetValue:1.0
01-31 13:39:18.110 32020 32020 D ActivityThread: pid:32020 tid:32020 doframe Callback
01-31 13:39:18.110 32046 32046 D ActivityThread: pid:32046 tid:32046 doframe Callback
01-31 13:39:18.113  1594  2342 D FP_DEBUG: start authenticate: com.android.systemui, groupId= 0
01-31 13:39:18.117  1594  2342 D FP_DEBUG: go authenticateInternal
01-31 13:39:18.117  1594  2342 D FP_DEBUG: authenticateInternal: callingUserId= 0
01-31 13:39:18.119  1594  1594 V FingerprintService: startAuthentication(com.android.systemui)
01-31 13:39:18.119  1594  1594 V FingerprintService: starting client AuthenticationClientImpl(com.android.systemui) targetUserId: 0 currentUserId: 0 cookie: 0/0
01-31 13:39:18.121  2463 16374 I OIMC    : notified , mode FingerPrintMode changeTo 1
01-31 13:39:18.121  2463  2511 I OIMC_CORE: handleMessage:   MODE_ENTER, arg1: 0, arg2: 0, obj: com.oneplus.server.oimc.gwy@2fbce63
01-31 13:39:18.121  2463  2511 I OIMC_CORE: The mode: FingerPrintMode is already entered
01-31 13:39:18.122  1594  1594 E FingerprintService: Exception notifySurfaceFlingerUpdate
01-31 13:39:18.136  1594  1594 D OpFingerprintService: updateStatus , 3
01-31 13:39:18.315  1594  1718 D FingerprintService: onAcquired, 6, code:0, lockout:false
01-31 13:39:18.316  1594  1594 D BiometricStats: acquiredInfo = 6
01-31 13:39:18.316  1594  1594 V FingerprintService: Acquired: 6 0
01-31 13:39:18.328  2552  2552 D FingerprintManager: sendAcquiredResult: 6, 0
01-31 13:39:18.328  2552  2552 W FingerprintManager: Invalid acquired message: 6, 0
01-31 13:39:18.529  1594  1718 D FingerprintService: onAcquired, 0, code:0, lockout:false
01-31 13:39:18.529  1594  1594 D BiometricStats: acquiredInfo = 0
01-31 13:39:18.529  1594  3161 D FingerprintService: onAuthenticated, -5476376636795244144, 1343074144, 0
01-31 13:39:18.529  1594  1594 V FingerprintService: Acquired: 0 0
01-31 13:39:18.530  1594  1718 D FingerprintService: onAcquired, 6, code:12, lockout:false
01-31 13:39:18.530  1594  1594 D FingerprintService: handleAuthenticated: true
01-31 13:39:18.530  1594  1594 V BiometricStats: Authentication latency: -1
01-31 13:39:18.530  1594  1594 W BiometricStats: found a negative latency : -1
01-31 13:39:18.538  1594  1594 D VibratorService: vibrate from 'android', reason = null, token = android.os.Binder@e54af46, attrs = VibrationAttributes: Usage=TOUCH Flags=0
01-31 13:39:18.538  2552  2552 D FingerprintManager: sendAcquiredResult: 0, 0
01-31 13:39:18.561  1594  1594 D OpVibratorService: linearmotorVibratorOff
01-31 13:39:18.567  1594 32313 D OpVibratorService: linearmotorVibratorOn
01-31 13:39:18.568  1594  1594 D OpColorDisplayService: mExitFingerPrintModeReason = true
01-31 13:39:18.568  1594  1773 I OpColorDisplayService: notifyIrisFingerprintStatus fingerprint_status = false
01-31 13:39:18.568  2463 16374 I OIMC    : notified , mode FingerPrintMode changeTo 2
01-31 13:39:18.569  1594  1773 D OpColorDisplayService: reverStatus needMatrixInit = false
01-31 13:39:18.570  2463  2511 I OIMC_CORE: handleMessage:   MODE_EXIT, arg1: 0, arg2: 0, obj: com.oneplus.server.oimc.gwy@1ab3a60
01-31 13:39:18.570  2463  2511 I OIMC_CORE: Exiting mode FingerPrintMode
01-31 13:39:18.570  2463  2511 I OIMC_CORE: stoping ONESHOT function ColorDisable
01-31 13:39:18.570  1594  2927 I OpOIMCColorManager: ColorDisable stop... mGCActivated = false  mCBActivated = false  mPCActivated = false  mGMActivated = false mCurrentActivated = 0
01-31 13:39:18.570  1594  2927 D OpColorDisplayService: DisableColor state: 2
01-31 13:39:18.571  2463  2509 I OIMC_CORE: ColorDisable action 2 spent 1 ms
01-31 13:39:18.574  1594  1773 D OpColorDisplayService: KeyguardDone is finish by  set ExitFingerPrintModeByUnlockSuccess
01-31 13:39:18.574  1594  1773 D OpColorDisplayService: resetStatus: 2
01-31 13:39:18.574  1594  1773 D OpColorDisplayService: reverStatus needMatrixInit = false
01-31 13:39:18.577  1594  1594 D FingerprintService: onAuthenticationSucceeded: send result
01-31 13:39:18.578  1594  1594 V FingerprintService: Done with client: com.android.systemui
01-31 13:39:18.608  1594  2927 D KeyguardStateMonitor: onFingerprintStateChange , false, false, authType:1, result:3
01-31 13:39:18.609  1594 32313 D OpVibratorService: linearmotorVibratorOff
01-31 13:39:18.612  1594  3491 I PowerManagerService: Waking up from Dozing (uid=10195, reason=WAKE_REASON_GESTURE, details=android.policy:BIOMETRIC)...
01-31 13:39:18.615  1594  1793 I DisplayPowerController: useProximityForceSuspend = false
01-31 13:39:18.615  1594  1793 D OpColorDisplayService: screenStateChange
01-31 13:39:18.615  1594  1773 D OpColorDisplayService: processScreenOn   true
01-31 13:39:18.618  1594  1793 I DisplayPowerController: brightnessState(m):1.0
01-31 13:39:18.618  1594  1793 I RampAnimator: POLICY CHANGING!
01-31 13:39:18.618  1594  1793 I RampAnimator: target:1.0 rate:0.7058823 mCurrentValue:1.0 mTargetValue:1.0
01-31 13:39:18.618  1594  2426 D OpMotorManagerService: notifyScreenOn ScreenOn
01-31 13:39:18.618  1594  2426 D OpMotorManagerService: isUpMotorOrNot
01-31 13:39:18.618  1594  1698 I DisplayManagerService: Display device changed state: "Built-in Screen", ON
01-31 13:39:18.632  1594  1793 I DisplayPowerController: useProximityForceSuspend = false
01-31 13:39:18.632  1594  1793 I DisplayPowerController: brightnessState(m):1.0
01-31 13:39:18.632  1594  1793 I RampAnimator: target:1.0 rate:0.7058823 mCurrentValue:1.0 mTargetValue:1.0
01-31 13:39:18.642  1594  1609 I 300     : 30
01-31 13:39:18.642  1594  1793 I DreamManagerService: Gently waking up from dream.
01-31 13:39:18.642  1594  1695 I DreamManagerService: Performing gentle wake from dream.
01-31 13:39:18.646  1594  1794 D OpPowerControllerService: SCREEN is OFF
01-31 13:39:18.646  1594  1794 D OpPowerControllerService: SCREEN is ON
01-31 13:39:18.647  1594  1794 D OpPowerControllerService: screen off duration: 432584
01-31 13:39:18.658  1594  1794 W ContextImpl: Calling a method in the system process without a qualified user: android.app.ContextImpl.sendBroadcast:1122 com.android.server.power.Notifier.sendWakeUpBroadcast:817 com.android.server.power.Notifier.sendNextBroadcast:795 com.android.server.power.Notifier.access$500:96 com.android.server.power.Notifier$NotifierHandler.handleMessage:956 
01-31 13:39:18.679  1594  1594 D OPSA    : ======BE_IMFORMED_SCREEN_ON======
01-31 13:39:18.682  2463  2463 I TWSReceiver: onReceive: android.intent.action.SCREEN_ON
01-31 13:39:18.682  2463  2463 I TWSReceiver: bind service
01-31 13:39:18.685  1594  5769 I OemSceneModeAmHelper: [scene] handleShowOrOccludedChanged showing true, occluded false
01-31 13:39:18.686  1594  1698 V UsbDeviceManager: onKeyguardStateChanged: isShowing:true secure:true user:0
01-31 13:39:18.701  2463  3554 W ContextImpl: Calling a method in the system process without a qualified user: android.app.ContextImpl.startService:1690 android.content.ContextWrapper.startService:720 xne.xne.xne.xne.xne$mab.run:35 java.util.concurrent.ThreadPoolExecutor.runWorker:1167 java.util.concurrent.ThreadPoolExecutor$Worker.run:641 
01-31 13:39:18.710  1594  1594 D OPBF    : # eventChangeReceiver # onReceive # action=android.intent.action.SCREEN_ON
01-31 13:39:18.720  1594  6046 D OpColorDisplayService: mExitFingerPrintModeReason = true
01-31 13:39:18.721  1594  5625 I OpAppLocker: setKeyguardDone true
01-31 13:39:18.721  1594  5625 D OpMotorManagerService: notifyKeyguardDisappear
01-31 13:39:18.721  1594  5625 D OpMotorManagerService: isUpMotorOrNot
01-31 13:39:18.721  1594  5625 I OpMotorManagerService:  showUpMotorView show:false
01-31 13:39:18.722  1594  1784 D OpMotorManagerService: handling msg MSG_UPDATE_UP_MOTOR_VIEW, show=false mUpMotorWindow=null true mUpMotorViewShowing=false
01-31 13:39:18.724  1594  3491 I DreamManagerService: Leaving dreamland.
01-31 13:39:18.725  2463 16374 I OIMC    : notified , mode FingerPrintMode changeTo 2
01-31 13:39:18.725  2463  2511 I OIMC_CORE: handleMessage:   MODE_EXIT, arg1: 0, arg2: 0, obj: com.oneplus.server.oimc.gwy@7f14b19
01-31 13:39:18.725  2463  2511 I OIMC_CORE: The mode: FingerPrintMode is not entered
01-31 13:39:18.727  1594  2342 D ActivityTaskManager: Top Process State changed to PROCESS_STATE_TOP
