01-30 23:38:05.500 26226 10957 I 110     :  OptJank - total:685 frameGap:685 delta#22#667#7#660#5#8
01-30 23:38:05.500 26226 10957 I 111     : OptJank - big and big
01-30 23:38:57.165  1594  1793 I 300     : 79
01-30 23:45:13.139 32190 32190 I 100     : Open /data/app/~~7l62xwTPfgFZBkSUOsTjtw==/com.zhiliaoapp.musically-l5zSB5JzSZ2nbwCxY6YbRw==/base.apk took:142ms
01-30 23:45:16.404 32190 13115 I 100     : Open /data/app/~~i8F-hNY4YeqalEuQ2RG4tg==/com.google.android.webview-OUbtvVzUBsQXpAsHDC7-TA==/base.apk took:395ms
01-30 23:45:16.407 32190 13140 I 100     : Open /data/user_de/0/com.google.android.gms/app_chimera/m/00000237/DynamiteLoader.apk took:359ms
01-30 23:45:17.091 13193 13193 I 100     : Open /data/app/~~7l62xwTPfgFZBkSUOsTjtw==/com.zhiliaoapp.musically-l5zSB5JzSZ2nbwCxY6YbRw==/base.apk took:308ms
01-30 23:45:27.069 13193 13193 I 309     : package:com.zhiliaoapp.musically took:1034 calssname:android.app.ActivityThread$H callback:null what:110
01-30 23:47:09.321  1594  1793 I 300     : 124
01-30 23:47:10.904 13584 13584 I 100     : Open /data/app/~~t4wRLeQ7wHFWPYahPOAkBA==/org.kustom.widget-TzQRrPM0mSJt7QMsOcZpJg==/base.apk took:67ms
01-30 23:47:19.387 13824 13824 I 100     : Open /data/app/~~Xl6FPEINleqMaSZv0n5UCA==/com.facebook.katana-jSFAQ1yF_HYAusH2KfI5-A==/base.apk took:211ms
01-30 23:47:21.180  1594  1786 I 322     : com.oneplus.mms#120#705
01-30 23:47:27.646 14228 14228 I 100     : Open /data/app/~~JBCudjmIy9Gc1GgJEtV4hA==/com.facebook.orca-UYXmqEU5FfuhbgO7WyXuqw==/base.apk took:140ms
01-30 23:53:06.149 14592 14592 I 100     : Open /data/app/~~njhaFv0M3CN_Rz_S44SZaA==/com.microsoft.teams-28_KpgbdelsKz-xvdGA5wg==/base.apk took:73ms
01-30 23:53:07.107 14737 14737 I 100     : Open /data/app/~~XGE_hYZDTdSGS3vEsGXStA==/com.azure.authenticator-t35CVKZ1y24Jkw0By871kg==/base.apk took:62ms
01-30 23:53:10.467 14857 14857 I 100     : Open /data/app/~~7l62xwTPfgFZBkSUOsTjtw==/com.zhiliaoapp.musically-l5zSB5JzSZ2nbwCxY6YbRw==/base.apk took:142ms
01-31 00:00:32.046 15135 15135 I 100     : Open /data/app/~~_tieylodMdoWQzhs6D53nA==/com.northpark.drinkwater-TT0ndyfTSOVoWW11UHjEoQ==/base.apk took:56ms
01-31 00:00:38.591  1594  1793 I 300     : 498
01-31 00:00:45.703  2552  2950 I 111     :  OptJank - continuously drops frames:4
01-31 00:01:03.695  1594  1786 I 322     : com.spotify.music#-1#125
01-31 00:01:14.390 15963 15963 I 100     : Open /data/app/~~BXfKBIjXsVTkQnG-ipSxQQ==/com.netflix.mediaclient-GFEuZm2dxLVTxie1DomRmQ==/base.apk took:86ms
01-31 00:01:17.425 15963 16033 I 101     : #231
01-31 00:08:18.196  1594  1793 I 300     : 132
01-31 00:08:36.913 17267 17267 I 100     : Open /data/app/~~LIm8_q_LoUmMeTqfyvmQQA==/com.google.android.apps.docs-ErLsuBzan5ixwZl0SfD17Q==/base.apk took:93ms
01-31 00:08:37.825 17372 17372 I 100     : Open /data/app/~~MTHe8NtN5lss575905UpRQ==/com.google.android.apps.maps-KZeEFadCC4yIP0bseNISmg==/base.apk took:149ms
01-31 00:08:39.022 17485 17485 I 100     : Open /data/app/~~7uS2jj4UQU-Zog-nYrP27w==/com.google.android.apps.photos-klfleeP3BK-_jftUwoQPTw==/base.apk took:122ms
01-31 00:08:39.722 17549 17549 I 100     : Open /data/app/~~QkbRe_-dFpUJhDUHM1fYXw==/com.google.android.apps.tachyon-2sDDHhyn50quhtZ2Cm7SZQ==/base.apk took:54ms
01-31 00:08:40.218 17608 17608 I 100     : Open /data/app/~~IOlgULtWCgy8QQokbjuN0g==/com.google.android.apps.walletnfcrel-wRjjDKt2q98HP11WejU0iA==/base.apk took:58ms
01-31 00:08:41.391 17692 17692 I 100     : Open /data/app/~~VFX55u2nU2guBjSKrorEgw==/com.google.android.gm-zBGtFI1AtStoaTHitG6W3Q==/base.apk took:136ms
01-31 00:08:42.439 17692 17745 I 100     : Open /data/user_de/0/com.google.android.gms/app_chimera/m/00000237/DynamiteLoader.apk took:98ms
01-31 00:08:43.461 17917 17917 I 100     : Open /data/app/~~rJk0fx8YqxRf8KbzPAieAw==/com.oneplus.brickmode-qB2VQpdqOW_E-bYyLI9URA==/base.apk took:57ms
01-31 00:08:43.871 17957 17957 I 100     : Open /data/app/~~TkRBos4lYa2309BKdUevpA==/com.avast.android.cleaner-iHcE8-qC0idATImz8vNqIQ==/base.apk took:55ms
01-31 00:08:44.814 18188 18188 I 100     : Open /data/app/~~Xl6FPEINleqMaSZv0n5UCA==/com.facebook.katana-jSFAQ1yF_HYAusH2KfI5-A==/base.apk took:245ms
01-31 00:08:45.660 18188 18188 I 309     : package:com.facebook.katana took:1122 calssname:android.app.ActivityThread$H callback:null what:110
01-31 00:08:45.917 18275 18275 I 100     : Open /data/app/~~Rmn9OGN-k_ogSSrJVrFlUA==/com.google.android.apps.chromecast.app-uZmVmCPEP5dTvV3KMvVsAA==/base.apk took:111ms
01-31 00:08:47.648 18441 18441 I 100     : Open /data/app/~~qesYql9gT46R3Y-3gg7efg==/com.google.android.apps.playconsole-TTHoSLanjxkvGfajxrPK1w==/base.apk took:55ms
01-31 00:08:48.149 18480 18480 I 100     : Open /data/app/~~Rrq5eSNWigVbdTskQioJhg==/com.google.android.play.games-UlzmUNcK-3lfLvVRXMPidQ==/base.apk took:59ms
01-31 00:08:49.191 18583 18583 I 100     : Open /data/app/~~NM8jTPvHufuEOuNHf0cwQg==/com.sec.android.app.shealth-QMRzWhLJh5sLDxkv1Q9NYA==/base.apk took:88ms
01-31 00:08:49.733  9921 18071 I 110     :  OptJank - total:104 frameGap:188 delta#88#13#4#8#0#2
01-31 00:08:49.842 18635 18635 I 100     : Open /data/app/com.vanced.android.apps.youtube.music-IeCmCELMjFV9j4NoZRloWA==/base.apk took:104ms
01-31 00:08:52.029  9921 18071 I 110     :  OptJank - total:130 frameGap:130 delta#77#53#1#51#0#6
01-31 00:08:54.759 19038 19038 I 100     : Open /data/app/~~JBCudjmIy9Gc1GgJEtV4hA==/com.facebook.orca-UYXmqEU5FfuhbgO7WyXuqw==/base.apk took:207ms
01-31 00:08:55.927 19038 19038 I 309     : package:com.facebook.orca took:1424 calssname:android.app.ActivityThread$H callback:null what:110
01-31 00:09:03.832  5725  5725 I 309     : package:com.android.vending took:8826 calssname:android.os.AsyncTask$InternalHandler callback:null what:1
01-31 00:09:08.701 19410 19410 I 100     : Open /data/app/~~7l62xwTPfgFZBkSUOsTjtw==/com.zhiliaoapp.musically-l5zSB5JzSZ2nbwCxY6YbRw==/base.apk took:193ms
01-31 00:10:10.289  9921 18071 I 111     :  OptJank - continuously drops frames:4
01-31 00:10:10.844  9921 18071 I 111     :  OptJank - high percentage:0.5
01-31 00:10:18.090  9921 18071 I 110     :  OptJank - total:100 frameGap:571 delta#66#31#8#22#0#1
01-31 00:10:38.427  9921 18071 I 110     :  OptJank - total:86 frameGap:627 delta#55#26#10#16#0#3
01-31 00:10:50.601  9921 18071 I 110     :  OptJank - total:97 frameGap:294 delta#77#17#7#9#0#2
01-31 00:13:54.980  9921 18071 I 111     :  OptJank - continuously drops frames:4
01-31 00:13:55.067  9921 18071 I 111     :  OptJank - continuously drops frames:4
01-31 00:13:55.167  9921 18071 I 111     :  OptJank - continuously drops frames:4
01-31 00:13:55.265  9921 18071 I 111     :  OptJank - continuously drops frames:4
01-31 00:13:55.944  9921 18071 I 111     :  OptJank - high percentage:0.7
01-31 00:13:56.381  9921 18071 I 110     :  OptJank - total:125 frameGap:132 delta#0#122#0#4#1#2
01-31 00:13:58.941  9921 18071 I 110     :  OptJank - total:86 frameGap:114 delta#55#26#4#22#0#3
01-31 00:14:07.669  9921 18071 I 110     :  OptJank - total:106 frameGap:1182 delta#88#14#4#8#0#2
01-31 00:14:23.761  9921 18071 I 110     :  OptJank - total:94 frameGap:725 delta#77#11#3#8#0#4
01-31 00:14:26.631  9921 18071 I 110     :  OptJank - total:77 frameGap:85 delta#55#18#9#9#0#3
01-31 00:14:29.361  9921 18071 I 110     :  OptJank - total:109 frameGap:117 delta#99#7#7#0#0#1
01-31 00:14:32.313  9921 18071 I 110     :  OptJank - total:83 frameGap:1238 delta#66#12#1#11#0#3
01-31 00:14:35.720  9921 18071 I 110     :  OptJank - total:101 frameGap:810 delta#77#16#6#10#0#6
01-31 00:14:38.706  9921 18071 I 110     :  OptJank - total:88 frameGap:462 delta#66#14#7#7#0#6
01-31 00:14:40.448  9921 18071 I 110     :  OptJank - total:92 frameGap:92 delta#77#22#0#21#0#2
01-31 00:14:40.448  9921 18071 I 111     : OptJank - big and big
01-31 00:16:12.516  9921 18071 I 111     :  OptJank - continuously drops frames:4
01-31 00:16:15.290  9921 18071 I 111     :  OptJank - continuously drops frames:4
01-31 00:16:15.368  9921 18071 I 111     :  OptJank - continuously drops frames:4
01-31 00:16:15.436  9921 18071 I 111     :  OptJank - high percentage:0.65
01-31 00:16:15.447  9921 18071 I 111     :  OptJank - continuously drops frames:4
01-31 00:16:15.489  9921 18071 I 111     :  OptJank - continuously drops frames:4
01-31 00:16:15.535  9921 18071 I 111     :  OptJank - continuously drops frames:4
01-31 00:16:16.048  9921 18071 I 111     :  OptJank - high percentage:0.55
01-31 00:16:18.434  9921 18071 I 110     :  OptJank - total:86 frameGap:1341 delta#55#25#6#19#1#3
01-31 00:16:25.449  9921 18071 I 110     :  OptJank - total:78 frameGap:1077 delta#66#9#0#8#0#1
01-31 00:16:31.733  9921 18071 I 110     :  OptJank - total:83 frameGap:575 delta#66#13#0#12#0#3
01-31 00:16:33.554  9921 18071 I 110     :  OptJank - total:88 frameGap:1473 delta#66#8#0#7#0#12
01-31 00:16:49.611  9921 18071 I 110     :  OptJank - total:86 frameGap:1398 delta#66#13#4#7#0#5
01-31 00:16:59.146  9921 18071 I 110     :  OptJank - total:86 frameGap:1219 delta#66#17#8#8#0#2
01-31 00:17:01.301  9921 18071 I 110     :  OptJank - total:93 frameGap:93 delta#66#31#1#30#0#2
01-31 00:17:42.429  9921 18071 I 111     :  OptJank - continuously drops frames:4
01-31 00:17:51.693  9921 18071 I 110     :  OptJank - total:95 frameGap:121 delta#55#29#10#18#0#9
01-31 00:18:01.771  9921 18071 I 110     :  OptJank - total:137 frameGap:142 delta#44#88#0#79#0#4
01-31 00:18:06.803  9921 18071 I 110     :  OptJank - total:96 frameGap:190 delta#77#13#1#12#0#4
01-31 00:18:09.911  9921 18071 I 110     :  OptJank - total:92 frameGap:1427 delta#66#20#10#9#0#4
01-31 00:18:16.487  9921 18071 I 110     :  OptJank - total:100 frameGap:106 delta#77#18#0#17#0#4
01-31 00:19:21.815  9921 18071 I 110     :  OptJank - total:83 frameGap:1439 delta#66#13#2#10#0#3
01-31 00:19:38.967  9921 18071 I 110     :  OptJank - total:95 frameGap:771 delta#77#15#3#11#0#2
01-31 00:20:45.201  9921 18071 I 110     :  OptJank - total:80 frameGap:1390 delta#66#11#1#9#0#2
01-31 00:21:15.234  9921 18071 I 110     :  OptJank - total:86 frameGap:585 delta#66#17#10#7#0#2
01-31 00:21:39.375  9921 18071 I 111     :  OptJank - continuously drops frames:4
01-31 00:21:39.425  9921 18071 I 111     :  OptJank - continuously drops frames:4
01-31 00:21:39.450  9921 18071 I 111     :  OptJank - high percentage:0.5
01-31 00:21:48.519  9921 18071 I 110     :  OptJank - total:124 frameGap:1369 delta#99#19#5#13#0#3
01-31 00:21:56.365  9921 18071 I 110     :  OptJank - total:108 frameGap:1475 delta#88#16#0#15#0#3
01-31 00:22:03.476  9921 18071 I 110     :  OptJank - total:89 frameGap:1357 delta#66#20#7#13#0#2
01-31 00:22:07.676  9921 18071 I 110     :  OptJank - total:95 frameGap:1499 delta#66#24#5#18#0#3
01-31 00:22:10.258  9921 18071 I 110     :  OptJank - total:102 frameGap:555 delta#77#15#4#10#0#8
01-31 00:22:15.849  9921 18071 I 110     :  OptJank - total:83 frameGap:1370 delta#55#23#4#19#0#4
01-31 00:23:23.819  9921 18071 I 111     :  OptJank - continuously drops frames:4
01-31 00:23:23.841  9921 18071 I 111     :  OptJank - high percentage:0.45
01-31 00:23:23.862  9921 18071 I 111     :  OptJank - continuously drops frames:4
01-31 00:23:46.556  9921 18071 I 110     :  OptJank - total:99 frameGap:99 delta#88#13#0#12#0#2
01-31 00:23:54.346  9921 18071 I 111     :  OptJank - continuously drops frames:4
01-31 00:23:54.768  9921 18071 I 110     :  OptJank - total:39 frameGap:39 delta#88#73#9#42#0#2
01-31 00:24:05.165  9921 18071 I 111     :  OptJank - continuously drops frames:4
01-31 00:24:05.276  9921 18071 I 111     :  OptJank - continuously drops frames:4
01-31 00:26:02.912  9921 18071 I 111     :  OptJank - continuously drops frames:4
01-31 00:26:02.987  9921 18071 I 111     :  OptJank - continuously drops frames:4
01-31 00:26:05.376  9921 18071 I 111     :  OptJank - continuously drops frames:4
01-31 00:26:11.765  1594  1786 I 322     : com.vanced.android.youtube#-1#431
01-31 00:26:35.588  9921 18071 I 110     :  OptJank - total:18 frameGap:18 delta#22#166#2#163#0#4
01-31 00:26:35.590  9921 18071 I 110     :  OptJank - total:2 frameGap:2 delta#22#167#2#164#0#2
01-31 00:26:45.839  9921 18071 I 111     :  OptJank - continuously drops frames:4
01-31 00:26:46.052  9921 18071 I 111     :  OptJank - continuously drops frames:4
01-31 00:26:46.150  9921 18071 I 111     :  OptJank - high percentage:0.75
01-31 00:26:46.425  9921 18071 I 110     :  OptJank - total:115 frameGap:115 delta#111#2#1#0#0#2
01-31 00:26:46.567  9921 18071 I 110     :  OptJank - total:141 frameGap:142 delta#122#16#7#0#0#2
01-31 00:26:48.311  1594  1786 I 322     : com.vanced.android.youtube#-1#251
01-31 00:27:06.244  9921 18071 I 110     :  OptJank - total:95 frameGap:97 delta#77#14#7#7#0#2
01-31 00:27:27.450  9921 18071 I 110     :  OptJank - total:104 frameGap:2370 delta#33#67#2#56#0#2
01-31 00:30:42.264  9921 18071 I 110     :  OptJank - total:128 frameGap:132 delta#99#25#10#14#0#3
01-31 00:30:42.950  9921 18071 I 110     :  OptJank - total:79 frameGap:441 delta#0#77#3#72#0#2
01-31 00:32:04.982  9921 18071 I 111     :  OptJank - continuously drops frames:4
01-31 00:32:05.024  9921 18071 I 111     :  OptJank - continuously drops frames:4
01-31 00:32:05.108  9921 18071 I 111     :  OptJank - high percentage:0.55
01-31 00:32:10.695  9921 18071 I 110     :  OptJank - total:79 frameGap:1448 delta#55#20#2#17#0#3
01-31 00:32:17.852  9921 18071 I 110     :  OptJank - total:85 frameGap:1420 delta#66#16#6#9#0#2
01-31 00:32:20.536  9921 18071 I 110     :  OptJank - total:92 frameGap:339 delta#77#10#2#8#0#3
01-31 00:33:46.682  9921 18071 I 110     :  OptJank - total:82 frameGap:1226 delta#55#22#10#12#0#4
01-31 00:34:00.929  9921 18071 I 110     :  OptJank - total:93 frameGap:95 delta#66#24#0#24#0#2
01-31 00:34:04.982  9921 18071 I 111     :  OptJank - continuously drops frames:4
01-31 00:34:05.061  9921 18071 I 111     :  OptJank - continuously drops frames:4
01-31 00:34:06.265  9921 18071 I 111     :  OptJank - continuously drops frames:4
01-31 00:34:06.350  9921 18071 I 111     :  OptJank - continuously drops frames:4
01-31 00:34:06.360  9921 18071 I 111     :  OptJank - high percentage:0.55
01-31 00:34:06.393  9921 18071 I 111     :  OptJank - continuously drops frames:4
01-31 00:34:27.631 32191 32191 I 100     : Open /data/app/~~BQkggLBJ5ARrvtrPnFYuTA==/com.google.android.apps.wellbeing-0ObH6XdZ-86HDYWdIHEntw==/base.apk took:55ms
01-31 00:39:29.532  1594  1793 I 300     : 192
01-31 00:40:04.351  9907  9907 I 309     : package:org.stocktwits.android.activity took:2071 calssname:android.os.Handler callback:com.google.android.gms.ads.omid.library.walking.e@f784858 what:0
01-31 00:41:03.212  9921 18071 I 111     :  OptJank - continuously drops frames:4
01-31 00:41:03.259  9921 18071 I 111     :  OptJank - continuously drops frames:4
01-31 00:41:04.035  9921 18071 I 111     :  OptJank - high percentage:0.55
01-31 00:42:29.503  9921 18071 I 110     :  OptJank - total:92 frameGap:93 delta#77#11#5#6#0#2
01-31 00:42:30.434  9921 18071 I 111     :  OptJank - continuously drops frames:4
01-31 00:42:35.032  9921 18071 I 111     :  OptJank - continuously drops frames:4
01-31 00:42:35.084  9921 18071 I 111     :  OptJank - continuously drops frames:4
01-31 00:42:35.138  9921 18071 I 111     :  OptJank - high percentage:0.6
01-31 00:42:35.164  9921 18071 I 111     :  OptJank - continuously drops frames:4
01-31 00:42:39.924  9921 18071 I 111     :  OptJank - continuously drops frames:4
01-31 00:42:40.005  9921 18071 I 111     :  OptJank - high percentage:0.55
01-31 00:42:44.613  9921 18071 I 111     :  OptJank - continuously drops frames:4
01-31 00:42:44.670  9921 18071 I 111     :  OptJank - continuously drops frames:4
01-31 00:42:45.201  9921 18071 I 111     :  OptJank - high percentage:0.55
01-31 00:42:46.841  9921 18071 I 111     :  OptJank - continuously drops frames:4
01-31 00:42:47.143  9921 18071 I 111     :  OptJank - continuously drops frames:4
01-31 00:42:51.587  9921 18071 I 111     :  OptJank - continuously drops frames:4
01-31 00:42:51.628  9921 18071 I 111     :  OptJank - continuously drops frames:4
01-31 00:42:51.672  9921 18071 I 111     :  OptJank - continuously drops frames:4
01-31 00:42:52.720  9921 18071 I 111     :  OptJank - high percentage:0.8
01-31 00:42:54.021  9921 18071 I 110     :  OptJank - total:81 frameGap:90 delta#44#33#1#28#0#3
01-31 00:43:00.112  9921 18071 I 110     :  OptJank - total:87 frameGap:91 delta#55#29#0#29#0#2
01-31 00:45:35.400  9921 18071 I 110     :  OptJank - total:86 frameGap:94 delta#0#82#0#81#0#3
01-31 00:46:41.947  9921 18071 I 111     :  OptJank - continuously drops frames:4
01-31 00:46:41.996  9921 18071 I 111     :  OptJank - continuously drops frames:4
01-31 00:46:42.067  9921 18071 I 111     :  OptJank - high percentage:0.55
01-31 00:46:42.082  9921 18071 I 111     :  OptJank - continuously drops frames:4
01-31 00:46:42.167  9921 18071 I 111     :  OptJank - continuously drops frames:4
01-31 00:46:42.849  9921 18071 I 111     :  OptJank - high percentage:0.45
01-31 00:47:02.881  9921 18071 I 110     :  OptJank - total:109 frameGap:113 delta#77#28#10#17#0#3
01-31 00:47:03.158  9921 18071 I 111     :  OptJank - continuously drops frames:4
01-31 00:47:03.246  9921 18071 I 111     :  OptJank - high percentage:0.5
01-31 00:48:59.593 25303 25303 I 100     : Open /data/app/~~XGE_hYZDTdSGS3vEsGXStA==/com.azure.authenticator-t35CVKZ1y24Jkw0By871kg==/base.apk took:73ms
01-31 00:50:29.747  9921 18071 I 111     :  OptJank - continuously drops frames:4
01-31 00:50:29.805  9921 18071 I 111     :  OptJank - continuously drops frames:4
01-31 00:50:29.928  9921 18071 I 111     :  OptJank - continuously drops frames:4
01-31 00:50:29.970  9921 18071 I 111     :  OptJank - continuously drops frames:4
01-31 00:50:29.986  9921 18071 I 111     :  OptJank - high percentage:0.75
01-31 00:50:30.035  9921 18071 I 111     :  OptJank - continuously drops frames:4
01-31 00:50:34.949  9921 18071 I 110     :  OptJank - total:92 frameGap:99 delta#33#55#10#40#0#3
01-31 00:50:36.889  9921 18071 I 110     :  OptJank - total:224 frameGap:224 delta#177#10#9#0#0#35
01-31 00:50:37.980  1594  1793 I 300     : 391
01-31 00:50:51.889  1594  3217 I 300     : 358
01-31 00:51:10.124  1594  1793 I 300     : 203
01-31 00:51:10.833 25954 25954 I 100     : Open /data/app/~~wOnb7Ye-dbuVB06oMA9BKQ==/com.imdb.mobile-rv_Aos_MgSVcrdrPEGp1XA==/base.apk took:147ms
01-31 00:51:11.143 26015 26015 I 100     : Open /data/app/com.calm.android-7Tij9VJWTgTV3AkV0HGcng==/base.apk took:101ms
01-31 00:51:11.148 25987 25987 I 100     : Open /data/app/~~Xl6FPEINleqMaSZv0n5UCA==/com.facebook.katana-jSFAQ1yF_HYAusH2KfI5-A==/base.apk took:230ms
01-31 00:51:11.284 26070 26070 I 100     : Open /data/app/~~NM8jTPvHufuEOuNHf0cwQg==/com.sec.android.app.shealth-QMRzWhLJh5sLDxkv1Q9NYA==/base.apk took:74ms
01-31 00:51:11.309 26043 26043 I 100     : Open /data/app/~~NM8jTPvHufuEOuNHf0cwQg==/com.sec.android.app.shealth-QMRzWhLJh5sLDxkv1Q9NYA==/base.apk took:177ms
01-31 00:51:12.158 26043 26043 I 309     : package:com.sec.android.app.shealth took:1091 calssname:android.app.ActivityThread$H callback:null what:110
01-31 00:51:12.541 25987 25987 I 309     : package:com.facebook.katana took:1681 calssname:android.app.ActivityThread$H callback:null what:110
01-31 00:51:12.542 26015 26015 I 309     : package:com.calm.android took:1559 calssname:android.app.ActivityThread$H callback:null what:110
01-31 00:51:12.800 25954 25954 I 309     : package:com.imdb.mobile took:2165 calssname:android.app.ActivityThread$H callback:null what:110
01-31 00:51:13.405 26043 26043 I 309     : package:com.sec.android.app.shealth took:1066 calssname:android.app.job.JobServiceEngine$JobHandler callback:null what:2
01-31 00:51:13.433 26070 26070 I 309     : package:com.sec.android.app.shealth took:1230 calssname:android.app.job.JobServiceEngine$JobHandler callback:null what:0
01-31 00:51:13.469 26476 26476 I 100     : Open /data/app/~~jst1WpLsvBGUIFnFpQcR3w==/com.instagram.android-P9v4eBL77IjmXfnaRBIkpw==/base.apk took:233ms
01-31 00:51:13.571  9308  9308 I 309     : package:org.kustom.lockscreen took:1379 calssname:android.app.ActivityThread$H callback:android.app.-$$Lambda$LoadedApk$ReceiverDispatcher$Args$_BumDX2UKsnxLVrE6UJsJZkotuA@f1da60c what:0
01-31 00:51:13.624 26540 26540 I 100     : Open /data/app/~~eP7nszMrlPrkyxGxQ_OPZQ==/com.yahoo.mobile.client.android.finance-NZEqBr1K-Zr-fkdjD2PMzg==/base.apk took:62ms
01-31 00:51:13.676 25954 26473 I 101     : #835
01-31 00:51:13.715 26557 26557 I 100     : Open /data/app/~~Rmn9OGN-k_ogSSrJVrFlUA==/com.google.android.apps.chromecast.app-uZmVmCPEP5dTvV3KMvVsAA==/base.apk took:102ms
01-31 00:51:13.921 26599 26599 I 100     : Open /data/app/~~44ogUbWdMwlCAYwuvhVheQ==/com.google.android.street-TXj6Tlohi_Uuo_KO1fbjmA==/base.apk took:75ms
01-31 00:51:14.394 23215 23215 I 101     : #702
01-31 00:51:14.490 25954 25954 I 309     : package:com.imdb.mobile took:1583 calssname:android.os.Handler callback:DB0@8ed4c04 what:0
01-31 00:51:14.539 26540 26540 I 309     : package:com.yahoo.mobile.client.android.finance took:1009 calssname:android.app.ActivityThread$H callback:null what:110
01-31 00:51:14.725 20629 20629 I 101     : #1054
01-31 00:51:14.726 20629 20629 I 309     : package:org.kustom.widget took:1281 calssname:android.app.ActivityThread$H callback:android.app.-$$Lambda$LoadedApk$ReceiverDispatcher$Args$_BumDX2UKsnxLVrE6UJsJZkotuA@cda2e4c what:0
01-31 00:51:14.879 26557 26557 I 309     : package:com.google.android.apps.chromecast.app took:1317 calssname:android.app.ActivityThread$H callback:null what:110
01-31 00:51:15.611 27040 27040 I 100     : Open /data/app/~~hZDhpbbuyaendDATLA6T4A==/com.oneplus.gallery-IXjsRg-sPta1KRYJrc1apA==/base.apk took:196ms
01-31 00:51:15.726 26632 26632 I 309     : package:com.google.android.play.games took:1731 calssname:android.app.ActivityThread$H callback:null what:110
01-31 00:51:16.504 26043 26112 I 101     : #182
01-31 00:51:16.601 26070 26111 I 101     : #252
01-31 00:51:16.817 26015 26098 I 101     : #642
01-31 00:51:16.848 27222 27222 I 100     : Open /data/app/~~LIm8_q_LoUmMeTqfyvmQQA==/com.google.android.apps.docs-ErLsuBzan5ixwZl0SfD17Q==/base.apk took:76ms
01-31 00:51:17.102 25987 26103 I 101     : #836
01-31 00:51:17.253 25987 26007 I 101     : #150
01-31 00:51:18.129  1594  2278 I 106     : System spent 123.6ms processing the last motion event: MotionEvent#MOVE
01-31 00:51:18.129  1594  2278 I 106     : System spent 115.5ms processing the last motion event: MotionEvent#MOVE
01-31 00:51:18.129  1594  2278 I 106     : System spent 107.4ms processing the last motion event: MotionEvent#MOVE
01-31 00:51:18.173 27449 27449 I 100     : Open /data/app/~~VFX55u2nU2guBjSKrorEgw==/com.google.android.gm-zBGtFI1AtStoaTHitG6W3Q==/base.apk took:160ms
01-31 00:51:18.294 27222 27222 I 309     : package:com.google.android.apps.docs took:1753 calssname:android.app.ActivityThread$H callback:null what:110
01-31 00:51:18.313 25954 26022 I 101     : #2418
01-31 00:51:18.892 27040 27040 I 309     : package:com.oneplus.gallery took:3508 calssname:android.app.ActivityThread$H callback:null what:110
01-31 00:51:18.967  5148  5864 I 110     :  OptJank - total:136 frameGap:136 delta#0#2#1#0#0#136
01-31 00:51:19.088 26476 26590 I 101     : #375
01-31 00:51:19.095  5148  5864 I 110     :  OptJank - total:110 frameGap:110 delta#0#9#8#0#0#110
01-31 00:51:19.095  5148  5864 I 111     : OptJank - big and big
01-31 00:51:19.352  5148  5864 I 110     :  OptJank - total:141 frameGap:153 delta#0#136#0#1#0#4
01-31 00:51:19.370 26557 26609 I 101     : #584
01-31 00:51:19.548 26632 26711 I 101     : #438
01-31 00:51:19.599 27222 27530 I 101     : #996
01-31 00:51:19.854 26540 26592 I 101     : #1184
01-31 00:51:20.051 27589 27589 I 100     : Open /data/app/~~7uS2jj4UQU-Zog-nYrP27w==/com.google.android.apps.photos-klfleeP3BK-_jftUwoQPTw==/base.apk took:97ms
01-31 00:51:20.126  2552  2950 I 111     :  OptJank - continuously drops frames:4
01-31 00:51:20.199  2552  2950 I 111     :  OptJank - continuously drops frames:4
01-31 00:51:20.270  2552  2950 I 111     :  OptJank - continuously drops frames:4
01-31 00:51:20.618  2552  2950 I 110     :  OptJank - total:315 frameGap:315 delta#299#14#0#8#0#4
01-31 00:51:20.646  2552  2950 I 111     :  OptJank - continuously drops frames:4
01-31 00:51:20.821 26476 26476 I 309     : package:com.instagram.android took:7659 calssname:android.app.ActivityThread$H callback:null what:110
01-31 00:51:20.851 27222 27530 I 100     : Open /data/user_de/0/com.google.android.gms/app_chimera/m/0000023a/GoogleCertificates.apk took:64ms
01-31 00:51:20.948  2552  2950 I 111     :  OptJank - high percentage:0.8
01-31 00:51:21.026  2552  2950 I 111     :  OptJank - continuously drops frames:4
01-31 00:51:21.381 27589 27589 I 309     : package:com.google.android.apps.photos took:1545 calssname:android.app.ActivityThread$H callback:null what:110
01-31 00:51:21.555 27883 27883 I 100     : Open /data/app/~~6s9SvzWasVk5x1pt--FZIw==/com.google.android.apps.authenticator2-QlkbN5z-F1Q8nVxyN4C-Jw==/base.apk took:99ms
01-31 00:51:21.566 25987 26103 I 101     : #951
01-31 00:51:21.580 27449 27449 I 309     : package:com.google.android.gm took:3664 calssname:android.app.ActivityThread$H callback:null what:110
01-31 00:51:22.337 28079 28079 I 100     : Open /data/app/~~jst1WpLsvBGUIFnFpQcR3w==/com.instagram.android-P9v4eBL77IjmXfnaRBIkpw==/base.apk took:221ms
01-31 00:51:22.553 28112 28112 I 100     : Open /data/app/~~wNe_oXEize2haaZHq8cteQ==/com.cxinventor.file.explorer-rcKE1xMM_L8qDGuf7fsDdQ==/base.apk took:86ms
01-31 00:51:22.671 27222 27350 I 101     : #657
01-31 00:51:22.850  2552  2950 I 111     :  OptJank - continuously drops frames:4
01-31 00:51:22.910  2552  2950 I 111     :  OptJank - continuously drops frames:4
01-31 00:51:22.951  2552  2950 I 111     :  OptJank - continuously drops frames:4
01-31 00:51:23.227 28079 28079 I 309     : package:com.instagram.android took:1192 calssname:android.app.ActivityThread$H callback:null what:110
01-31 00:51:23.624 27449 27515 I 101     : #389
01-31 00:51:23.899 28112 28112 I 309     : package:com.cxinventor.file.explorer took:1480 calssname:android.app.ActivityThread$H callback:null what:110
01-31 00:51:24.349 28346 28346 I 100     : Open /data/app/~~Ub_Ii6f4OnOHj0ijBMqczQ==/com.alphainventor.filemanager-QhPP9ezlzbG-8UGGoFXQ-Q==/base.apk took:62ms
01-31 00:51:24.743  1594  1786 I 322     : com.oneplus.deskclock#80#641
01-31 00:51:25.511 28505 28505 I 100     : Open /data/app/~~uNzNQd0hUDAF6DmnbcCHGA==/com.google.android.apps.docs.editors.slides-zdSOn8sIHCg7NdmAvpECNw==/base.apk took:72ms
01-31 00:51:25.754 27222 27501 I 100     : Open /system/framework/com.android.media.remotedisplay.jar took:52ms
01-31 00:51:26.238 27222 27501 I 100     : Open /data/app/~~eLqKUBxV8xGOjqxTEDYg2Q==/com.google.android.gms-8fR8Nzz4FyGCvA4Iaqq3vQ==/base.apk took:390ms
01-31 00:51:26.407 28613 28613 I 100     : Open /data/app/~~5RcDgSy6WaWkUSg2qPyCuw==/com.meetup-wZ0MidQ5Ls34FYN3Tt6pVQ==/base.apk took:80ms
01-31 00:51:27.030 29910 29910 I 309     : package:com.oneplus.deskclock took:2088 calssname:android.view.Choreographer$FrameHandler callback:android.view.Choreographer$FrameDisplayEventReceiver@2336192 what:0
01-31 00:51:27.090 27589 28452 I 100     : Open /data/user_de/0/com.google.android.gms/app_chimera/m/00000236/CronetDynamite.apk took:149ms
01-31 00:51:27.448 28613 28613 I 309     : package:com.meetup took:1153 calssname:android.app.ActivityThread$H callback:null what:110
01-31 00:51:27.662 28734 28734 I 100     : Open /data/app/~~zuJ9Jjq_gY_x_S-BrF1l_Q==/com.google.android.projection.gearhead-kqEEfFusr8hhefBmhQsjMg==/base.apk took:122ms
01-31 00:51:29.538 28991 29061 I 100     : Open /data/app/~~Wee-Tpqq0F2CcaJ5GFfqIw==/com.google.android.trichromelibrary_466410434-YKo7rJvaO82CBRmCYGzZ7A==/base.apk took:135ms
01-31 00:51:29.739 28991 29061 I 100     : Open /data/app/~~i8F-hNY4YeqalEuQ2RG4tg==/com.google.android.webview-OUbtvVzUBsQXpAsHDC7-TA==/base.apk took:176ms
01-31 00:51:30.870 29194 29194 I 100     : Open /data/app/~~TdfISV50yYFktP0aKOGdTA==/com.snapchat.android-2h6YjsPv7Eld3LdR3kykLw==/base.apk took:110ms
01-31 00:51:32.003 29365 29365 I 100     : Open /data/app/com.vanced.android.apps.youtube.music-IeCmCELMjFV9j4NoZRloWA==/base.apk took:74ms
01-31 00:51:33.242 28825 28868 I 101     : #319
01-31 00:51:33.396 29666 29666 I 100     : Open /data/app/~~9aXmTdaukOoKnrWGlZ4V_w==/com.soundcloud.android-ghllcA2Wk34Pvlptqf4iWw==/base.apk took:121ms
01-31 00:51:33.917 29387 29387 I 309     : package:com.in.w3d took:1762 calssname:android.app.ActivityThread$H callback:null what:110
01-31 00:51:34.092 29910 28406 I 110     :  OptJank - total:183 frameGap:222 delta#0#179#6#173#1#2
01-31 00:51:34.168 29806 29806 I 100     : Open /data/app/~~JBCudjmIy9Gc1GgJEtV4hA==/com.facebook.orca-UYXmqEU5FfuhbgO7WyXuqw==/base.apk took:134ms
01-31 00:51:34.216 28991 29016 I 101     : #188
01-31 00:51:34.572 29910 28406 I 110     :  OptJank - total:184 frameGap:189 delta#0#180#4#175#1#2
01-31 00:51:34.825 29666 29666 I 309     : package:com.soundcloud.android took:1593 calssname:android.app.ActivityThread$H callback:null what:110
01-31 00:51:34.876 29910 28406 I 110     :  OptJank - total:162 frameGap:259 delta#0#158#0#158#1#2
01-31 00:51:34.988 29985 29985 I 100     : Open /data/app/~~LL7mBUTLIvAU2DMCrgW8IQ==/se.appcorn.Blocket-TCQkZoGUTC8E2wvoMeQZ7Q==/base.apk took:74ms
01-31 00:51:35.226 29910 28406 I 110     :  OptJank - total:268 frameGap:351 delta#44#219#1#217#1#3
01-31 00:51:35.567 30150 30150 I 100     : Open /data/app/~~PMzetrpJAfjFBkrJ_lQ_Aw==/com.hellofresh.androidapp-5skqn3SS_D55JVIfUWBwMQ==/base.apk took:87ms
01-31 00:51:35.849 29806 30210 I 100     : Open /system/framework/QPerformance.jar took:224ms
01-31 00:51:35.998 30150 30318 I 100     : Open /data/user_de/0/com.google.android.gms/app_chimera/m/00000237/DynamiteLoader.apk took:53ms
01-31 00:51:36.030 30263 30263 I 100     : Open /system/product/app/GoogleContactsSyncAdapter/GoogleContactsSyncAdapter.apk took:68ms
01-31 00:51:36.058 29666 29666 I 101     : #662
01-31 00:51:36.220 29666 29666 I 309     : package:com.soundcloud.android took:1198 calssname:android.app.ActivityThread$H callback:null what:114
01-31 00:51:36.264 29806 29806 I 309     : package:com.facebook.orca took:2253 calssname:android.app.ActivityThread$H callback:null what:110
01-31 00:51:36.743 29985 29985 I 309     : package:se.appcorn.Blocket took:1969 calssname:android.app.ActivityThread$H callback:null what:110
01-31 00:51:36.789 29194 29271 I 101     : #892
01-31 00:51:37.050 29913 29913 I 309     : package:hiddencamdetector.futureapps.com.hiddencamdetector took:2488 calssname:android.app.ActivityThread$H callback:null what:110
01-31 00:51:37.202 30150 30150 I 309     : package:com.hellofresh.androidapp took:1762 calssname:android.app.ActivityThread$H callback:null what:110
01-31 00:51:37.220 29194 29206 I 101     : #430
01-31 00:51:37.525  1594  2278 I 106     : System spent 202.4ms processing the last motion event: MotionEvent#UP
01-31 00:51:37.581 29910 28406 I 110     :  OptJank - total:133 frameGap:133 delta#211#3#2#0#0#1
01-31 00:51:37.585 30061 30061 I 309     : package:com.getsomeheadspace.android took:2681 calssname:android.app.ActivityThread$H callback:null what:110
01-31 00:51:37.618 29365 29385 I 101     : #594
01-31 00:51:37.669 29387 29451 I 101     : #392
01-31 00:51:37.941 29910 28406 I 110     :  OptJank - total:164 frameGap:172 delta#0#160#0#159#1#2
01-31 00:51:38.224 29910 28406 I 110     :  OptJank - total:191 frameGap:220 delta#22#164#3#161#1#3
01-31 00:51:38.503 29910 28406 I 110     :  OptJank - total:201 frameGap:208 delta#33#164#140#24#1#2
01-31 00:51:38.860 29666 29706 I 101     : #414
01-31 00:51:39.844 30784 30784 I 100     : Open /data/app/~~2kxuf41PQv-kr9t3q4YMZw==/com.google.android.apps.nbu.files-K60IVW8Z5SLGE12lj8HlsA==/base.apk took:66ms
01-31 00:51:40.371 30784 30829 I 100     : Open /data/app/~~eLqKUBxV8xGOjqxTEDYg2Q==/com.google.android.gms-8fR8Nzz4FyGCvA4Iaqq3vQ==/base.apk took:108ms
01-31 00:51:40.690 30061 30092 I 101     : #682
01-31 00:51:40.815 30150 30240 I 101     : #173
01-31 00:51:41.426 30784 30821 I 100     : Open /data/user_de/0/com.google.android.gms/app_chimera/m/00000236/CronetDynamite.apk took:96ms
01-31 00:51:41.531 30863 30863 I 100     : Open /system/system_ext/priv-app/OPAccessoryFramework/OPAccessoryFramework.apk took:55ms
01-31 00:51:42.682 30973 30973 I 100     : Open /data/app/~~2mmqKynq1qYHgPmpBdQfEQ==/com.linkedin.android-E2A-30bXTQs2bmcu9LCNwQ==/base.apk took:213ms
01-31 00:51:43.850 30950 30950 I 309     : package:com.arjanvlek.oxygenupdater took:1518 calssname:android.app.ActivityThread$H callback:null what:110
01-31 00:51:43.934 30973 30973 I 309     : package:com.linkedin.android took:1510 calssname:android.app.ActivityThread$H callback:null what:110
01-31 00:51:47.762 31652 31652 I 100     : Open /data/app/~~D4c99ZobKyJiTLGdXsoLgQ==/se.tv4.tv4playtab-113-jzGcyM9s4ZlKVJExcA==/base.apk took:52ms
01-31 00:51:48.087 31716 31716 I 100     : Open /data/app/~~DfJA8-BjDwaRFzujX1Rd3g==/com.reddit.frontpage-IPuNMnqKSRdNXwKYDfgyhA==/base.apk took:74ms
01-31 00:51:48.984 31914 31914 I 100     : Open /data/app/~~g3sYkavRe9ZkhlqTztwM0Q==/se.aftonbladet.start-cdaZZIWiZ1IpbZ2JzldxZg==/base.apk took:75ms
01-31 00:51:49.068 31927 31927 I 100     : Open /data/app/~~7468TfwldWZQLlcaKxzvHg==/com.twitter.android-11g7PA3s5SWNMuwF162vZw==/base.apk took:146ms
01-31 00:51:49.917 32093 32093 I 100     : Open /data/app/~~gIQJ1W2uGHYk0TUYrUGD-A==/org.dayup.stocks-YRNRSCfLc4NiAw6UHWiXzg==/base.apk took:182ms
01-31 00:51:50.226 31914 31914 I 309     : package:se.aftonbladet.start took:1335 calssname:android.app.ActivityThread$H callback:null what:110
01-31 00:51:50.690 32093 32093 I 309     : package:org.dayup.stocks took:1009 calssname:android.app.ActivityThread$H callback:null what:110
01-31 00:51:50.931 32327 32327 I 100     : Open /data/app/~~VFX55u2nU2guBjSKrorEgw==/com.google.android.gm-zBGtFI1AtStoaTHitG6W3Q==/base.apk took:66ms
01-31 00:51:52.021 32327 32471 I 100     : Open /data/app/~~eLqKUBxV8xGOjqxTEDYg2Q==/com.google.android.gms-8fR8Nzz4FyGCvA4Iaqq3vQ==/base.apk took:70ms
01-31 00:51:52.410 32327 32462 I 100     : Open /data/user_de/0/com.google.android.gms/app_chimera/m/00000236/CronetDynamite.apk took:52ms
01-31 00:51:52.990 31652 31679 I 101     : #216
01-31 00:51:54.666 31927 31965 I 101     : #529
01-31 00:51:55.450 32560 32733 I 101     : #258
01-31 00:51:55.452 32560 32669 I 101     : #258
01-31 00:51:55.948 32560 32669 I 101     : #357
01-31 00:51:55.949 32560 32733 I 101     : #235
01-31 00:51:58.416   419   419 I 100     : Open /data/app/~~zuJ9Jjq_gY_x_S-BrF1l_Q==/com.google.android.projection.gearhead-kqEEfFusr8hhefBmhQsjMg==/base.apk took:64ms
01-31 00:52:00.298   890   890 I 100     : Open /data/app/com.calm.android-7Tij9VJWTgTV3AkV0HGcng==/base.apk took:79ms
01-31 00:52:01.324  1669  1669 I 100     : Open /data/app/~~LIm8_q_LoUmMeTqfyvmQQA==/com.google.android.apps.docs-ErLsuBzan5ixwZl0SfD17Q==/base.apk took:70ms
01-31 00:52:01.545  1740  1740 I 100     : Open /data/app/~~IOlgULtWCgy8QQokbjuN0g==/com.google.android.apps.walletnfcrel-wRjjDKt2q98HP11WejU0iA==/base.apk took:54ms
01-31 00:52:02.684  2181  2181 I 100     : Open /data/app/~~eP7nszMrlPrkyxGxQ_OPZQ==/com.yahoo.mobile.client.android.finance-NZEqBr1K-Zr-fkdjD2PMzg==/base.apk took:51ms
01-31 00:52:03.702  2181  2181 I 309     : package:com.yahoo.mobile.client.android.finance took:1086 calssname:android.app.ActivityThread$H callback:null what:110
01-31 00:52:03.759   585   623 I 101     : #184
01-31 00:52:05.358  1803  2057 I 100     : Open /data/app/~~eLqKUBxV8xGOjqxTEDYg2Q==/com.google.android.gms-8fR8Nzz4FyGCvA4Iaqq3vQ==/base.apk took:106ms
01-31 00:57:05.649  4166  4166 I 100     : Open /data/app/~~jst1WpLsvBGUIFnFpQcR3w==/com.instagram.android-P9v4eBL77IjmXfnaRBIkpw==/base.apk took:102ms
01-31 00:57:06.837  4166  4166 I 309     : package:com.instagram.android took:1313 calssname:android.app.ActivityThread$H callback:null what:110
01-31 00:57:07.063  4401  4401 I 100     : Open /data/app/~~jst1WpLsvBGUIFnFpQcR3w==/com.instagram.android-P9v4eBL77IjmXfnaRBIkpw==/base.apk took:64ms
01-31 00:58:06.385  4680  4680 I 100     : Open /data/app/~~DfJA8-BjDwaRFzujX1Rd3g==/com.reddit.frontpage-IPuNMnqKSRdNXwKYDfgyhA==/base.apk took:70ms
01-31 00:58:06.452  4696  4696 I 100     : Open /data/app/~~njhaFv0M3CN_Rz_S44SZaA==/com.microsoft.teams-28_KpgbdelsKz-xvdGA5wg==/base.apk took:111ms
01-31 00:58:06.456  4647  4647 I 100     : Open /data/app/~~4XW11p94wzQcYcehLQzdZQ==/com.tinder-TCkrLv1Ah4hN4GfrhStqmg==/base.apk took:190ms
01-31 00:58:07.205  5284  5284 I 100     : Open /data/app/~~EN94P48QeVANRtxhkXQ49A==/com.revolut.revolut-8fqBSmaCLwjQM1wJQiMx8w==/base.apk took:77ms
01-31 00:58:07.509  5460  5460 I 100     : Open /data/app/~~XGE_hYZDTdSGS3vEsGXStA==/com.azure.authenticator-t35CVKZ1y24Jkw0By871kg==/base.apk took:125ms
01-31 00:58:08.408  5460  5460 I 309     : package:com.azure.authenticator took:1083 calssname:android.app.ActivityThread$H callback:null what:110
01-31 01:01:52.832  6652  6652 I 100     : Open /data/app/~~7468TfwldWZQLlcaKxzvHg==/com.twitter.android-11g7PA3s5SWNMuwF162vZw==/base.apk took:64ms
01-31 01:07:18.072  7645  7645 I 100     : Open /data/app/~~TdfISV50yYFktP0aKOGdTA==/com.snapchat.android-2h6YjsPv7Eld3LdR3kykLw==/base.apk took:100ms
01-31 01:07:30.315  8064  8064 I 100     : Open /data/app/~~JBCudjmIy9Gc1GgJEtV4hA==/com.facebook.orca-UYXmqEU5FfuhbgO7WyXuqw==/base.apk took:70ms
01-31 01:07:31.059  8292  8292 I 100     : Open /data/app/~~MTHe8NtN5lss575905UpRQ==/com.google.android.apps.maps-KZeEFadCC4yIP0bseNISmg==/base.apk took:59ms
01-31 01:07:31.888  8426  8426 I 100     : Open /data/app/~~QkbRe_-dFpUJhDUHM1fYXw==/com.google.android.apps.tachyon-2sDDHhyn50quhtZ2Cm7SZQ==/base.apk took:60ms
01-31 01:07:32.545  8574  8574 I 100     : Open /data/app/~~BQkggLBJ5ARrvtrPnFYuTA==/com.google.android.apps.wellbeing-0ObH6XdZ-86HDYWdIHEntw==/base.apk took:72ms
01-31 01:07:34.341  8645  8877 I 100     : Open /data/app/~~eLqKUBxV8xGOjqxTEDYg2Q==/com.google.android.gms-8fR8Nzz4FyGCvA4Iaqq3vQ==/base.apk took:64ms
01-31 01:07:34.349  8645  8911 I 100     : Open /data/user_de/0/com.google.android.gms/app_chimera/m/00000237/DynamiteLoader.apk took:56ms
01-31 01:07:34.362  8891  8891 I 100     : Open /data/app/~~7l62xwTPfgFZBkSUOsTjtw==/com.zhiliaoapp.musically-l5zSB5JzSZ2nbwCxY6YbRw==/base.apk took:88ms
01-31 01:07:35.288  9074  9074 I 100     : Open /data/app/~~5RcDgSy6WaWkUSg2qPyCuw==/com.meetup-wZ0MidQ5Ls34FYN3Tt6pVQ==/base.apk took:76ms
01-31 01:07:35.508  8963  9073 I 100     : Open /data/app/~~Wee-Tpqq0F2CcaJ5GFfqIw==/com.google.android.trichromelibrary_466410434-YKo7rJvaO82CBRmCYGzZ7A==/base.apk took:113ms
01-31 01:07:35.580  9139  9139 I 100     : Open /data/app/~~9aXmTdaukOoKnrWGlZ4V_w==/com.soundcloud.android-ghllcA2Wk34Pvlptqf4iWw==/base.apk took:67ms
01-31 01:07:35.823  9273  9273 I 100     : Open /data/app/~~Xl6FPEINleqMaSZv0n5UCA==/com.facebook.katana-jSFAQ1yF_HYAusH2KfI5-A==/base.apk took:105ms
01-31 01:07:36.273  9061  9061 I 309     : package:com.oneplus.gallery took:1094 calssname:android.app.ActivityThread$H callback:null what:110
01-31 01:07:36.546  9139  9139 I 309     : package:com.soundcloud.android took:1070 calssname:android.app.ActivityThread$H callback:null what:110
01-31 01:07:37.390  9825  9904 I 100     : Open /data/app/~~eLqKUBxV8xGOjqxTEDYg2Q==/com.google.android.gms-8fR8Nzz4FyGCvA4Iaqq3vQ==/base.apk took:105ms
01-31 01:07:37.941  8574  8606 I 101     : #337
01-31 01:07:38.090 10094 10094 I 100     : Open /data/app/~~2mmqKynq1qYHgPmpBdQfEQ==/com.linkedin.android-E2A-30bXTQs2bmcu9LCNwQ==/base.apk took:84ms
01-31 01:07:38.438  8621  8686 I 101     : #193
01-31 01:07:38.899  8645  8761 I 101     : #354
01-31 01:07:39.162 10094 10094 I 309     : package:com.linkedin.android took:1185 calssname:android.app.ActivityThread$H callback:null what:110
01-31 01:07:39.302 10069 10069 I 309     : package:com.arjanvlek.oxygenupdater took:1447 calssname:android.app.ActivityThread$H callback:null what:110
01-31 01:07:39.692  8891  8921 I 101     : #255
01-31 01:07:40.086  8963  8999 I 101     : #319
01-31 01:07:40.556 10468 10468 I 100     : Open /data/app/~~gIQJ1W2uGHYk0TUYrUGD-A==/org.dayup.stocks-YRNRSCfLc4NiAw6UHWiXzg==/base.apk took:78ms
01-31 01:07:41.921 10720 10720 I 100     : Open /data/app/~~NM8jTPvHufuEOuNHf0cwQg==/com.sec.android.app.shealth-QMRzWhLJh5sLDxkv1Q9NYA==/base.apk took:76ms
01-31 01:07:46.044 11524 11524 I 100     : Open /data/app/~~hZDhpbbuyaendDATLA6T4A==/com.oneplus.gallery-IXjsRg-sPta1KRYJrc1apA==/base.apk took:81ms
01-31 01:07:50.002 11661 11661 I 100     : Open /data/app/~~MAz5ruwfnbE9DAwLRNCHVA==/com.google.android.googlequicksearchbox-lN55XJiRdBeu9fZzBylQgg==/base.apk took:149ms
01-31 01:07:52.970 11760 11760 I 100     : Open /data/app/~~oGIlgnI26qAzSJabhvEqjw==/com.google.android.marvin.talkback-dJ-DmJiRcvA5ypdWv1H-Hw==/base.apk took:131ms
01-31 01:07:56.540 11913 11913 I 100     : Open /data/app/com.vanced.android.apps.youtube.music-IeCmCELMjFV9j4NoZRloWA==/base.apk took:78ms
01-31 01:07:59.037 12100 12100 I 100     : Open /data/app/~~-GvRfOEVoe-uWjxm_oo9vw==/com.google.android.apps.docs.editors.docs-H6q7rXi_HFJ7wBegK9qKdQ==/base.apk took:78ms
01-31 01:08:01.891 12413 12413 I 100     : Open /data/app/~~DsC4HzI8_UI7Nz-gPBdp9A==/com.dropbox.android-76INct13imA-46VpuXJr_w==/base.apk took:102ms
01-31 01:08:02.787 12413 12413 I 309     : package:com.dropbox.android took:1017 calssname:android.app.ActivityThread$H callback:null what:110
01-31 01:08:02.899 12603 12603 I 100     : Open /data/app/~~7uS2jj4UQU-Zog-nYrP27w==/com.google.android.apps.photos-klfleeP3BK-_jftUwoQPTw==/base.apk took:123ms
01-31 01:08:04.898 12809 12809 I 100     : Open /data/app/~~VFX55u2nU2guBjSKrorEgw==/com.google.android.gm-zBGtFI1AtStoaTHitG6W3Q==/base.apk took:99ms
01-31 01:08:05.616 12907 12907 I 100     : Open /data/app/~~7l62xwTPfgFZBkSUOsTjtw==/com.zhiliaoapp.musically-l5zSB5JzSZ2nbwCxY6YbRw==/base.apk took:113ms
01-31 01:08:05.846 12809 12857 I 100     : Open /data/app/~~eLqKUBxV8xGOjqxTEDYg2Q==/com.google.android.gms-8fR8Nzz4FyGCvA4Iaqq3vQ==/base.apk took:54ms
01-31 01:08:06.426 12907 13004 I 100     : Open /data/app/~~Wee-Tpqq0F2CcaJ5GFfqIw==/com.google.android.trichromelibrary_466410434-YKo7rJvaO82CBRmCYGzZ7A==/base.apk took:116ms
01-31 01:08:06.591 12907 13134 I 100     : Open /data/user_de/0/com.google.android.gms/app_chimera/m/00000237/DynamiteLoader.apk took:63ms
01-31 01:08:06.754 12907 13004 I 100     : Open /data/app/~~i8F-hNY4YeqalEuQ2RG4tg==/com.google.android.webview-OUbtvVzUBsQXpAsHDC7-TA==/base.apk took:144ms
01-31 01:08:15.165 13728 13728 I 100     : Open /data/app/~~JBCudjmIy9Gc1GgJEtV4hA==/com.facebook.orca-UYXmqEU5FfuhbgO7WyXuqw==/base.apk took:53ms
01-31 01:08:18.018 29911 29911 I 100     : Open /data/app/~~OS3wD0otQ-VQ4d7BElAQXw==/com.google.android.apps.fitness-XmEyQH-DCmp9t0sAypcbqA==/base.apk took:70ms
01-31 01:08:18.681 14008 14008 I 100     : Open /data/app/~~7l62xwTPfgFZBkSUOsTjtw==/com.zhiliaoapp.musically-l5zSB5JzSZ2nbwCxY6YbRw==/base.apk took:145ms
01-31 01:08:34.384 14373 14373 I 100     : Open /data/app/~~Xl6FPEINleqMaSZv0n5UCA==/com.facebook.katana-jSFAQ1yF_HYAusH2KfI5-A==/base.apk took:212ms
01-31 01:08:35.235 14373 14373 I 309     : package:com.facebook.katana took:1100 calssname:android.app.ActivityThread$H callback:null what:110
01-31 01:08:35.464 14373 14429 I 100     : Open /system/framework/QPerformance.jar took:66ms
01-31 01:10:18.548 19982 19982 I 100     : Open /data/app/~~P2FqAlltMJjGLU92tuDnGQ==/net.oneplus.weather-9SxJk8WSEfHP2sPYhEncQQ==/base.apk took:59ms
01-31 01:10:30.483 15077 15077 I 100     : Open /data/app/~~MTHe8NtN5lss575905UpRQ==/com.google.android.apps.maps-KZeEFadCC4yIP0bseNISmg==/base.apk took:103ms
01-31 01:10:31.205 15128 15128 I 100     : Open /data/app/~~QkbRe_-dFpUJhDUHM1fYXw==/com.google.android.apps.tachyon-2sDDHhyn50quhtZ2Cm7SZQ==/base.apk took:60ms
01-31 01:10:33.661 15374 15374 I 100     : Open /data/app/~~rJk0fx8YqxRf8KbzPAieAw==/com.oneplus.brickmode-qB2VQpdqOW_E-bYyLI9URA==/base.apk took:59ms
01-31 01:10:34.222 15418 15418 I 100     : Open /data/app/~~Rmn9OGN-k_ogSSrJVrFlUA==/com.google.android.apps.chromecast.app-uZmVmCPEP5dTvV3KMvVsAA==/base.apk took:51ms
01-31 01:10:37.105 15667 15667 I 100     : Open /data/app/~~NM8jTPvHufuEOuNHf0cwQg==/com.sec.android.app.shealth-QMRzWhLJh5sLDxkv1Q9NYA==/base.apk took:79ms
01-31 01:10:37.730 15727 15727 I 100     : Open /data/app/~~7468TfwldWZQLlcaKxzvHg==/com.twitter.android-11g7PA3s5SWNMuwF162vZw==/base.apk took:144ms
01-31 01:10:38.400 15786 15786 I 100     : Open /data/app/~~hZDhpbbuyaendDATLA6T4A==/com.oneplus.gallery-IXjsRg-sPta1KRYJrc1apA==/base.apk took:84ms
01-31 01:10:38.801 15727 15824 I 100     : Open /system/framework/com.android.media.remotedisplay.jar took:61ms
01-31 01:10:42.291 16024 16024 I 100     : Open /data/app/~~7l62xwTPfgFZBkSUOsTjtw==/com.zhiliaoapp.musically-l5zSB5JzSZ2nbwCxY6YbRw==/base.apk took:162ms
01-31 01:10:50.033 16308 16308 I 100     : Open /data/app/~~MTHe8NtN5lss575905UpRQ==/com.google.android.apps.maps-KZeEFadCC4yIP0bseNISmg==/base.apk took:81ms
01-31 01:10:51.365 16396 16396 I 100     : Open /data/app/~~MAz5ruwfnbE9DAwLRNCHVA==/com.google.android.googlequicksearchbox-lN55XJiRdBeu9fZzBylQgg==/base.apk took:124ms
01-31 01:10:51.894  5725  5725 I 309     : package:com.android.vending took:7344 calssname:android.os.AsyncTask$InternalHandler callback:null what:1
01-31 01:10:52.777 16458 16458 I 100     : Open /data/app/~~oGIlgnI26qAzSJabhvEqjw==/com.google.android.marvin.talkback-dJ-DmJiRcvA5ypdWv1H-Hw==/base.apk took:188ms
01-31 01:10:54.139 16556 16556 I 100     : Open /data/app/~~-GvRfOEVoe-uWjxm_oo9vw==/com.google.android.apps.docs.editors.docs-H6q7rXi_HFJ7wBegK9qKdQ==/base.apk took:79ms
01-31 01:10:54.908 16631 16631 I 100     : Open /data/app/~~uNzNQd0hUDAF6DmnbcCHGA==/com.google.android.apps.docs.editors.slides-zdSOn8sIHCg7NdmAvpECNw==/base.apk took:61ms
01-31 01:10:55.450 16724 16724 I 100     : Open /data/app/~~2kxuf41PQv-kr9t3q4YMZw==/com.google.android.apps.nbu.files-K60IVW8Z5SLGE12lj8HlsA==/base.apk took:68ms
01-31 01:10:56.035 16799 16799 I 100     : Open /data/app/~~7uS2jj4UQU-Zog-nYrP27w==/com.google.android.apps.photos-klfleeP3BK-_jftUwoQPTw==/base.apk took:77ms
01-31 01:10:56.618 16839 16839 I 100     : Open /data/app/~~1uypQr2pqDJgJEc3e7ikoQ==/com.google.android.apps.docs.editors.sheets-pW2VUKLibx_KTZoyNf3SKQ==/base.apk took:53ms
01-31 01:11:00.193 17056 17056 I 309     : package:com.google.android.youtube took:1410 calssname:android.app.ActivityThread$H callback:null what:110
01-31 01:13:18.155 17876 17876 I 100     : Open /data/app/~~DfJA8-BjDwaRFzujX1Rd3g==/com.reddit.frontpage-IPuNMnqKSRdNXwKYDfgyhA==/base.apk took:82ms
01-31 01:14:46.786 18327 18386 I 100     : Open /data/app/~~i8F-hNY4YeqalEuQ2RG4tg==/com.google.android.webview-OUbtvVzUBsQXpAsHDC7-TA==/base.apk took:112ms
01-31 01:14:46.842 18394 18394 I 100     : Open /data/app/~~Xl6FPEINleqMaSZv0n5UCA==/com.facebook.katana-jSFAQ1yF_HYAusH2KfI5-A==/base.apk took:232ms
01-31 01:14:54.327 18647 18647 I 100     : Open /data/app/~~JBCudjmIy9Gc1GgJEtV4hA==/com.facebook.orca-UYXmqEU5FfuhbgO7WyXuqw==/base.apk took:147ms
01-31 01:15:42.542 18848 18848 I 100     : Open /data/app/~~jst1WpLsvBGUIFnFpQcR3w==/com.instagram.android-P9v4eBL77IjmXfnaRBIkpw==/base.apk took:101ms
01-31 01:15:43.735 18848 18848 I 309     : package:com.instagram.android took:1330 calssname:android.app.ActivityThread$H callback:null what:110
01-31 01:15:43.999 19003 19003 I 100     : Open /data/app/~~jst1WpLsvBGUIFnFpQcR3w==/com.instagram.android-P9v4eBL77IjmXfnaRBIkpw==/base.apk took:61ms
01-31 01:17:41.913 19115 19115 I 100     : Open /data/app/~~2mmqKynq1qYHgPmpBdQfEQ==/com.linkedin.android-E2A-30bXTQs2bmcu9LCNwQ==/base.apk took:83ms
01-31 01:17:41.919 19121 19121 I 100     : Open /data/app/~~7l62xwTPfgFZBkSUOsTjtw==/com.zhiliaoapp.musically-l5zSB5JzSZ2nbwCxY6YbRw==/base.apk took:79ms
01-31 01:17:42.815 19189 19359 I 100     : Open /data/app/~~Wee-Tpqq0F2CcaJ5GFfqIw==/com.google.android.trichromelibrary_466410434-YKo7rJvaO82CBRmCYGzZ7A==/base.apk took:77ms
01-31 01:17:43.004 19189 19396 I 100     : Open /data/user_de/0/com.google.android.gms/app_chimera/m/00000237/DynamiteLoader.apk took:69ms
01-31 01:17:43.027 19189 19359 I 100     : Open /data/app/~~i8F-hNY4YeqalEuQ2RG4tg==/com.google.android.webview-OUbtvVzUBsQXpAsHDC7-TA==/base.apk took:185ms
01-31 01:21:42.052 19846 19846 I 100     : Open /data/app/~~TdfISV50yYFktP0aKOGdTA==/com.snapchat.android-2h6YjsPv7Eld3LdR3kykLw==/base.apk took:88ms
01-31 01:22:42.083 19939 19939 I 100     : Open /data/app/~~EN94P48QeVANRtxhkXQ49A==/com.revolut.revolut-8fqBSmaCLwjQM1wJQiMx8w==/base.apk took:70ms
01-31 01:22:43.169 19939 19939 I 309     : package:com.revolut.revolut took:1174 calssname:android.app.ActivityThread$H callback:null what:110
01-31 01:22:44.092 20209 20209 I 309     : package:com.arjanvlek.oxygenupdater took:1209 calssname:android.app.ActivityThread$H callback:null what:110
01-31 01:23:46.384 20933 20933 I 100     : Open /data/app/~~9aXmTdaukOoKnrWGlZ4V_w==/com.soundcloud.android-ghllcA2Wk34Pvlptqf4iWw==/base.apk took:55ms
01-31 01:23:48.740 21284 21284 I 100     : Open /data/app/~~Et39AXfJUiCty09Ec73B3w==/com.Slack-YYImYe4ntJeaY7LwI26GgA==/base.apk took:80ms
01-31 01:23:58.007 21577 21577 I 100     : Open /data/app/~~cDC-K9niCC4nhcze3peMjQ==/com.mobivending.espressohouse-zvpNf3SVlkhUctsWuYZnzA==/base.apk took:72ms
01-31 01:24:03.998 21780 21780 I 100     : Open /data/app/~~7l62xwTPfgFZBkSUOsTjtw==/com.zhiliaoapp.musically-l5zSB5JzSZ2nbwCxY6YbRw==/base.apk took:129ms
01-31 01:24:04.692 21780 21835 I 100     : Open /data/app/~~Wee-Tpqq0F2CcaJ5GFfqIw==/com.google.android.trichromelibrary_466410434-YKo7rJvaO82CBRmCYGzZ7A==/base.apk took:79ms
01-31 01:25:13.412 22313 22313 I 100     : Open /data/app/~~FzogFg0yOCFfye_8P6DKlg==/com.healthfitnessnordic.gxbooking-qpwwex-9P7t_XXB6lvo1mg==/base.apk took:88ms
