01-31 01:27:24.933 23149 23149 I 100     : Open /data/app/~~DfJA8-BjDwaRFzujX1Rd3g==/com.reddit.frontpage-IPuNMnqKSRdNXwKYDfgyhA==/base.apk took:125ms
01-31 01:28:10.101 23402 23402 I 100     : Open /data/app/~~7468TfwldWZQLlcaKxzvHg==/com.twitter.android-11g7PA3s5SWNMuwF162vZw==/base.apk took:84ms
01-31 01:28:30.226 24000 24000 I 100     : Open /data/app/~~7tx6tA1OiO0JGjPn0zzxxA==/se.oresundskraft.getbright-RGz3VQa1r_hM6ouT4GadMg==/base.apk took:55ms
01-31 01:29:15.078 24468 24468 I 100     : Open /data/app/~~iVjFJ0cRbpspd9cPenTJrQ==/se.telenor.mytelenor-nKnKsKoOzWOZTXUT7MUhJQ==/base.apk took:54ms
01-31 01:29:36.220 24743 24743 I 100     : Open /data/app/~~QxMCWfHx4jYt_YsLNpU1Kw==/com.instantbits.cast.webvideo-VaOZQzXPzZ88ywGs1sUCSQ==/base.apk took:55ms
01-31 01:29:45.546 24840 24840 I 100     : Open /data/app/~~aAxz9nHjc6NNA4wU9hU0qg==/com.clubhouse.app-YS9y9M6su84DzEzrR0cfvA==/base.apk took:56ms
01-31 01:29:47.801 24866 24866 I 100     : Open /data/app/~~IyyyINxg8IJS4goNdIPhzw==/com.myklarnamobile-Y_SwT1C0Fm7j_9frevr25Q==/base.apk took:53ms
01-31 01:30:45.731 25320 25320 I 100     : Open /data/app/~~Rmn9OGN-k_ogSSrJVrFlUA==/com.google.android.apps.chromecast.app-uZmVmCPEP5dTvV3KMvVsAA==/base.apk took:52ms
01-31 01:30:49.600 25251 25251 I 309     : package:com.microsoft.office.excel took:5604 calssname:android.os.Handler callback:com.microsoft.office.BackgroundTaskHost.b@e4ee8a4 what:0
01-31 01:36:43.378 26386 26386 I 100     : Open /data/app/~~qesYql9gT46R3Y-3gg7efg==/com.google.android.apps.playconsole-TTHoSLanjxkvGfajxrPK1w==/base.apk took:59ms
01-31 01:37:42.932 26438 26438 I 100     : Open /data/app/~~TdfISV50yYFktP0aKOGdTA==/com.snapchat.android-2h6YjsPv7Eld3LdR3kykLw==/base.apk took:121ms
01-31 01:44:46.443 27323 27323 I 100     : Open /data/app/~~XGE_hYZDTdSGS3vEsGXStA==/com.azure.authenticator-t35CVKZ1y24Jkw0By871kg==/base.apk took:62ms
01-31 01:44:55.215 27524 27524 I 100     : Open /data/app/~~7l62xwTPfgFZBkSUOsTjtw==/com.zhiliaoapp.musically-l5zSB5JzSZ2nbwCxY6YbRw==/base.apk took:132ms
01-31 01:44:55.856 27524 27611 I 100     : Open /data/app/~~i8F-hNY4YeqalEuQ2RG4tg==/com.google.android.webview-OUbtvVzUBsQXpAsHDC7-TA==/base.apk took:75ms
01-31 01:44:56.044 27524 27664 I 100     : Open /data/user_de/0/com.google.android.gms/app_chimera/m/00000237/DynamiteLoader.apk took:73ms
01-31 01:45:07.931 27824 27824 I 100     : Open /data/app/~~7l62xwTPfgFZBkSUOsTjtw==/com.zhiliaoapp.musically-l5zSB5JzSZ2nbwCxY6YbRw==/base.apk took:97ms
01-31 01:45:23.584 28107 28107 I 100     : Open /data/app/~~Xl6FPEINleqMaSZv0n5UCA==/com.facebook.katana-jSFAQ1yF_HYAusH2KfI5-A==/base.apk took:202ms
01-31 01:45:30.973 28284 28284 I 100     : Open /data/app/~~JBCudjmIy9Gc1GgJEtV4hA==/com.facebook.orca-UYXmqEU5FfuhbgO7WyXuqw==/base.apk took:128ms
01-31 01:53:55.984 29837 29837 I 100     : Open /data/app/~~JZ_m3E17LxRWrkPIhb2NPw==/com.nhl.gc1112.free-HdZ3u4H4jaitJevGoRRj0Q==/base.apk took:79ms
01-31 01:54:44.476 29919 29919 I 100     : Open /data/app/~~7uS2jj4UQU-Zog-nYrP27w==/com.google.android.apps.photos-klfleeP3BK-_jftUwoQPTw==/base.apk took:55ms
01-31 01:55:13.819 29961 29961 I 100     : Open /data/app/~~qXBTrNhqiTIC01L49pccTw==/tv.twitch.android.app-UGyZqhLIEoC96wdG-yY-sA==/base.apk took:87ms
01-31 01:58:43.596 30082 30082 I 100     : Open /data/app/~~njhaFv0M3CN_Rz_S44SZaA==/com.microsoft.teams-28_KpgbdelsKz-xvdGA5wg==/base.apk took:67ms
01-31 01:58:43.641 30101 30101 I 100     : Open /data/app/~~EN94P48QeVANRtxhkXQ49A==/com.revolut.revolut-8fqBSmaCLwjQM1wJQiMx8w==/base.apk took:80ms
01-31 01:58:45.428 30249 30249 I 309     : package:com.azure.authenticator took:1162 calssname:android.app.ActivityThread$H callback:null what:110
01-31 01:58:48.081 30485 30485 I 100     : Open /data/app/~~7l62xwTPfgFZBkSUOsTjtw==/com.zhiliaoapp.musically-l5zSB5JzSZ2nbwCxY6YbRw==/base.apk took:94ms
01-31 01:58:48.655 30485 30560 I 100     : Open /data/app/~~Wee-Tpqq0F2CcaJ5GFfqIw==/com.google.android.trichromelibrary_466410434-YKo7rJvaO82CBRmCYGzZ7A==/base.apk took:68ms
01-31 01:58:48.863 30485 30589 I 100     : Open /data/user_de/0/com.google.android.gms/app_chimera/m/00000237/DynamiteLoader.apk took:137ms
01-31 01:58:48.989 30485 30560 I 100     : Open /data/app/~~i8F-hNY4YeqalEuQ2RG4tg==/com.google.android.webview-OUbtvVzUBsQXpAsHDC7-TA==/base.apk took:131ms
01-31 01:59:00.766 30779 30779 I 100     : Open /data/app/~~7l62xwTPfgFZBkSUOsTjtw==/com.zhiliaoapp.musically-l5zSB5JzSZ2nbwCxY6YbRw==/base.apk took:98ms
01-31 01:59:16.386 31122 31122 I 100     : Open /data/app/~~Xl6FPEINleqMaSZv0n5UCA==/com.facebook.katana-jSFAQ1yF_HYAusH2KfI5-A==/base.apk took:160ms
01-31 01:59:23.607 31272 31272 I 100     : Open /data/app/~~JBCudjmIy9Gc1GgJEtV4hA==/com.facebook.orca-UYXmqEU5FfuhbgO7WyXuqw==/base.apk took:101ms
01-31 02:03:45.351 32082 32082 I 100     : Open /data/app/~~2mmqKynq1qYHgPmpBdQfEQ==/com.linkedin.android-E2A-30bXTQs2bmcu9LCNwQ==/base.apk took:132ms
01-31 02:07:45.521 32410 32410 I 100     : Open /data/app/~~TdfISV50yYFktP0aKOGdTA==/com.snapchat.android-2h6YjsPv7Eld3LdR3kykLw==/base.apk took:59ms
01-31 02:07:46.978 32394 32394 I 309     : package:com.microsoft.skydrive took:1590 calssname:android.app.ActivityThread$H callback:null what:110
01-31 02:13:45.612  1682  1682 I 100     : Open /data/app/~~7468TfwldWZQLlcaKxzvHg==/com.twitter.android-11g7PA3s5SWNMuwF162vZw==/base.apk took:146ms
01-31 02:13:46.493 19984 19984 I 100     : Open /data/app/~~P2FqAlltMJjGLU92tuDnGQ==/net.oneplus.weather-9SxJk8WSEfHP2sPYhEncQQ==/base.apk took:65ms
01-31 02:13:47.666  2180  2180 I 100     : Open /data/app/~~7l62xwTPfgFZBkSUOsTjtw==/com.zhiliaoapp.musically-l5zSB5JzSZ2nbwCxY6YbRw==/base.apk took:94ms
01-31 02:13:48.270  2180  2247 I 100     : Open /data/app/~~Wee-Tpqq0F2CcaJ5GFfqIw==/com.google.android.trichromelibrary_466410434-YKo7rJvaO82CBRmCYGzZ7A==/base.apk took:63ms
01-31 02:13:48.490  2180  2453 I 100     : Open /data/user_de/0/com.google.android.gms/app_chimera/m/00000237/DynamiteLoader.apk took:66ms
01-31 02:14:16.068  2872  2872 I 100     : Open /data/app/~~Xl6FPEINleqMaSZv0n5UCA==/com.facebook.katana-jSFAQ1yF_HYAusH2KfI5-A==/base.apk took:148ms
01-31 02:14:23.212  3165  3165 I 100     : Open /data/app/~~JBCudjmIy9Gc1GgJEtV4hA==/com.facebook.orca-UYXmqEU5FfuhbgO7WyXuqw==/base.apk took:104ms
01-31 02:14:46.169  3599  3599 I 100     : Open /data/app/~~eP7nszMrlPrkyxGxQ_OPZQ==/com.yahoo.mobile.client.android.finance-NZEqBr1K-Zr-fkdjD2PMzg==/base.apk took:54ms
01-31 02:22:46.697  4256  4256 I 100     : Open /data/app/~~MTHe8NtN5lss575905UpRQ==/com.google.android.apps.maps-KZeEFadCC4yIP0bseNISmg==/base.apk took:74ms
01-31 02:22:47.358  4256  4376 I 100     : Open /data/user_de/0/com.google.android.gms/app_chimera/m/00000236/CronetDynamite.apk took:78ms
01-31 02:23:52.725  4656  4656 I 100     : Open /data/app/~~Et39AXfJUiCty09Ec73B3w==/com.Slack-YYImYe4ntJeaY7LwI26GgA==/base.apk took:99ms
01-31 02:28:47.146  4870  4870 I 100     : Open /data/app/~~EN94P48QeVANRtxhkXQ49A==/com.revolut.revolut-8fqBSmaCLwjQM1wJQiMx8w==/base.apk took:72ms
01-31 02:31:49.546  5637  5637 I 100     : Open /data/app/~~BQkggLBJ5ARrvtrPnFYuTA==/com.google.android.apps.wellbeing-0ObH6XdZ-86HDYWdIHEntw==/base.apk took:52ms
01-31 02:34:47.773  5800  5800 I 100     : Open /data/app/~~GQakDnAGcaoeI5vkPoY34w==/com.google.android.inputmethod.latin-NumyuXdQIhR-4CfUfeVHlg==/base.apk took:75ms
01-31 02:35:14.067  5917  5917 I 100     : Open /data/app/~~jst1WpLsvBGUIFnFpQcR3w==/com.instagram.android-P9v4eBL77IjmXfnaRBIkpw==/base.apk took:118ms
01-31 02:35:15.462  5917  5917 I 309     : package:com.instagram.android took:1719 calssname:android.app.ActivityThread$H callback:null what:110
01-31 02:35:15.726  6097  6097 I 100     : Open /data/app/~~jst1WpLsvBGUIFnFpQcR3w==/com.instagram.android-P9v4eBL77IjmXfnaRBIkpw==/base.apk took:62ms
01-31 02:37:43.413  6600  6600 I 100     : Open /data/app/~~7uS2jj4UQU-Zog-nYrP27w==/com.google.android.apps.photos-klfleeP3BK-_jftUwoQPTw==/base.apk took:100ms
01-31 02:37:44.079  6648  6648 I 100     : Open /data/app/~~QkbRe_-dFpUJhDUHM1fYXw==/com.google.android.apps.tachyon-2sDDHhyn50quhtZ2Cm7SZQ==/base.apk took:63ms
01-31 02:37:45.197  6781  6781 I 100     : Open /data/app/~~GYkofKWBsR_P2jasPbU0MA==/com.google.android.calendar-leN8rnq7AmOwqjvjyh_IvQ==/base.apk took:64ms
01-31 02:37:46.053  6908  6908 I 100     : Open /data/app/~~VFX55u2nU2guBjSKrorEgw==/com.google.android.gm-zBGtFI1AtStoaTHitG6W3Q==/base.apk took:102ms
01-31 02:37:48.122  7159  7159 I 100     : Open /data/app/~~TdfISV50yYFktP0aKOGdTA==/com.snapchat.android-2h6YjsPv7Eld3LdR3kykLw==/base.apk took:80ms
01-31 02:37:48.471  7036  7036 I 309     : package:com.google.android.videos took:1304 calssname:android.app.ActivityThread$H callback:null what:110
01-31 02:37:48.881  7472  7472 I 100     : Open /data/app/~~rJk0fx8YqxRf8KbzPAieAw==/com.oneplus.brickmode-qB2VQpdqOW_E-bYyLI9URA==/base.apk took:58ms
01-31 02:37:49.426  7527  7527 I 100     : Open /data/app/~~TkRBos4lYa2309BKdUevpA==/com.avast.android.cleaner-iHcE8-qC0idATImz8vNqIQ==/base.apk took:105ms
01-31 02:37:49.857  7586  7586 I 100     : Open /data/app/~~hZDhpbbuyaendDATLA6T4A==/com.oneplus.gallery-IXjsRg-sPta1KRYJrc1apA==/base.apk took:75ms
01-31 02:37:50.816  7527  7527 I 309     : package:com.avast.android.cleaner took:1534 calssname:android.app.ActivityThread$H callback:null what:110
01-31 02:37:51.218  7888  7888 I 100     : Open /data/app/~~Xl6FPEINleqMaSZv0n5UCA==/com.facebook.katana-jSFAQ1yF_HYAusH2KfI5-A==/base.apk took:257ms
01-31 02:37:51.987  7888  7888 I 309     : package:com.facebook.katana took:1081 calssname:android.app.ActivityThread$H callback:null what:110
01-31 02:37:52.173  8018  8018 I 100     : Open /data/app/~~Rmn9OGN-k_ogSSrJVrFlUA==/com.google.android.apps.chromecast.app-uZmVmCPEP5dTvV3KMvVsAA==/base.apk took:56ms
01-31 02:37:53.384  8153  8153 I 100     : Open /data/app/~~qesYql9gT46R3Y-3gg7efg==/com.google.android.apps.playconsole-TTHoSLanjxkvGfajxrPK1w==/base.apk took:69ms
01-31 02:37:53.851  8237  8237 I 100     : Open /data/app/~~44ogUbWdMwlCAYwuvhVheQ==/com.google.android.street-TXj6Tlohi_Uuo_KO1fbjmA==/base.apk took:60ms
01-31 02:37:54.377  8288  8288 I 100     : Open /data/app/~~NM8jTPvHufuEOuNHf0cwQg==/com.sec.android.app.shealth-QMRzWhLJh5sLDxkv1Q9NYA==/base.apk took:86ms
01-31 02:37:54.991  8334  8334 I 100     : Open /data/app/~~7468TfwldWZQLlcaKxzvHg==/com.twitter.android-11g7PA3s5SWNMuwF162vZw==/base.apk took:155ms
01-31 02:37:56.010  8450  8450 I 100     : Open /data/app/com.vanced.android.apps.youtube.music-IeCmCELMjFV9j4NoZRloWA==/base.apk took:104ms
01-31 02:37:56.072  8334  8414 I 100     : Open /data/app/~~eLqKUBxV8xGOjqxTEDYg2Q==/com.google.android.gms-8fR8Nzz4FyGCvA4Iaqq3vQ==/base.apk took:187ms
01-31 02:37:56.452  8450  8522 I 100     : Open /data/user/0/com.vanced.android.apps.youtube.music/cache/1602042106149.jar took:65ms
01-31 02:37:59.209  8757  8757 I 100     : Open /data/app/~~JBCudjmIy9Gc1GgJEtV4hA==/com.facebook.orca-UYXmqEU5FfuhbgO7WyXuqw==/base.apk took:144ms
01-31 02:38:00.498  8757  8757 I 309     : package:com.facebook.orca took:1457 calssname:android.app.ActivityThread$H callback:null what:110
01-31 02:38:05.731  5725  5725 I 309     : package:com.android.vending took:5405 calssname:android.os.AsyncTask$InternalHandler callback:null what:1
01-31 02:39:01.694  9389  9389 I 100     : Open /data/app/~~XGE_hYZDTdSGS3vEsGXStA==/com.azure.authenticator-t35CVKZ1y24Jkw0By871kg==/base.apk took:65ms
01-31 02:39:02.682  9389  9389 I 309     : package:com.azure.authenticator took:1082 calssname:android.app.ActivityThread$H callback:null what:110
01-31 02:40:53.488  9658  9658 I 100     : Open /data/app/~~jst1WpLsvBGUIFnFpQcR3w==/com.instagram.android-P9v4eBL77IjmXfnaRBIkpw==/base.apk took:101ms
01-31 02:40:54.634  9658  9658 I 309     : package:com.instagram.android took:1274 calssname:android.app.ActivityThread$H callback:null what:110
01-31 02:40:54.927  9841  9841 I 100     : Open /data/app/~~jst1WpLsvBGUIFnFpQcR3w==/com.instagram.android-P9v4eBL77IjmXfnaRBIkpw==/base.apk took:61ms
01-31 02:44:48.454 10028 10028 I 100     : Open /data/app/~~DfJA8-BjDwaRFzujX1Rd3g==/com.reddit.frontpage-IPuNMnqKSRdNXwKYDfgyhA==/base.apk took:96ms
01-31 02:48:04.795 10275 10275 I 100     : Open /data/app/~~7l62xwTPfgFZBkSUOsTjtw==/com.zhiliaoapp.musically-l5zSB5JzSZ2nbwCxY6YbRw==/base.apk took:90ms
01-31 02:48:05.832 10375 10448 I 100     : Open /data/app/~~Wee-Tpqq0F2CcaJ5GFfqIw==/com.google.android.trichromelibrary_466410434-YKo7rJvaO82CBRmCYGzZ7A==/base.apk took:101ms
01-31 02:48:05.915 10375 10448 I 100     : Open /data/app/~~i8F-hNY4YeqalEuQ2RG4tg==/com.google.android.webview-OUbtvVzUBsQXpAsHDC7-TA==/base.apk took:55ms
01-31 02:48:06.311 10375 10525 I 100     : Open /data/user_de/0/com.google.android.gms/app_chimera/m/00000237/DynamiteLoader.apk took:307ms
01-31 02:48:11.401 10340 10340 I 309     : package:com.microsoft.office.onenote took:6050 calssname:android.os.Handler callback:com.microsoft.office.BackgroundTaskHost.BackgroundJobIntentService$a@cd14952 what:0
01-31 02:48:48.849 10827 10827 I 100     : Open /data/app/~~2mmqKynq1qYHgPmpBdQfEQ==/com.linkedin.android-E2A-30bXTQs2bmcu9LCNwQ==/base.apk took:114ms
01-31 02:58:49.569 12501 12501 I 100     : Open /data/app/~~MTHe8NtN5lss575905UpRQ==/com.google.android.apps.maps-KZeEFadCC4yIP0bseNISmg==/base.apk took:65ms
01-31 02:58:49.605 12533 12533 I 100     : Open /data/app/~~g3sYkavRe9ZkhlqTztwM0Q==/se.aftonbladet.start-cdaZZIWiZ1IpbZ2JzldxZg==/base.apk took:67ms
01-31 02:58:49.639 12554 12554 I 100     : Open /data/app/~~7uS2jj4UQU-Zog-nYrP27w==/com.google.android.apps.photos-klfleeP3BK-_jftUwoQPTw==/base.apk took:56ms
01-31 02:58:49.714 12576 12576 I 100     : Open /data/app/~~njhaFv0M3CN_Rz_S44SZaA==/com.microsoft.teams-28_KpgbdelsKz-xvdGA5wg==/base.apk took:97ms
01-31 02:58:50.374 12855 12855 I 100     : Open /data/app/~~EN94P48QeVANRtxhkXQ49A==/com.revolut.revolut-8fqBSmaCLwjQM1wJQiMx8w==/base.apk took:67ms
01-31 02:58:50.579 12959 12959 I 100     : Open /data/app/~~XGE_hYZDTdSGS3vEsGXStA==/com.azure.authenticator-t35CVKZ1y24Jkw0By871kg==/base.apk took:57ms
01-31 02:58:51.517 12959 12959 I 309     : package:com.azure.authenticator took:1043 calssname:android.app.ActivityThread$H callback:null what:110
01-31 02:58:52.137 13278 13278 I 100     : Open /data/app/~~7l62xwTPfgFZBkSUOsTjtw==/com.zhiliaoapp.musically-l5zSB5JzSZ2nbwCxY6YbRw==/base.apk took:258ms
01-31 02:58:53.108 13278 13278 I 309     : package:com.zhiliaoapp.musically took:1273 calssname:android.app.ActivityThread$H callback:null what:110
01-31 02:58:53.275 13278 13353 I 100     : Open /data/app/~~Wee-Tpqq0F2CcaJ5GFfqIw==/com.google.android.trichromelibrary_466410434-YKo7rJvaO82CBRmCYGzZ7A==/base.apk took:99ms
01-31 02:58:54.770 12533 12611 I 101     : #155
01-31 02:58:58.307 13530 13530 I 100     : Open /data/app/~~t4wRLeQ7wHFWPYahPOAkBA==/org.kustom.widget-TzQRrPM0mSJt7QMsOcZpJg==/base.apk took:68ms
01-31 03:02:49.873 13787 13787 I 100     : Open /data/app/~~9aXmTdaukOoKnrWGlZ4V_w==/com.soundcloud.android-ghllcA2Wk34Pvlptqf4iWw==/base.apk took:101ms
01-31 03:02:50.261 13842 13842 I 100     : Open /data/app/~~Xl6FPEINleqMaSZv0n5UCA==/com.facebook.katana-jSFAQ1yF_HYAusH2KfI5-A==/base.apk took:93ms
01-31 03:02:57.660 14208 14208 I 100     : Open /data/app/~~JBCudjmIy9Gc1GgJEtV4hA==/com.facebook.orca-UYXmqEU5FfuhbgO7WyXuqw==/base.apk took:150ms
01-31 03:03:50.092 14434 14434 I 100     : Open /data/app/~~2mmqKynq1qYHgPmpBdQfEQ==/com.linkedin.android-E2A-30bXTQs2bmcu9LCNwQ==/base.apk took:111ms
01-31 03:04:50.036 14535 14535 I 100     : Open /data/app/~~LL7mBUTLIvAU2DMCrgW8IQ==/se.appcorn.Blocket-TCQkZoGUTC8E2wvoMeQZ7Q==/base.apk took:63ms
01-31 03:07:50.290 14841 14841 I 100     : Open /data/app/~~TdfISV50yYFktP0aKOGdTA==/com.snapchat.android-2h6YjsPv7Eld3LdR3kykLw==/base.apk took:66ms
01-31 03:12:51.195 15581 15581 I 100     : Open /data/app/~~qesYql9gT46R3Y-3gg7efg==/com.google.android.apps.playconsole-TTHoSLanjxkvGfajxrPK1w==/base.apk took:55ms
01-31 03:19:48.382 19985 19985 I 100     : Open /data/app/~~P2FqAlltMJjGLU92tuDnGQ==/net.oneplus.weather-9SxJk8WSEfHP2sPYhEncQQ==/base.apk took:106ms
01-31 03:24:51.611 16130 16130 I 100     : Open /data/app/~~Et39AXfJUiCty09Ec73B3w==/com.Slack-YYImYe4ntJeaY7LwI26GgA==/base.apk took:84ms
01-31 03:28:33.651 16434 16434 I 309     : package:com.microsoft.office.powerpoint took:5713 calssname:android.os.Handler callback:com.microsoft.office.BackgroundTaskHost.b@617d8b2 what:0
01-31 03:29:11.707 16511 16511 I 100     : Open /data/app/~~EN94P48QeVANRtxhkXQ49A==/com.revolut.revolut-8fqBSmaCLwjQM1wJQiMx8w==/base.apk took:82ms
01-31 03:29:12.885 16511 16511 I 309     : package:com.revolut.revolut took:1281 calssname:android.app.ActivityThread$H callback:null what:110
01-31 03:34:52.268 16970 16970 I 309     : package:com.azure.authenticator took:1010 calssname:android.app.ActivityThread$H callback:null what:110
01-31 03:37:12.498 17164 17164 I 100     : Open /data/app/~~qXBTrNhqiTIC01L49pccTw==/tv.twitch.android.app-UGyZqhLIEoC96wdG-yY-sA==/base.apk took:100ms
01-31 03:38:52.918 17305 17305 I 100     : Open /data/app/~~TdfISV50yYFktP0aKOGdTA==/com.snapchat.android-2h6YjsPv7Eld3LdR3kykLw==/base.apk took:57ms
01-31 03:42:53.279 17759 17759 I 100     : Open /data/app/~~ub5IkFFmvepxkRBFBAJSwA==/com.booking-k7staUWFszyfee2mBgmKCA==/base.apk took:156ms
01-31 03:42:53.943 17759 17867 I 100     : Open /data/user_de/0/com.google.android.gms/app_chimera/m/0000023b/MapsDynamite.apk took:84ms
01-31 03:45:53.830 18170 18170 I 309     : package:com.microsoft.office.word took:5480 calssname:android.os.Handler callback:com.microsoft.office.BackgroundTaskHost.b@7ed15b9 what:0
01-31 03:51:36.401 18458 18458 I 100     : Open /data/app/~~5RcDgSy6WaWkUSg2qPyCuw==/com.meetup-wZ0MidQ5Ls34FYN3Tt6pVQ==/base.apk took:65ms
01-31 03:51:36.412 18407 18407 I 100     : Open /data/app/~~Xl6FPEINleqMaSZv0n5UCA==/com.facebook.katana-jSFAQ1yF_HYAusH2KfI5-A==/base.apk took:89ms
01-31 03:51:43.811 18905 18905 I 100     : Open /data/app/~~JBCudjmIy9Gc1GgJEtV4hA==/com.facebook.orca-UYXmqEU5FfuhbgO7WyXuqw==/base.apk took:100ms
01-31 03:54:53.760 19998 19998 I 100     : Open /data/app/~~7l62xwTPfgFZBkSUOsTjtw==/com.zhiliaoapp.musically-l5zSB5JzSZ2nbwCxY6YbRw==/base.apk took:143ms
01-31 03:54:54.660 19998 20037 I 100     : Open /data/app/~~i8F-hNY4YeqalEuQ2RG4tg==/com.google.android.webview-OUbtvVzUBsQXpAsHDC7-TA==/base.apk took:249ms
01-31 03:54:54.682 19998 20108 I 100     : Open /data/user_de/0/com.google.android.gms/app_chimera/m/00000237/DynamiteLoader.apk took:113ms
01-31 03:55:06.496 20206 20206 I 100     : Open /data/app/~~7l62xwTPfgFZBkSUOsTjtw==/com.zhiliaoapp.musically-l5zSB5JzSZ2nbwCxY6YbRw==/base.apk took:99ms
01-31 03:59:23.287 20587 20587 I 100     : Open /data/app/~~njhaFv0M3CN_Rz_S44SZaA==/com.microsoft.teams-28_KpgbdelsKz-xvdGA5wg==/base.apk took:62ms
01-31 03:59:24.141 20848 20848 I 100     : Open /data/app/~~XGE_hYZDTdSGS3vEsGXStA==/com.azure.authenticator-t35CVKZ1y24Jkw0By871kg==/base.apk took:82ms
01-31 03:59:25.460 20848 20848 I 309     : package:com.azure.authenticator took:1429 calssname:android.app.ActivityThread$H callback:null what:110
01-31 04:01:22.434 21198 21340 I 101     : #163
01-31 04:01:22.434 21198 21254 I 101     : #161
01-31 04:02:23.886 21440 21440 I 100     : Open /data/app/~~GYkofKWBsR_P2jasPbU0MA==/com.google.android.calendar-leN8rnq7AmOwqjvjyh_IvQ==/base.apk took:54ms
01-31 04:03:54.710 21566 21566 I 100     : Open /data/app/~~9aXmTdaukOoKnrWGlZ4V_w==/com.soundcloud.android-ghllcA2Wk34Pvlptqf4iWw==/base.apk took:59ms
01-31 04:05:14.797 22114 22114 I 100     : Open /data/app/~~2mmqKynq1qYHgPmpBdQfEQ==/com.linkedin.android-E2A-30bXTQs2bmcu9LCNwQ==/base.apk took:78ms
01-31 04:07:55.337 22295 22295 I 309     : package:com.microsoft.skydrive took:1026 calssname:android.app.ActivityThread$H callback:null what:110
01-31 04:08:55.143 23017 23017 I 100     : Open /data/app/~~TdfISV50yYFktP0aKOGdTA==/com.snapchat.android-2h6YjsPv7Eld3LdR3kykLw==/base.apk took:88ms
01-31 04:19:55.062 23903 23903 I 100     : Open /data/app/~~GQakDnAGcaoeI5vkPoY34w==/com.google.android.inputmethod.latin-NumyuXdQIhR-4CfUfeVHlg==/base.apk took:51ms
01-31 04:25:16.365 24685 24685 I 100     : Open /data/app/~~Et39AXfJUiCty09Ec73B3w==/com.Slack-YYImYe4ntJeaY7LwI26GgA==/base.apk took:110ms
01-31 04:28:57.063 24962 24962 I 100     : Open /data/app/~~Xl6FPEINleqMaSZv0n5UCA==/com.facebook.katana-jSFAQ1yF_HYAusH2KfI5-A==/base.apk took:90ms
01-31 04:28:59.757 25270 25270 I 100     : Open /data/app/~~XGE_hYZDTdSGS3vEsGXStA==/com.azure.authenticator-t35CVKZ1y24Jkw0By871kg==/base.apk took:74ms
01-31 04:29:01.001 25301 25301 I 309     : package:com.azure.authenticator took:1007 calssname:android.app.ActivityThread$H callback:null what:110
01-31 04:29:01.303 25270 25270 I 309     : package:com.azure.authenticator took:1655 calssname:android.app.ActivityThread$H callback:null what:110
01-31 04:29:04.698 25466 25466 I 100     : Open /data/app/~~JBCudjmIy9Gc1GgJEtV4hA==/com.facebook.orca-UYXmqEU5FfuhbgO7WyXuqw==/base.apk took:97ms
01-31 04:29:57.594 25680 25680 I 309     : package:com.revolut.revolut took:1032 calssname:android.app.ActivityThread$H callback:null what:110
01-31 04:33:56.999 26063 26063 I 100     : Open /data/app/~~7l62xwTPfgFZBkSUOsTjtw==/com.zhiliaoapp.musically-l5zSB5JzSZ2nbwCxY6YbRw==/base.apk took:62ms
01-31 04:33:58.012 26116 26171 I 100     : Open /data/app/~~Wee-Tpqq0F2CcaJ5GFfqIw==/com.google.android.trichromelibrary_466410434-YKo7rJvaO82CBRmCYGzZ7A==/base.apk took:70ms
01-31 04:33:58.165 26116 26251 I 100     : Open /data/user_de/0/com.google.android.gms/app_chimera/m/00000237/DynamiteLoader.apk took:60ms
01-31 04:34:13.364 26379 26379 I 100     : Open /data/app/~~qXBTrNhqiTIC01L49pccTw==/tv.twitch.android.app-UGyZqhLIEoC96wdG-yY-sA==/base.apk took:94ms
01-31 04:35:17.069 26888 26888 I 100     : Open /data/app/~~2mmqKynq1qYHgPmpBdQfEQ==/com.linkedin.android-E2A-30bXTQs2bmcu9LCNwQ==/base.apk took:88ms
01-31 04:38:57.539 27106 27106 I 100     : Open /data/app/~~TdfISV50yYFktP0aKOGdTA==/com.snapchat.android-2h6YjsPv7Eld3LdR3kykLw==/base.apk took:117ms
01-31 04:46:05.032 28042 28042 I 100     : Open /data/app/~~7468TfwldWZQLlcaKxzvHg==/com.twitter.android-11g7PA3s5SWNMuwF162vZw==/base.apk took:164ms
01-31 04:51:37.385 28583 28583 I 100     : Open /data/app/~~5RcDgSy6WaWkUSg2qPyCuw==/com.meetup-wZ0MidQ5Ls34FYN3Tt6pVQ==/base.apk took:78ms
01-31 04:51:37.760 28651 28651 I 100     : Open /data/app/~~Xl6FPEINleqMaSZv0n5UCA==/com.facebook.katana-jSFAQ1yF_HYAusH2KfI5-A==/base.apk took:71ms
01-31 04:51:44.923 28981 28981 I 100     : Open /data/app/~~JBCudjmIy9Gc1GgJEtV4hA==/com.facebook.orca-UYXmqEU5FfuhbgO7WyXuqw==/base.apk took:85ms
01-31 04:56:00.040 30235 30235 I 100     : Open /data/app/~~7l62xwTPfgFZBkSUOsTjtw==/com.zhiliaoapp.musically-l5zSB5JzSZ2nbwCxY6YbRw==/base.apk took:130ms
01-31 04:58:59.305 30385 30385 I 100     : Open /data/app/~~4XW11p94wzQcYcehLQzdZQ==/com.tinder-TCkrLv1Ah4hN4GfrhStqmg==/base.apk took:180ms
01-31 04:59:59.184 30664 30664 I 100     : Open /data/app/~~g3sYkavRe9ZkhlqTztwM0Q==/se.aftonbladet.start-cdaZZIWiZ1IpbZ2JzldxZg==/base.apk took:65ms
01-31 04:59:59.209 30670 30670 I 100     : Open /data/app/~~njhaFv0M3CN_Rz_S44SZaA==/com.microsoft.teams-28_KpgbdelsKz-xvdGA5wg==/base.apk took:72ms
01-31 04:59:59.269 30695 30695 I 100     : Open /data/app/~~EN94P48QeVANRtxhkXQ49A==/com.revolut.revolut-8fqBSmaCLwjQM1wJQiMx8w==/base.apk took:94ms
01-31 05:00:00.229 31049 31049 I 100     : Open /data/app/~~XGE_hYZDTdSGS3vEsGXStA==/com.azure.authenticator-t35CVKZ1y24Jkw0By871kg==/base.apk took:94ms
01-31 05:00:01.432 31049 31049 I 309     : package:com.azure.authenticator took:1338 calssname:android.app.ActivityThread$H callback:null what:110
01-31 05:02:59.454 31439 31439 I 100     : Open /data/app/~~9aXmTdaukOoKnrWGlZ4V_w==/com.soundcloud.android-ghllcA2Wk34Pvlptqf4iWw==/base.apk took:56ms
01-31 05:02:59.741 31524 31524 I 100     : Open /data/app/~~Xl6FPEINleqMaSZv0n5UCA==/com.facebook.katana-jSFAQ1yF_HYAusH2KfI5-A==/base.apk took:63ms
01-31 05:03:06.905 32028 32028 I 100     : Open /data/app/~~JBCudjmIy9Gc1GgJEtV4hA==/com.facebook.orca-UYXmqEU5FfuhbgO7WyXuqw==/base.apk took:102ms
01-31 05:04:59.696 32271 32271 I 100     : Open /data/app/~~LL7mBUTLIvAU2DMCrgW8IQ==/se.appcorn.Blocket-TCQkZoGUTC8E2wvoMeQZ7Q==/base.apk took:70ms
01-31 05:05:19.596 32418 32418 I 100     : Open /data/app/~~2mmqKynq1qYHgPmpBdQfEQ==/com.linkedin.android-E2A-30bXTQs2bmcu9LCNwQ==/base.apk took:82ms
01-31 05:08:59.913 32620 32620 I 100     : Open /data/app/~~TdfISV50yYFktP0aKOGdTA==/com.snapchat.android-2h6YjsPv7Eld3LdR3kykLw==/base.apk took:62ms
01-31 05:09:01.329 32606 32606 I 309     : package:com.microsoft.skydrive took:1509 calssname:android.app.ActivityThread$H callback:null what:110
01-31 05:09:12.561  1720  1720 I 100     : Open /data/app/~~7l62xwTPfgFZBkSUOsTjtw==/com.zhiliaoapp.musically-l5zSB5JzSZ2nbwCxY6YbRw==/base.apk took:102ms
01-31 05:09:13.123  1720  1808 I 100     : Open /data/app/~~Wee-Tpqq0F2CcaJ5GFfqIw==/com.google.android.trichromelibrary_466410434-YKo7rJvaO82CBRmCYGzZ7A==/base.apk took:59ms
01-31 05:09:13.487  1720  2051 I 100     : Open /data/user_de/0/com.google.android.gms/app_chimera/m/00000237/DynamiteLoader.apk took:139ms
01-31 05:09:25.215  2200  2200 I 100     : Open /data/app/~~7l62xwTPfgFZBkSUOsTjtw==/com.zhiliaoapp.musically-l5zSB5JzSZ2nbwCxY6YbRw==/base.apk took:101ms
01-31 05:12:02.156  2837  2837 I 100     : Open /data/app/~~MTHe8NtN5lss575905UpRQ==/com.google.android.apps.maps-KZeEFadCC4yIP0bseNISmg==/base.apk took:110ms
01-31 05:12:15.281  2965  2965 I 100     : Open /data/app/com.vanced.android.apps.youtube.music-IeCmCELMjFV9j4NoZRloWA==/base.apk took:74ms
01-31 05:14:00.428  3328  3328 I 100     : Open /data/app/~~t4wRLeQ7wHFWPYahPOAkBA==/org.kustom.widget-TzQRrPM0mSJt7QMsOcZpJg==/base.apk took:52ms
01-31 05:21:01.381  3769  3769 I 100     : Open /data/app/~~qesYql9gT46R3Y-3gg7efg==/com.google.android.apps.playconsole-TTHoSLanjxkvGfajxrPK1w==/base.apk took:53ms
01-31 05:24:02.733  3895  3895 I 309     : package:com.azure.authenticator took:1256 calssname:android.app.ActivityThread$H callback:null what:110
01-31 05:24:03.169  3849  3849 I 309     : package:com.azure.authenticator took:2012 calssname:android.app.ActivityThread$H callback:null what:110
01-31 05:25:27.409  4384  4384 I 100     : Open /data/app/~~Et39AXfJUiCty09Ec73B3w==/com.Slack-YYImYe4ntJeaY7LwI26GgA==/base.apk took:93ms
01-31 05:32:01.638  4673  4673 I 100     : Open /data/app/~~EN94P48QeVANRtxhkXQ49A==/com.revolut.revolut-8fqBSmaCLwjQM1wJQiMx8w==/base.apk took:108ms
01-31 05:32:02.558  4673  4673 I 309     : package:com.revolut.revolut took:1063 calssname:android.app.ActivityThread$H callback:null what:110
01-31 05:35:02.512  4969  5288 I 100     : Open /data/app/~~eLqKUBxV8xGOjqxTEDYg2Q==/com.google.android.gms-8fR8Nzz4FyGCvA4Iaqq3vQ==/base.apk took:52ms
01-31 05:37:01.981  5696  5696 I 100     : Open /data/app/~~2mmqKynq1qYHgPmpBdQfEQ==/com.linkedin.android-E2A-30bXTQs2bmcu9LCNwQ==/base.apk took:67ms
01-31 05:52:01.437  7294  7294 I 100     : Open /data/app/~~Xl6FPEINleqMaSZv0n5UCA==/com.facebook.katana-jSFAQ1yF_HYAusH2KfI5-A==/base.apk took:104ms
01-31 05:52:01.545  7198  7388 I 100     : Open /data/app/~~i8F-hNY4YeqalEuQ2RG4tg==/com.google.android.webview-OUbtvVzUBsQXpAsHDC7-TA==/base.apk took:71ms
01-31 05:52:09.215  7739  7739 I 100     : Open /data/app/~~JBCudjmIy9Gc1GgJEtV4hA==/com.facebook.orca-UYXmqEU5FfuhbgO7WyXuqw==/base.apk took:134ms
01-31 06:00:04.139  8897  8897 I 100     : Open /data/app/~~njhaFv0M3CN_Rz_S44SZaA==/com.microsoft.teams-28_KpgbdelsKz-xvdGA5wg==/base.apk took:68ms
01-31 06:00:05.053  9000  9000 I 100     : Open /data/app/~~XGE_hYZDTdSGS3vEsGXStA==/com.azure.authenticator-t35CVKZ1y24Jkw0By871kg==/base.apk took:66ms
01-31 06:02:03.872  9237  9237 I 100     : Open /data/app/~~EN94P48QeVANRtxhkXQ49A==/com.revolut.revolut-8fqBSmaCLwjQM1wJQiMx8w==/base.apk took:83ms
01-31 06:02:04.930  9237  9237 I 309     : package:com.revolut.revolut took:1162 calssname:android.app.ActivityThread$H callback:null what:110
01-31 06:03:03.933  9435  9435 I 100     : Open /data/app/~~9aXmTdaukOoKnrWGlZ4V_w==/com.soundcloud.android-ghllcA2Wk34Pvlptqf4iWw==/base.apk took:67ms
01-31 06:03:03.948  9458  9458 I 100     : Open /data/app/~~7l62xwTPfgFZBkSUOsTjtw==/com.zhiliaoapp.musically-l5zSB5JzSZ2nbwCxY6YbRw==/base.apk took:70ms
01-31 06:03:04.237  9535  9535 I 100     : Open /data/app/~~Xl6FPEINleqMaSZv0n5UCA==/com.facebook.katana-jSFAQ1yF_HYAusH2KfI5-A==/base.apk took:111ms
01-31 06:03:04.374  9630  9630 I 100     : Open /data/app/~~7l62xwTPfgFZBkSUOsTjtw==/com.zhiliaoapp.musically-l5zSB5JzSZ2nbwCxY6YbRw==/base.apk took:59ms
01-31 06:03:05.324  9535  9814 I 100     : Open /system/framework/QPerformance.jar took:107ms
01-31 06:03:05.337  9630  9630 I 309     : package:com.zhiliaoapp.musically took:1076 calssname:android.app.ActivityThread$H callback:null what:110
01-31 06:03:05.401  9458  9764 I 100     : Open /data/app/~~i8F-hNY4YeqalEuQ2RG4tg==/com.google.android.webview-OUbtvVzUBsQXpAsHDC7-TA==/base.apk took:103ms
01-31 06:03:05.762  9630  9873 I 100     : Open /data/app/~~i8F-hNY4YeqalEuQ2RG4tg==/com.google.android.webview-OUbtvVzUBsQXpAsHDC7-TA==/base.apk took:323ms
01-31 06:03:05.985  9630 10173 I 100     : Open /data/user_de/0/com.google.android.gms/app_chimera/m/00000237/DynamiteLoader.apk took:196ms
01-31 06:03:11.619 10344 10344 I 100     : Open /data/app/~~JBCudjmIy9Gc1GgJEtV4hA==/com.facebook.orca-UYXmqEU5FfuhbgO7WyXuqw==/base.apk took:147ms
01-31 06:08:04.189 10866 10866 I 100     : Open /data/app/~~DfJA8-BjDwaRFzujX1Rd3g==/com.reddit.frontpage-IPuNMnqKSRdNXwKYDfgyhA==/base.apk took:64ms
01-31 06:08:04.293 10904 10904 I 100     : Open /data/app/~~2mmqKynq1qYHgPmpBdQfEQ==/com.linkedin.android-E2A-30bXTQs2bmcu9LCNwQ==/base.apk took:95ms
01-31 06:09:05.382 11262 11262 I 309     : package:com.microsoft.skydrive took:1081 calssname:android.app.ActivityThread$H callback:null what:110
01-31 06:24:00.148 12720 12754 I 100     : Open /data/user_de/0/com.google.android.gms/app_chimera/m/00000237/DynamiteLoader.apk took:296ms
01-31 06:27:51.102 13157 13157 I 100     : Open /data/app/~~Et39AXfJUiCty09Ec73B3w==/com.Slack-YYImYe4ntJeaY7LwI26GgA==/base.apk took:82ms
01-31 06:27:51.757 13245 13245 I 100     : Open /data/app/~~7l62xwTPfgFZBkSUOsTjtw==/com.zhiliaoapp.musically-l5zSB5JzSZ2nbwCxY6YbRw==/base.apk took:126ms
01-31 06:27:52.413 13245 13357 I 100     : Open /data/app/~~Wee-Tpqq0F2CcaJ5GFfqIw==/com.google.android.trichromelibrary_466410434-YKo7rJvaO82CBRmCYGzZ7A==/base.apk took:138ms
01-31 06:27:52.523 13245 13388 I 100     : Open /data/user_de/0/com.google.android.gms/app_chimera/m/00000237/DynamiteLoader.apk took:77ms
01-31 06:27:52.666 13245 13357 I 100     : Open /data/app/~~i8F-hNY4YeqalEuQ2RG4tg==/com.google.android.webview-OUbtvVzUBsQXpAsHDC7-TA==/base.apk took:146ms
01-31 06:28:04.483 13536 13536 I 100     : Open /data/app/~~7l62xwTPfgFZBkSUOsTjtw==/com.zhiliaoapp.musically-l5zSB5JzSZ2nbwCxY6YbRw==/base.apk took:106ms
01-31 06:29:05.548 13806 13806 I 100     : Open /data/app/~~eP7nszMrlPrkyxGxQ_OPZQ==/com.yahoo.mobile.client.android.finance-NZEqBr1K-Zr-fkdjD2PMzg==/base.apk took:56ms
01-31 06:32:10.900 14206 14225 I 101     : #154
01-31 06:37:04.472 14778 14778 I 100     : Open /data/app/~~g3sYkavRe9ZkhlqTztwM0Q==/se.aftonbladet.start-cdaZZIWiZ1IpbZ2JzldxZg==/base.apk took:115ms
01-31 06:37:05.544 14778 14778 I 309     : package:se.aftonbladet.start took:1224 calssname:android.app.ActivityThread$H callback:null what:110
01-31 06:38:16.104  5725  5725 I 309     : package:com.android.vending took:7921 calssname:android.os.AsyncTask$InternalHandler callback:null what:1
01-31 06:39:06.415 15360 15360 I 100     : Open /data/app/~~DfJA8-BjDwaRFzujX1Rd3g==/com.reddit.frontpage-IPuNMnqKSRdNXwKYDfgyhA==/base.apk took:72ms
01-31 06:39:06.440 15379 15379 I 100     : Open /data/app/~~2mmqKynq1qYHgPmpBdQfEQ==/com.linkedin.android-E2A-30bXTQs2bmcu9LCNwQ==/base.apk took:74ms
01-31 06:39:06.455 15397 15397 I 100     : Open /data/app/~~TdfISV50yYFktP0aKOGdTA==/com.snapchat.android-2h6YjsPv7Eld3LdR3kykLw==/base.apk took:76ms
01-31 06:41:07.237 16236 16236 I 100     : Open /data/app/~~7l62xwTPfgFZBkSUOsTjtw==/com.zhiliaoapp.musically-l5zSB5JzSZ2nbwCxY6YbRw==/base.apk took:91ms
01-31 06:41:07.916 16236 16311 I 100     : Open /data/app/~~Wee-Tpqq0F2CcaJ5GFfqIw==/com.google.android.trichromelibrary_466410434-YKo7rJvaO82CBRmCYGzZ7A==/base.apk took:148ms
01-31 06:41:08.052 16236 16349 I 100     : Open /data/user_de/0/com.google.android.gms/app_chimera/m/00000237/DynamiteLoader.apk took:71ms
01-31 06:41:19.907 16447 16447 I 100     : Open /data/app/~~7l62xwTPfgFZBkSUOsTjtw==/com.zhiliaoapp.musically-l5zSB5JzSZ2nbwCxY6YbRw==/base.apk took:99ms
01-31 06:41:35.446 16683 16683 I 100     : Open /data/app/~~Xl6FPEINleqMaSZv0n5UCA==/com.facebook.katana-jSFAQ1yF_HYAusH2KfI5-A==/base.apk took:155ms
01-31 06:41:42.864 16827 16827 I 100     : Open /data/app/~~JBCudjmIy9Gc1GgJEtV4hA==/com.facebook.orca-UYXmqEU5FfuhbgO7WyXuqw==/base.apk took:161ms
01-31 06:41:43.721 16827 16827 I 309     : package:com.facebook.orca took:1050 calssname:android.app.ActivityThread$H callback:null what:110
01-31 06:50:01.602  1594  1793 I 300     : 424
01-31 06:50:15.237 29910 28406 I 110     :  OptJank - total:82 frameGap:89 delta#0#80#1#0#0#1
01-31 06:50:17.421  2552  2950 I 110     :  OptJank - total:74 frameGap:79 delta#0#3#0#1#0#70
01-31 06:52:07.076 18277 18277 I 100     : Open /data/app/~~9aXmTdaukOoKnrWGlZ4V_w==/com.soundcloud.android-ghllcA2Wk34Pvlptqf4iWw==/base.apk took:71ms
01-31 06:52:07.969 18880 18880 I 100     : Open /data/app/~~5RcDgSy6WaWkUSg2qPyCuw==/com.meetup-wZ0MidQ5Ls34FYN3Tt6pVQ==/base.apk took:70ms
01-31 06:54:07.491 19241 19241 I 100     : Open /data/app/~~DfJA8-BjDwaRFzujX1Rd3g==/com.reddit.frontpage-IPuNMnqKSRdNXwKYDfgyhA==/base.apk took:67ms
01-31 06:54:08.182 19360 19360 I 100     : Open /data/app/~~2mmqKynq1qYHgPmpBdQfEQ==/com.linkedin.android-E2A-30bXTQs2bmcu9LCNwQ==/base.apk took:63ms
01-31 06:54:08.515 19401 19401 I 100     : Open /data/app/~~7l62xwTPfgFZBkSUOsTjtw==/com.zhiliaoapp.musically-l5zSB5JzSZ2nbwCxY6YbRw==/base.apk took:135ms
01-31 06:54:09.143 19401 19554 I 100     : Open /data/app/~~Wee-Tpqq0F2CcaJ5GFfqIw==/com.google.android.trichromelibrary_466410434-YKo7rJvaO82CBRmCYGzZ7A==/base.apk took:147ms
01-31 06:54:09.372 19401 19554 I 100     : Open /data/app/~~i8F-hNY4YeqalEuQ2RG4tg==/com.google.android.webview-OUbtvVzUBsQXpAsHDC7-TA==/base.apk took:194ms
01-31 06:54:21.225 19748 19748 I 100     : Open /data/app/~~7l62xwTPfgFZBkSUOsTjtw==/com.zhiliaoapp.musically-l5zSB5JzSZ2nbwCxY6YbRw==/base.apk took:111ms
01-31 06:55:01.301  1594  1793 I 300     : 372
01-31 06:55:05.936 29910 28406 I 110     :  OptJank - total:243 frameGap:250 delta#233#8#7#0#0#1
01-31 06:56:10.634 20634 20634 I 100     : Open /data/app/~~D4c99ZobKyJiTLGdXsoLgQ==/se.tv4.tv4playtab-113-jzGcyM9s4ZlKVJExcA==/base.apk took:73ms
01-31 06:56:21.264 20733 20733 I 100     : Open /data/app/~~jst1WpLsvBGUIFnFpQcR3w==/com.instagram.android-P9v4eBL77IjmXfnaRBIkpw==/base.apk took:104ms
01-31 06:56:22.533 20733 20733 I 309     : package:com.instagram.android took:1401 calssname:android.app.ActivityThread$H callback:null what:110
01-31 06:56:22.768 20889 20889 I 100     : Open /data/app/~~jst1WpLsvBGUIFnFpQcR3w==/com.instagram.android-P9v4eBL77IjmXfnaRBIkpw==/base.apk took:57ms
01-31 07:00:01.183  1594  1793 I 300     : 215
01-31 07:00:19.306 21462 21462 I 100     : Open /data/app/~~njhaFv0M3CN_Rz_S44SZaA==/com.microsoft.teams-28_KpgbdelsKz-xvdGA5wg==/base.apk took:68ms
01-31 07:00:20.155 21558 21558 I 100     : Open /data/app/~~XGE_hYZDTdSGS3vEsGXStA==/com.azure.authenticator-t35CVKZ1y24Jkw0By871kg==/base.apk took:73ms
01-31 07:01:22.875 21774 21902 I 100     : Open /data/app/~~eLqKUBxV8xGOjqxTEDYg2Q==/com.google.android.gms-8fR8Nzz4FyGCvA4Iaqq3vQ==/base.apk took:53ms
01-31 07:01:23.478 21933 21969 I 100     : Open /data/user_de/0/com.google.android.gms/app_chimera/m/00000237/DynamiteLoader.apk took:292ms
01-31 07:01:24.788 22101 22101 I 100     : Open /data/app/~~LIm8_q_LoUmMeTqfyvmQQA==/com.google.android.apps.docs-ErLsuBzan5ixwZl0SfD17Q==/base.apk took:87ms
01-31 07:01:25.929 22215 22215 I 100     : Open /data/app/~~MTHe8NtN5lss575905UpRQ==/com.google.android.apps.maps-KZeEFadCC4yIP0bseNISmg==/base.apk took:174ms
01-31 07:01:26.768 22215 22215 I 309     : package:com.google.android.apps.maps took:1068 calssname:android.app.ActivityThread$H callback:null what:110
01-31 07:01:27.446 22408 22408 I 100     : Open /data/app/~~7uS2jj4UQU-Zog-nYrP27w==/com.google.android.apps.photos-klfleeP3BK-_jftUwoQPTw==/base.apk took:99ms
01-31 07:01:28.201 22468 22468 I 100     : Open /data/app/~~QkbRe_-dFpUJhDUHM1fYXw==/com.google.android.apps.tachyon-2sDDHhyn50quhtZ2Cm7SZQ==/base.apk took:57ms
01-31 07:01:28.780 22528 22528 I 100     : Open /data/app/~~IOlgULtWCgy8QQokbjuN0g==/com.google.android.apps.walletnfcrel-wRjjDKt2q98HP11WejU0iA==/base.apk took:57ms
01-31 07:01:29.416 22608 22608 I 100     : Open /data/app/~~GYkofKWBsR_P2jasPbU0MA==/com.google.android.calendar-leN8rnq7AmOwqjvjyh_IvQ==/base.apk took:67ms
01-31 07:01:30.210 22708 22708 I 100     : Open /data/app/~~VFX55u2nU2guBjSKrorEgw==/com.google.android.gm-zBGtFI1AtStoaTHitG6W3Q==/base.apk took:101ms
01-31 07:01:32.297 22928 22928 I 100     : Open /data/app/~~rJk0fx8YqxRf8KbzPAieAw==/com.oneplus.brickmode-qB2VQpdqOW_E-bYyLI9URA==/base.apk took:53ms
01-31 07:01:33.418 23079 23079 I 100     : Open /data/app/~~Xl6FPEINleqMaSZv0n5UCA==/com.facebook.katana-jSFAQ1yF_HYAusH2KfI5-A==/base.apk took:155ms
01-31 07:01:34.223 23167 23167 I 100     : Open /data/app/~~Rmn9OGN-k_ogSSrJVrFlUA==/com.google.android.apps.chromecast.app-uZmVmCPEP5dTvV3KMvVsAA==/base.apk took:94ms
01-31 07:01:35.919 23342 23342 I 100     : Open /data/app/~~qesYql9gT46R3Y-3gg7efg==/com.google.android.apps.playconsole-TTHoSLanjxkvGfajxrPK1w==/base.apk took:54ms
01-31 07:01:36.395 23381 23381 I 100     : Open /data/app/~~Rrq5eSNWigVbdTskQioJhg==/com.google.android.play.games-UlzmUNcK-3lfLvVRXMPidQ==/base.apk took:55ms
01-31 07:01:36.972 23432 23432 I 100     : Open /data/app/~~44ogUbWdMwlCAYwuvhVheQ==/com.google.android.street-TXj6Tlohi_Uuo_KO1fbjmA==/base.apk took:57ms
01-31 07:01:37.517 23476 23476 I 100     : Open /data/app/~~7468TfwldWZQLlcaKxzvHg==/com.twitter.android-11g7PA3s5SWNMuwF162vZw==/base.apk took:148ms
01-31 07:01:38.450 23574 23574 I 100     : Open /data/app/com.vanced.android.apps.youtube.music-IeCmCELMjFV9j4NoZRloWA==/base.apk took:90ms
01-31 07:01:40.202 23808 23808 I 100     : Open /data/app/~~jst1WpLsvBGUIFnFpQcR3w==/com.instagram.android-P9v4eBL77IjmXfnaRBIkpw==/base.apk took:77ms
01-31 07:01:41.769 23808 23808 I 309     : package:com.instagram.android took:1682 calssname:android.app.ActivityThread$H callback:null what:110
01-31 07:01:42.132 24094 24094 I 100     : Open /data/app/~~jst1WpLsvBGUIFnFpQcR3w==/com.instagram.android-P9v4eBL77IjmXfnaRBIkpw==/base.apk took:78ms
01-31 07:01:42.620 24134 24134 I 100     : Open /data/app/~~JBCudjmIy9Gc1GgJEtV4hA==/com.facebook.orca-UYXmqEU5FfuhbgO7WyXuqw==/base.apk took:204ms
01-31 07:01:43.616 24134 24134 I 309     : package:com.facebook.orca took:1236 calssname:android.app.ActivityThread$H callback:null what:110
01-31 07:01:47.444  5725  5725 I 309     : package:com.android.vending took:5616 calssname:android.os.AsyncTask$InternalHandler callback:null what:1
01-31 07:02:18.734 24519 24519 I 100     : Open /data/app/~~EN94P48QeVANRtxhkXQ49A==/com.revolut.revolut-8fqBSmaCLwjQM1wJQiMx8w==/base.apk took:68ms
01-31 07:02:23.901 24519 24538 I 101     : #153
01-31 07:02:37.135 24641 24641 I 100     : Open /data/app/~~7l62xwTPfgFZBkSUOsTjtw==/com.zhiliaoapp.musically-l5zSB5JzSZ2nbwCxY6YbRw==/base.apk took:75ms
01-31 07:02:37.673 24866 24866 I 100     : Open /data/app/~~9aXmTdaukOoKnrWGlZ4V_w==/com.soundcloud.android-ghllcA2Wk34Pvlptqf4iWw==/base.apk took:51ms
01-31 07:02:38.267 24641 24740 I 100     : Open /data/app/~~i8F-hNY4YeqalEuQ2RG4tg==/com.google.android.webview-OUbtvVzUBsQXpAsHDC7-TA==/base.apk took:105ms
01-31 07:02:38.405 24763 24763 I 309     : package:com.zhiliaoapp.musically took:1023 calssname:android.app.ActivityThread$H callback:null what:110
01-31 07:02:38.519 24763 24978 I 100     : Open /data/app/~~Wee-Tpqq0F2CcaJ5GFfqIw==/com.google.android.trichromelibrary_466410434-YKo7rJvaO82CBRmCYGzZ7A==/base.apk took:436ms
01-31 07:02:38.739 24763 25193 I 100     : Open /data/user_de/0/com.google.android.gms/app_chimera/m/00000237/DynamiteLoader.apk took:219ms
01-31 07:02:39.105 25144 25191 I 100     : Open /data/user_de/0/com.google.android.gms/app_chimera/m/00000237/DynamiteLoader.apk took:104ms
01-31 07:02:39.125 25250 25250 I 100     : Open /data/app/~~BQkggLBJ5ARrvtrPnFYuTA==/com.google.android.apps.wellbeing-0ObH6XdZ-86HDYWdIHEntw==/base.apk took:56ms
01-31 07:02:39.176 24763 24978 I 100     : Open /data/app/~~i8F-hNY4YeqalEuQ2RG4tg==/com.google.android.webview-OUbtvVzUBsQXpAsHDC7-TA==/base.apk took:407ms
01-31 07:02:39.656 24763 24978 I 101     : #172
01-31 07:04:48.475 25680 25680 I 100     : Open /data/app/~~g3sYkavRe9ZkhlqTztwM0Q==/se.aftonbladet.start-cdaZZIWiZ1IpbZ2JzldxZg==/base.apk took:59ms
01-31 07:04:48.575 25718 25718 I 100     : Open /data/app/~~2mmqKynq1qYHgPmpBdQfEQ==/com.linkedin.android-E2A-30bXTQs2bmcu9LCNwQ==/base.apk took:82ms
01-31 07:05:01.288  1594  1793 I 300     : 178
01-31 07:05:01.430  1594  1786 I 322     : com.oneplus.deskclock#-1#310
01-31 07:05:07.559 26245 26245 I 100     : Open /data/app/~~1g0Penhc3mjN6oEu9-d19Q==/se.klart.weatherapp-dcMVehFDeGt9tOGRnSl99A==/base.apk took:54ms
01-31 07:05:09.158 29910 28406 I 110     :  OptJank - total:335 frameGap:341 delta#322#11#10#0#0#1
01-31 07:06:05.384 26507 26507 I 100     : Open /data/app/~~qXBTrNhqiTIC01L49pccTw==/tv.twitch.android.app-UGyZqhLIEoC96wdG-yY-sA==/base.apk took:98ms
01-31 07:08:09.731 26851 26851 I 100     : Open /data/app/~~jst1WpLsvBGUIFnFpQcR3w==/com.instagram.android-P9v4eBL77IjmXfnaRBIkpw==/base.apk took:75ms
01-31 07:08:10.755 26851 26851 I 309     : package:com.instagram.android took:1128 calssname:android.app.ActivityThread$H callback:null what:110
01-31 07:08:11.020 27049 27049 I 100     : Open /data/app/~~jst1WpLsvBGUIFnFpQcR3w==/com.instagram.android-P9v4eBL77IjmXfnaRBIkpw==/base.apk took:57ms
01-31 07:09:05.063 27246 27246 I 100     : Open /data/app/~~w8Phi3Sl_0AkOghXcFhstw==/com.vanced.android.youtube-h6S6Jfxj_V-ZGz3F183LeQ==/base.apk took:54ms
01-31 07:09:05.146 27224 27224 I 100     : Open /data/app/~~nMUXeRBoX_NWoh_INKmbNA==/com.microsoft.office.outlook-VYfmXSDG3Mv2DVjqytEFjQ==/base.apk took:153ms
01-31 07:09:07.133 27739 27739 I 100     : Open /data/app/~~XGE_hYZDTdSGS3vEsGXStA==/com.azure.authenticator-t35CVKZ1y24Jkw0By871kg==/base.apk took:85ms
01-31 07:09:07.603 27797 27797 I 100     : Open /data/app/~~TdfISV50yYFktP0aKOGdTA==/com.snapchat.android-2h6YjsPv7Eld3LdR3kykLw==/base.apk took:73ms
01-31 07:09:08.693 27989 27989 I 100     : Open /data/app/~~LIm8_q_LoUmMeTqfyvmQQA==/com.google.android.apps.docs-ErLsuBzan5ixwZl0SfD17Q==/base.apk took:67ms
01-31 07:09:08.696 28006 28006 I 100     : Open /data/app/~~DfJA8-BjDwaRFzujX1Rd3g==/com.reddit.frontpage-IPuNMnqKSRdNXwKYDfgyhA==/base.apk took:62ms
01-31 07:09:09.798 28256 28256 I 100     : Open /data/app/~~MTHe8NtN5lss575905UpRQ==/com.google.android.apps.maps-KZeEFadCC4yIP0bseNISmg==/base.apk took:201ms
01-31 07:09:11.133 28405 28405 I 100     : Open /data/app/~~7uS2jj4UQU-Zog-nYrP27w==/com.google.android.apps.photos-klfleeP3BK-_jftUwoQPTw==/base.apk took:116ms
01-31 07:09:11.857 28514 28514 I 100     : Open /data/app/~~QkbRe_-dFpUJhDUHM1fYXw==/com.google.android.apps.tachyon-2sDDHhyn50quhtZ2Cm7SZQ==/base.apk took:65ms
01-31 07:09:12.479 28578 28578 I 100     : Open /data/app/~~IOlgULtWCgy8QQokbjuN0g==/com.google.android.apps.walletnfcrel-wRjjDKt2q98HP11WejU0iA==/base.apk took:100ms
01-31 07:09:13.267 28669 28669 I 100     : Open /data/app/~~VFX55u2nU2guBjSKrorEgw==/com.google.android.gm-zBGtFI1AtStoaTHitG6W3Q==/base.apk took:109ms
01-31 07:09:15.478 28895 28895 I 100     : Open /data/app/~~rJk0fx8YqxRf8KbzPAieAw==/com.oneplus.brickmode-qB2VQpdqOW_E-bYyLI9URA==/base.apk took:55ms
01-31 07:09:15.891 28944 28944 I 100     : Open /data/app/~~TkRBos4lYa2309BKdUevpA==/com.avast.android.cleaner-iHcE8-qC0idATImz8vNqIQ==/base.apk took:53ms
01-31 07:09:16.714 29065 29065 I 100     : Open /data/app/~~Xl6FPEINleqMaSZv0n5UCA==/com.facebook.katana-jSFAQ1yF_HYAusH2KfI5-A==/base.apk took:171ms
01-31 07:09:17.717 29170 29170 I 100     : Open /data/app/~~Rmn9OGN-k_ogSSrJVrFlUA==/com.google.android.apps.chromecast.app-uZmVmCPEP5dTvV3KMvVsAA==/base.apk took:63ms
01-31 07:09:20.198 29431 29431 I 100     : Open /data/app/~~44ogUbWdMwlCAYwuvhVheQ==/com.google.android.street-TXj6Tlohi_Uuo_KO1fbjmA==/base.apk took:57ms
01-31 07:09:20.692 29477 29477 I 100     : Open /data/app/~~NM8jTPvHufuEOuNHf0cwQg==/com.sec.android.app.shealth-QMRzWhLJh5sLDxkv1Q9NYA==/base.apk took:89ms
01-31 07:09:21.381 29546 29546 I 100     : Open /data/app/~~7468TfwldWZQLlcaKxzvHg==/com.twitter.android-11g7PA3s5SWNMuwF162vZw==/base.apk took:209ms
01-31 07:09:21.991 29065 29092 I 101     : #217
01-31 07:09:22.930 29546 29546 I 309     : package:com.twitter.android took:1800 calssname:android.app.ActivityThread$H callback:null what:110
01-31 07:09:23.167 29732 29732 I 100     : Open /data/app/com.vanced.android.apps.youtube.music-IeCmCELMjFV9j4NoZRloWA==/base.apk took:80ms
01-31 07:09:23.206 29546 29699 I 100     : Open /system/framework/com.android.media.remotedisplay.jar took:131ms
01-31 07:09:23.502 29546 29699 I 100     : Open /system/framework/com.android.location.provider.jar took:222ms
01-31 07:09:23.586 29546 29699 I 100     : Open /data/app/~~eLqKUBxV8xGOjqxTEDYg2Q==/com.google.android.gms-8fR8Nzz4FyGCvA4Iaqq3vQ==/base.apk took:81ms
01-31 07:09:23.963 29732 29798 I 100     : Open /data/user/0/com.vanced.android.apps.youtube.music/cache/1602042106149.jar took:116ms
01-31 07:09:24.069 29862 29862 I 100     : Open /data/app/~~w8Phi3Sl_0AkOghXcFhstw==/com.vanced.android.youtube-h6S6Jfxj_V-ZGz3F183LeQ==/base.apk took:76ms
01-31 07:09:24.443 29862 29915 I 100     : Open /data/user/0/com.vanced.android.youtube/cache/1624498498047.jar took:58ms
01-31 07:09:25.282 30064 30064 I 100     : Open /data/app/~~TdfISV50yYFktP0aKOGdTA==/com.snapchat.android-2h6YjsPv7Eld3LdR3kykLw==/base.apk took:169ms
01-31 07:09:33.116  5725  5725 I 309     : package:com.android.vending took:5918 calssname:android.os.AsyncTask$InternalHandler callback:null what:1
01-31 07:10:01.183  1594  1793 I 300     : 258
01-31 07:10:19.292 30810 30810 I 100     : Open /data/app/~~DfJA8-BjDwaRFzujX1Rd3g==/com.reddit.frontpage-IPuNMnqKSRdNXwKYDfgyhA==/base.apk took:83ms
01-31 07:12:42.250 31506 31506 I 100     : Open /data/app/~~g3sYkavRe9ZkhlqTztwM0Q==/se.aftonbladet.start-cdaZZIWiZ1IpbZ2JzldxZg==/base.apk took:124ms
01-31 07:12:43.190 31506 31506 I 309     : package:se.aftonbladet.start took:1099 calssname:android.app.ActivityThread$H callback:null what:110
01-31 07:13:10.981 31668 31668 I 100     : Open /data/app/~~jst1WpLsvBGUIFnFpQcR3w==/com.instagram.android-P9v4eBL77IjmXfnaRBIkpw==/base.apk took:71ms
01-31 07:13:12.173 31668 31668 I 309     : package:com.instagram.android took:1288 calssname:android.app.ActivityThread$H callback:null what:110
01-31 07:13:12.501 31985 31985 I 100     : Open /data/app/~~jst1WpLsvBGUIFnFpQcR3w==/com.instagram.android-P9v4eBL77IjmXfnaRBIkpw==/base.apk took:65ms
01-31 07:14:08.309 32056 32056 I 100     : Open /data/app/~~nMUXeRBoX_NWoh_INKmbNA==/com.microsoft.office.outlook-VYfmXSDG3Mv2DVjqytEFjQ==/base.apk took:58ms
01-31 07:14:13.009 32271 32271 I 309     : package:com.azure.authenticator took:1312 calssname:android.app.ActivityThread$H callback:null what:110
01-31 07:15:00.997  1594  1793 I 300     : 138
01-31 07:15:13.643  1594  2278 I 105     : ANR <unknown application or window>
01-31 07:15:23.941   677   677 F libc    : crash_dump helper failed to exec
01-31 07:15:25.534 29910 29910 I 309     : package:com.oneplus.deskclock took:16902 calssname:android.app.ActivityThread$H callback:null what:115
01-31 07:18:08.598   712   712 I 100     : Open /data/app/~~7l62xwTPfgFZBkSUOsTjtw==/com.zhiliaoapp.musically-l5zSB5JzSZ2nbwCxY6YbRw==/base.apk took:60ms
01-31 07:18:09.581   836  1136 I 100     : Open /data/app/~~Wee-Tpqq0F2CcaJ5GFfqIw==/com.google.android.trichromelibrary_466410434-YKo7rJvaO82CBRmCYGzZ7A==/base.apk took:158ms
01-31 07:18:09.706   836  1169 I 100     : Open /data/user_de/0/com.google.android.gms/app_chimera/m/00000237/DynamiteLoader.apk took:142ms
01-31 07:18:09.746   836  1136 I 100     : Open /data/app/~~i8F-hNY4YeqalEuQ2RG4tg==/com.google.android.webview-OUbtvVzUBsQXpAsHDC7-TA==/base.apk took:124ms
01-31 07:18:37.322  2077  2077 I 100     : Open /data/app/~~Xl6FPEINleqMaSZv0n5UCA==/com.facebook.katana-jSFAQ1yF_HYAusH2KfI5-A==/base.apk took:190ms
01-31 07:18:44.464  2313  2313 I 100     : Open /data/app/~~JBCudjmIy9Gc1GgJEtV4hA==/com.facebook.orca-UYXmqEU5FfuhbgO7WyXuqw==/base.apk took:85ms
01-31 07:19:21.385  1594  1793 I 300     : 228
01-31 07:19:37.233  1594  1793 I 300     : 144
01-31 07:19:44.856  1594  1793 I 300     : 207
01-31 07:20:08.422  2552  2950 I 111     :  OptJank - continuously drops frames:4
01-31 07:20:09.714  2552  2950 I 111     :  OptJank - continuously drops frames:4
01-31 07:20:18.396  2552  2950 I 111     :  OptJank - continuously drops frames:4
01-31 07:20:18.396  2552  2950 I 111     :  OptJank - high percentage:0.45
01-31 07:20:20.123  2552  2950 I 111     :  OptJank - continuously drops frames:4
01-31 07:20:23.520  2552  2950 I 111     :  OptJank - continuously drops frames:4
01-31 07:20:23.585  2552  2950 I 111     :  OptJank - continuously drops frames:4
01-31 07:20:23.605  2552  2950 I 111     :  OptJank - high percentage:0.45
01-31 07:20:23.634  2552  2950 I 111     :  OptJank - continuously drops frames:4
