// Jest Snapshot v1, https://goo.gl/fbAQLP

exports[`no geolocation 1`] = `
<View
  style={
    Object {
      "alignItems": "stretch",
      "backgroundColor": "#ffffff",
      "flex": 1,
      "justifyContent": "flex-start",
    }
  }
>
  <RCTScrollView
    style={Object {}}
  >
    <View>
      <View
        style={
          Object {
            "backgroundColor": "#ffffff",
            "flex": 1,
          }
        }
      >
        <View
          style={
            Object {
              "height": 421.875,
              "maxHeight": 867.1,
              "width": 750,
              "zIndex": 1000,
            }
          }
        >
          <Image
            source={
              Object {
                "uri": "https://api.helsingborg.se/wp-content/uploads/sites/2/events/14841adf8354a927c645089c69ca1bf6-768x432.jpg",
              }
            }
            style={
              Array [
                Object {
                  "bottom": 0,
                  "left": 0,
                  "position": "absolute",
                  "right": 0,
                  "top": 0,
                },
                Object {
                  "height": 421.875,
                  "width": 750,
                },
                undefined,
              ]
            }
          />
        </View>
      </View>
      <View
        style={
          Object {
            "alignItems": "stretch",
            "backgroundColor": "#ffffff",
            "flex": 1,
            "paddingHorizontal": 20,
          }
        }
      >
        <View
          style={
            Object {
              "alignItems": "flex-start",
              "flex": 1,
              "justifyContent": "center",
              "paddingBottom": 4,
              "paddingTop": 12,
            }
          }
        >
          <Text
            accessible={true}
            allowFontScaling={true}
            ellipsizeMode="tail"
            style={
              Object {
                "color": "black",
                "fontFamily": "Roboto",
                "fontSize": 30,
                "textAlign": "center",
              }
            }
          >
            Sofiero
          </Text>
          <View
            style={
              Object {
                "flex": 1,
                "paddingVertical": 4,
              }
            }
          >
            <Text
              accessible={true}
              allowFontScaling={true}
              ellipsizeMode="tail"
              style={
                Object {
                  "color": "black",
                  "fontFamily": "Roboto",
                  "fontSize": 16,
                  "fontWeight": "normal",
                  "lineHeight": 19,
                }
              }
            >
              Open today 10:00-11:00
            </Text>
          </View>
        </View>
        <View
          style={
            Object {
              "flex": 4,
              "paddingBottom": 5,
              "paddingTop": 10,
            }
          }
        >
          <Text
            accessible={true}
            allowFontScaling={true}
            ellipsizeMode="tail"
            style={
              Object {
                "color": "black",
                "fontFamily": "Roboto",
                "fontSize": 20,
                "lineHeight": 21,
                "paddingBottom": 10,
              }
            }
          >
            About Sofiero
          </Text>
          <Text
            accessible={true}
            allowFontScaling={true}
            ellipsizeMode="tail"
            style={
              Object {
                "color": "#7f7f7f",
                "fontFamily": "Roboto",
                "fontSize": 16,
                "lineHeight": 22,
              }
            }
          >
            Sofiero slottspark är en blomstrande oas
          </Text>
        </View>
        <View
          accessibilityComponentType={undefined}
          accessibilityLabel={undefined}
          accessibilityTraits={undefined}
          accessible={true}
          collapsable={undefined}
          hitSlop={undefined}
          isTVSelectable={true}
          nativeID={undefined}
          onLayout={undefined}
          onResponderGrant={[Function]}
          onResponderMove={[Function]}
          onResponderRelease={[Function]}
          onResponderTerminate={[Function]}
          onResponderTerminationRequest={[Function]}
          onStartShouldSetResponder={[Function]}
          style={
            Object {
              "alignItems": "center",
              "flexDirection": "row",
              "opacity": 1,
            }
          }
          testID={undefined}
          tvParallaxProperties={undefined}
        >
          <Text
            accessible={true}
            allowFontScaling={false}
            ellipsizeMode="tail"
            style={
              Array [
                Object {
                  "color": "#a61380",
                  "fontSize": 24,
                },
                undefined,
                Object {
                  "fontFamily": "Material Icons",
                  "fontStyle": "normal",
                  "fontWeight": "normal",
                },
              ]
            }
          >
            
          </Text>
          <Text
            accessible={true}
            allowFontScaling={true}
            ellipsizeMode="tail"
            style={
              Object {
                "color": "#a61380",
                "fontFamily": "Roboto",
                "fontSize": 16,
                "fontWeight": "500",
                "lineHeight": 23,
                "marginLeft": 7,
                "marginRight": 13,
              }
            }
          >
            sofiero.se
          </Text>
        </View>
      </View>
    </View>
  </RCTScrollView>
</View>
`;

exports[`weekdays 1`] = `
<View
  style={
    Object {
      "alignItems": "stretch",
      "backgroundColor": "#ffffff",
      "flex": 1,
      "justifyContent": "flex-start",
    }
  }
>
  <RCTScrollView
    style={Object {}}
  >
    <View>
      <View
        style={
          Object {
            "backgroundColor": "#ffffff",
            "flex": 1,
          }
        }
      >
        <View
          style={
            Object {
              "height": 421.875,
              "maxHeight": 867.1,
              "width": 750,
              "zIndex": 1000,
            }
          }
        >
          <Image
            source={
              Object {
                "uri": "https://api.helsingborg.se/wp-content/uploads/sites/2/events/14841adf8354a927c645089c69ca1bf6-768x432.jpg",
              }
            }
            style={
              Array [
                Object {
                  "bottom": 0,
                  "left": 0,
                  "position": "absolute",
                  "right": 0,
                  "top": 0,
                },
                Object {
                  "height": 421.875,
                  "width": 750,
                },
                undefined,
              ]
            }
          />
        </View>
      </View>
      <View
        style={
          Object {
            "alignItems": "stretch",
            "backgroundColor": "#ffffff",
            "flex": 1,
            "paddingHorizontal": 20,
          }
        }
      >
        <View
          style={
            Object {
              "alignItems": "flex-start",
              "flex": 1,
              "justifyContent": "center",
              "paddingBottom": 4,
              "paddingTop": 12,
            }
          }
        >
          <Text
            accessible={true}
            allowFontScaling={true}
            ellipsizeMode="tail"
            style={
              Object {
                "color": "black",
                "fontFamily": "Roboto",
                "fontSize": 30,
                "textAlign": "center",
              }
            }
          >
            Sofiero
          </Text>
          <View
            style={
              Object {
                "flex": 1,
                "paddingVertical": 4,
              }
            }
          >
            <Text
              accessible={true}
              allowFontScaling={true}
              ellipsizeMode="tail"
              style={
                Object {
                  "color": "black",
                  "fontFamily": "Roboto",
                  "fontSize": 16,
                  "fontWeight": "normal",
                  "lineHeight": 19,
                }
              }
            >
              Open today 10:00-11:00
            </Text>
          </View>
        </View>
        <View
          style={
            Object {
              "flex": 4,
              "paddingBottom": 5,
              "paddingTop": 10,
            }
          }
        >
          <Text
            accessible={true}
            allowFontScaling={true}
            ellipsizeMode="tail"
            style={
              Object {
                "color": "black",
                "fontFamily": "Roboto",
                "fontSize": 20,
                "lineHeight": 21,
                "paddingBottom": 10,
              }
            }
          >
            About Sofiero
          </Text>
          <Text
            accessible={true}
            allowFontScaling={true}
            ellipsizeMode="tail"
            style={
              Object {
                "color": "#7f7f7f",
                "fontFamily": "Roboto",
                "fontSize": 16,
                "lineHeight": 22,
              }
            }
          >
            Sofiero slottspark är en blomstrande oas
          </Text>
        </View>
        <View
          accessibilityComponentType={undefined}
          accessibilityLabel={undefined}
          accessibilityTraits={undefined}
          accessible={true}
          collapsable={undefined}
          hitSlop={undefined}
          isTVSelectable={true}
          nativeID={undefined}
          onLayout={undefined}
          onResponderGrant={[Function]}
          onResponderMove={[Function]}
          onResponderRelease={[Function]}
          onResponderTerminate={[Function]}
          onResponderTerminationRequest={[Function]}
          onStartShouldSetResponder={[Function]}
          style={
            Object {
              "alignItems": "center",
              "flexDirection": "row",
              "opacity": 1,
            }
          }
          testID={undefined}
          tvParallaxProperties={undefined}
        >
          <Text
            accessible={true}
            allowFontScaling={false}
            ellipsizeMode="tail"
            style={
              Array [
                Object {
                  "color": "#a61380",
                  "fontSize": 24,
                },
                undefined,
                Object {
                  "fontFamily": "Material Icons",
                  "fontStyle": "normal",
                  "fontWeight": "normal",
                },
              ]
            }
          >
            
          </Text>
          <Text
            accessible={true}
            allowFontScaling={true}
            ellipsizeMode="tail"
            style={
              Object {
                "color": "#a61380",
                "fontFamily": "Roboto",
                "fontSize": 16,
                "fontWeight": "500",
                "lineHeight": 23,
                "marginLeft": 7,
                "marginRight": 13,
              }
            }
          >
            sofiero.se
          </Text>
        </View>
      </View>
    </View>
  </RCTScrollView>
</View>
`;

exports[`weekdays 2`] = `
<View
  style={
    Object {
      "alignItems": "stretch",
      "backgroundColor": "#ffffff",
      "flex": 1,
      "justifyContent": "flex-start",
    }
  }
>
  <RCTScrollView
    style={Object {}}
  >
    <View>
      <View
        style={
          Object {
            "backgroundColor": "#ffffff",
            "flex": 1,
          }
        }
      >
        <View
          style={
            Object {
              "height": 421.875,
              "maxHeight": 867.1,
              "width": 750,
              "zIndex": 1000,
            }
          }
        >
          <Image
            source={
              Object {
                "uri": "https://api.helsingborg.se/wp-content/uploads/sites/2/events/14841adf8354a927c645089c69ca1bf6-768x432.jpg",
              }
            }
            style={
              Array [
                Object {
                  "bottom": 0,
                  "left": 0,
                  "position": "absolute",
                  "right": 0,
                  "top": 0,
                },
                Object {
                  "height": 421.875,
                  "width": 750,
                },
                undefined,
              ]
            }
          />
        </View>
      </View>
      <View
        style={
          Object {
            "alignItems": "stretch",
            "backgroundColor": "#ffffff",
            "flex": 1,
            "paddingHorizontal": 20,
          }
        }
      >
        <View
          style={
            Object {
              "alignItems": "flex-start",
              "flex": 1,
              "justifyContent": "center",
              "paddingBottom": 4,
              "paddingTop": 12,
            }
          }
        >
          <Text
            accessible={true}
            allowFontScaling={true}
            ellipsizeMode="tail"
            style={
              Object {
                "color": "black",
                "fontFamily": "Roboto",
                "fontSize": 30,
                "textAlign": "center",
              }
            }
          >
            Sofiero
          </Text>
          <View
            style={
              Object {
                "flex": 1,
                "paddingVertical": 4,
              }
            }
          >
            <Text
              accessible={true}
              allowFontScaling={true}
              ellipsizeMode="tail"
              style={
                Object {
                  "color": "black",
                  "fontFamily": "Roboto",
                  "fontSize": 16,
                  "fontWeight": "normal",
                  "lineHeight": 19,
                }
              }
            >
              Parken stänger kl 15 med sista insläpp kl 14.
            </Text>
          </View>
        </View>
        <View
          style={
            Object {
              "flex": 4,
              "paddingBottom": 5,
              "paddingTop": 10,
            }
          }
        >
          <Text
            accessible={true}
            allowFontScaling={true}
            ellipsizeMode="tail"
            style={
              Object {
                "color": "black",
                "fontFamily": "Roboto",
                "fontSize": 20,
                "lineHeight": 21,
                "paddingBottom": 10,
              }
            }
          >
            About Sofiero
          </Text>
          <Text
            accessible={true}
            allowFontScaling={true}
            ellipsizeMode="tail"
            style={
              Object {
                "color": "#7f7f7f",
                "fontFamily": "Roboto",
                "fontSize": 16,
                "lineHeight": 22,
              }
            }
          >
            Sofiero slottspark är en blomstrande oas
          </Text>
        </View>
        <View
          accessibilityComponentType={undefined}
          accessibilityLabel={undefined}
          accessibilityTraits={undefined}
          accessible={true}
          collapsable={undefined}
          hitSlop={undefined}
          isTVSelectable={true}
          nativeID={undefined}
          onLayout={undefined}
          onResponderGrant={[Function]}
          onResponderMove={[Function]}
          onResponderRelease={[Function]}
          onResponderTerminate={[Function]}
          onResponderTerminationRequest={[Function]}
          onStartShouldSetResponder={[Function]}
          style={
            Object {
              "alignItems": "center",
              "flexDirection": "row",
              "opacity": 1,
            }
          }
          testID={undefined}
          tvParallaxProperties={undefined}
        >
          <Text
            accessible={true}
            allowFontScaling={false}
            ellipsizeMode="tail"
            style={
              Array [
                Object {
                  "color": "#a61380",
                  "fontSize": 24,
                },
                undefined,
                Object {
                  "fontFamily": "Material Icons",
                  "fontStyle": "normal",
                  "fontWeight": "normal",
                },
              ]
            }
          >
            
          </Text>
          <Text
            accessible={true}
            allowFontScaling={true}
            ellipsizeMode="tail"
            style={
              Object {
                "color": "#a61380",
                "fontFamily": "Roboto",
                "fontSize": 16,
                "fontWeight": "500",
                "lineHeight": 23,
                "marginLeft": 7,
                "marginRight": 13,
              }
            }
          >
            sofiero.se
          </Text>
        </View>
      </View>
    </View>
  </RCTScrollView>
</View>
`;

exports[`weekdays 3`] = `
<View
  style={
    Object {
      "alignItems": "stretch",
      "backgroundColor": "#ffffff",
      "flex": 1,
      "justifyContent": "flex-start",
    }
  }
>
  <RCTScrollView
    style={Object {}}
  >
    <View>
      <View
        style={
          Object {
            "backgroundColor": "#ffffff",
            "flex": 1,
          }
        }
      >
        <View
          style={
            Object {
              "height": 421.875,
              "maxHeight": 867.1,
              "width": 750,
              "zIndex": 1000,
            }
          }
        >
          <Image
            source={
              Object {
                "uri": "https://api.helsingborg.se/wp-content/uploads/sites/2/events/14841adf8354a927c645089c69ca1bf6-768x432.jpg",
              }
            }
            style={
              Array [
                Object {
                  "bottom": 0,
                  "left": 0,
                  "position": "absolute",
                  "right": 0,
                  "top": 0,
                },
                Object {
                  "height": 421.875,
                  "width": 750,
                },
                undefined,
              ]
            }
          />
        </View>
      </View>
      <View
        style={
          Object {
            "alignItems": "stretch",
            "backgroundColor": "#ffffff",
            "flex": 1,
            "paddingHorizontal": 20,
          }
        }
      >
        <View
          style={
            Object {
              "alignItems": "flex-start",
              "flex": 1,
              "justifyContent": "center",
              "paddingBottom": 4,
              "paddingTop": 12,
            }
          }
        >
          <Text
            accessible={true}
            allowFontScaling={true}
            ellipsizeMode="tail"
            style={
              Object {
                "color": "black",
                "fontFamily": "Roboto",
                "fontSize": 30,
                "textAlign": "center",
              }
            }
          >
            Sofiero
          </Text>
          <View
            style={
              Object {
                "flex": 1,
                "paddingVertical": 4,
              }
            }
          >
            <Text
              accessible={true}
              allowFontScaling={true}
              ellipsizeMode="tail"
              style={
                Object {
                  "color": "black",
                  "fontFamily": "Roboto",
                  "fontSize": 16,
                  "fontWeight": "normal",
                  "lineHeight": 19,
                }
              }
            >
              Open today 10:00-13:00
            </Text>
          </View>
        </View>
        <View
          style={
            Object {
              "flex": 4,
              "paddingBottom": 5,
              "paddingTop": 10,
            }
          }
        >
          <Text
            accessible={true}
            allowFontScaling={true}
            ellipsizeMode="tail"
            style={
              Object {
                "color": "black",
                "fontFamily": "Roboto",
                "fontSize": 20,
                "lineHeight": 21,
                "paddingBottom": 10,
              }
            }
          >
            About Sofiero
          </Text>
          <Text
            accessible={true}
            allowFontScaling={true}
            ellipsizeMode="tail"
            style={
              Object {
                "color": "#7f7f7f",
                "fontFamily": "Roboto",
                "fontSize": 16,
                "lineHeight": 22,
              }
            }
          >
            Sofiero slottspark är en blomstrande oas
          </Text>
        </View>
        <View
          accessibilityComponentType={undefined}
          accessibilityLabel={undefined}
          accessibilityTraits={undefined}
          accessible={true}
          collapsable={undefined}
          hitSlop={undefined}
          isTVSelectable={true}
          nativeID={undefined}
          onLayout={undefined}
          onResponderGrant={[Function]}
          onResponderMove={[Function]}
          onResponderRelease={[Function]}
          onResponderTerminate={[Function]}
          onResponderTerminationRequest={[Function]}
          onStartShouldSetResponder={[Function]}
          style={
            Object {
              "alignItems": "center",
              "flexDirection": "row",
              "opacity": 1,
            }
          }
          testID={undefined}
          tvParallaxProperties={undefined}
        >
          <Text
            accessible={true}
            allowFontScaling={false}
            ellipsizeMode="tail"
            style={
              Array [
                Object {
                  "color": "#a61380",
                  "fontSize": 24,
                },
                undefined,
                Object {
                  "fontFamily": "Material Icons",
                  "fontStyle": "normal",
                  "fontWeight": "normal",
                },
              ]
            }
          >
            
          </Text>
          <Text
            accessible={true}
            allowFontScaling={true}
            ellipsizeMode="tail"
            style={
              Object {
                "color": "#a61380",
                "fontFamily": "Roboto",
                "fontSize": 16,
                "fontWeight": "500",
                "lineHeight": 23,
                "marginLeft": 7,
                "marginRight": 13,
              }
            }
          >
            sofiero.se
          </Text>
        </View>
      </View>
    </View>
  </RCTScrollView>
</View>
`;

exports[`weekdays 4`] = `
<View
  style={
    Object {
      "alignItems": "stretch",
      "backgroundColor": "#ffffff",
      "flex": 1,
      "justifyContent": "flex-start",
    }
  }
>
  <RCTScrollView
    style={Object {}}
  >
    <View>
      <View
        style={
          Object {
            "backgroundColor": "#ffffff",
            "flex": 1,
          }
        }
      >
        <View
          style={
            Object {
              "height": 421.875,
              "maxHeight": 867.1,
              "width": 750,
              "zIndex": 1000,
            }
          }
        >
          <Image
            source={
              Object {
                "uri": "https://api.helsingborg.se/wp-content/uploads/sites/2/events/14841adf8354a927c645089c69ca1bf6-768x432.jpg",
              }
            }
            style={
              Array [
                Object {
                  "bottom": 0,
                  "left": 0,
                  "position": "absolute",
                  "right": 0,
                  "top": 0,
                },
                Object {
                  "height": 421.875,
                  "width": 750,
                },
                undefined,
              ]
            }
          />
        </View>
      </View>
      <View
        style={
          Object {
            "alignItems": "stretch",
            "backgroundColor": "#ffffff",
            "flex": 1,
            "paddingHorizontal": 20,
          }
        }
      >
        <View
          style={
            Object {
              "alignItems": "flex-start",
              "flex": 1,
              "justifyContent": "center",
              "paddingBottom": 4,
              "paddingTop": 12,
            }
          }
        >
          <Text
            accessible={true}
            allowFontScaling={true}
            ellipsizeMode="tail"
            style={
              Object {
                "color": "black",
                "fontFamily": "Roboto",
                "fontSize": 30,
                "textAlign": "center",
              }
            }
          >
            Sofiero
          </Text>
          <View
            style={
              Object {
                "flex": 1,
                "paddingVertical": 4,
              }
            }
          >
            <Text
              accessible={true}
              allowFontScaling={true}
              ellipsizeMode="tail"
              style={
                Object {
                  "color": "black",
                  "fontFamily": "Roboto",
                  "fontSize": 16,
                  "fontWeight": "normal",
                  "lineHeight": 19,
                }
              }
            >
              Open today 9:00-14:00
            </Text>
          </View>
        </View>
        <View
          style={
            Object {
              "flex": 4,
              "paddingBottom": 5,
              "paddingTop": 10,
            }
          }
        >
          <Text
            accessible={true}
            allowFontScaling={true}
            ellipsizeMode="tail"
            style={
              Object {
                "color": "black",
                "fontFamily": "Roboto",
                "fontSize": 20,
                "lineHeight": 21,
                "paddingBottom": 10,
              }
            }
          >
            About Sofiero
          </Text>
          <Text
            accessible={true}
            allowFontScaling={true}
            ellipsizeMode="tail"
            style={
              Object {
                "color": "#7f7f7f",
                "fontFamily": "Roboto",
                "fontSize": 16,
                "lineHeight": 22,
              }
            }
          >
            Sofiero slottspark är en blomstrande oas
          </Text>
        </View>
        <View
          accessibilityComponentType={undefined}
          accessibilityLabel={undefined}
          accessibilityTraits={undefined}
          accessible={true}
          collapsable={undefined}
          hitSlop={undefined}
          isTVSelectable={true}
          nativeID={undefined}
          onLayout={undefined}
          onResponderGrant={[Function]}
          onResponderMove={[Function]}
          onResponderRelease={[Function]}
          onResponderTerminate={[Function]}
          onResponderTerminationRequest={[Function]}
          onStartShouldSetResponder={[Function]}
          style={
            Object {
              "alignItems": "center",
              "flexDirection": "row",
              "opacity": 1,
            }
          }
          testID={undefined}
          tvParallaxProperties={undefined}
        >
          <Text
            accessible={true}
            allowFontScaling={false}
            ellipsizeMode="tail"
            style={
              Array [
                Object {
                  "color": "#a61380",
                  "fontSize": 24,
                },
                undefined,
                Object {
                  "fontFamily": "Material Icons",
                  "fontStyle": "normal",
                  "fontWeight": "normal",
                },
              ]
            }
          >
            
          </Text>
          <Text
            accessible={true}
            allowFontScaling={true}
            ellipsizeMode="tail"
            style={
              Object {
                "color": "#a61380",
                "fontFamily": "Roboto",
                "fontSize": 16,
                "fontWeight": "500",
                "lineHeight": 23,
                "marginLeft": 7,
                "marginRight": 13,
              }
            }
          >
            sofiero.se
          </Text>
        </View>
      </View>
    </View>
  </RCTScrollView>
</View>
`;

exports[`weekdays 5`] = `
<View
  style={
    Object {
      "alignItems": "stretch",
      "backgroundColor": "#ffffff",
      "flex": 1,
      "justifyContent": "flex-start",
    }
  }
>
  <RCTScrollView
    style={Object {}}
  >
    <View>
      <View
        style={
          Object {
            "backgroundColor": "#ffffff",
            "flex": 1,
          }
        }
      >
        <View
          style={
            Object {
              "height": 421.875,
              "maxHeight": 867.1,
              "width": 750,
              "zIndex": 1000,
            }
          }
        >
          <Image
            source={
              Object {
                "uri": "https://api.helsingborg.se/wp-content/uploads/sites/2/events/14841adf8354a927c645089c69ca1bf6-768x432.jpg",
              }
            }
            style={
              Array [
                Object {
                  "bottom": 0,
                  "left": 0,
                  "position": "absolute",
                  "right": 0,
                  "top": 0,
                },
                Object {
                  "height": 421.875,
                  "width": 750,
                },
                undefined,
              ]
            }
          />
        </View>
      </View>
      <View
        style={
          Object {
            "alignItems": "stretch",
            "backgroundColor": "#ffffff",
            "flex": 1,
            "paddingHorizontal": 20,
          }
        }
      >
        <View
          style={
            Object {
              "alignItems": "flex-start",
              "flex": 1,
              "justifyContent": "center",
              "paddingBottom": 4,
              "paddingTop": 12,
            }
          }
        >
          <Text
            accessible={true}
            allowFontScaling={true}
            ellipsizeMode="tail"
            style={
              Object {
                "color": "black",
                "fontFamily": "Roboto",
                "fontSize": 30,
                "textAlign": "center",
              }
            }
          >
            Sofiero
          </Text>
          <View
            style={
              Object {
                "flex": 1,
                "paddingVertical": 4,
              }
            }
          >
            <Text
              accessible={true}
              allowFontScaling={true}
              ellipsizeMode="tail"
              style={
                Object {
                  "color": "black",
                  "fontFamily": "Roboto",
                  "fontSize": 16,
                  "fontWeight": "normal",
                  "lineHeight": 19,
                }
              }
            >
              Open today 10:00-15:00
            </Text>
          </View>
        </View>
        <View
          style={
            Object {
              "flex": 4,
              "paddingBottom": 5,
              "paddingTop": 10,
            }
          }
        >
          <Text
            accessible={true}
            allowFontScaling={true}
            ellipsizeMode="tail"
            style={
              Object {
                "color": "black",
                "fontFamily": "Roboto",
                "fontSize": 20,
                "lineHeight": 21,
                "paddingBottom": 10,
              }
            }
          >
            About Sofiero
          </Text>
          <Text
            accessible={true}
            allowFontScaling={true}
            ellipsizeMode="tail"
            style={
              Object {
                "color": "#7f7f7f",
                "fontFamily": "Roboto",
                "fontSize": 16,
                "lineHeight": 22,
              }
            }
          >
            Sofiero slottspark är en blomstrande oas
          </Text>
        </View>
        <View
          accessibilityComponentType={undefined}
          accessibilityLabel={undefined}
          accessibilityTraits={undefined}
          accessible={true}
          collapsable={undefined}
          hitSlop={undefined}
          isTVSelectable={true}
          nativeID={undefined}
          onLayout={undefined}
          onResponderGrant={[Function]}
          onResponderMove={[Function]}
          onResponderRelease={[Function]}
          onResponderTerminate={[Function]}
          onResponderTerminationRequest={[Function]}
          onStartShouldSetResponder={[Function]}
          style={
            Object {
              "alignItems": "center",
              "flexDirection": "row",
              "opacity": 1,
            }
          }
          testID={undefined}
          tvParallaxProperties={undefined}
        >
          <Text
            accessible={true}
            allowFontScaling={false}
            ellipsizeMode="tail"
            style={
              Array [
                Object {
                  "color": "#a61380",
                  "fontSize": 24,
                },
                undefined,
                Object {
                  "fontFamily": "Material Icons",
                  "fontStyle": "normal",
                  "fontWeight": "normal",
                },
              ]
            }
          >
            
          </Text>
          <Text
            accessible={true}
            allowFontScaling={true}
            ellipsizeMode="tail"
            style={
              Object {
                "color": "#a61380",
                "fontFamily": "Roboto",
                "fontSize": 16,
                "fontWeight": "500",
                "lineHeight": 23,
                "marginLeft": 7,
                "marginRight": 13,
              }
            }
          >
            sofiero.se
          </Text>
        </View>
      </View>
    </View>
  </RCTScrollView>
</View>
`;

exports[`weekdays 6`] = `
<View
  style={
    Object {
      "alignItems": "stretch",
      "backgroundColor": "#ffffff",
      "flex": 1,
      "justifyContent": "flex-start",
    }
  }
>
  <RCTScrollView
    style={Object {}}
  >
    <View>
      <View
        style={
          Object {
            "backgroundColor": "#ffffff",
            "flex": 1,
          }
        }
      >
        <View
          style={
            Object {
              "height": 421.875,
              "maxHeight": 867.1,
              "width": 750,
              "zIndex": 1000,
            }
          }
        >
          <Image
            source={
              Object {
                "uri": "https://api.helsingborg.se/wp-content/uploads/sites/2/events/14841adf8354a927c645089c69ca1bf6-768x432.jpg",
              }
            }
            style={
              Array [
                Object {
                  "bottom": 0,
                  "left": 0,
                  "position": "absolute",
                  "right": 0,
                  "top": 0,
                },
                Object {
                  "height": 421.875,
                  "width": 750,
                },
                undefined,
              ]
            }
          />
        </View>
      </View>
      <View
        style={
          Object {
            "alignItems": "stretch",
            "backgroundColor": "#ffffff",
            "flex": 1,
            "paddingHorizontal": 20,
          }
        }
      >
        <View
          style={
            Object {
              "alignItems": "flex-start",
              "flex": 1,
              "justifyContent": "center",
              "paddingBottom": 4,
              "paddingTop": 12,
            }
          }
        >
          <Text
            accessible={true}
            allowFontScaling={true}
            ellipsizeMode="tail"
            style={
              Object {
                "color": "black",
                "fontFamily": "Roboto",
                "fontSize": 30,
                "textAlign": "center",
              }
            }
          >
            Sofiero
          </Text>
          <View
            style={
              Object {
                "flex": 1,
                "paddingVertical": 4,
              }
            }
          >
            <Text
              accessible={true}
              allowFontScaling={true}
              ellipsizeMode="tail"
              style={
                Object {
                  "color": "black",
                  "fontFamily": "Roboto",
                  "fontSize": 16,
                  "fontWeight": "normal",
                  "lineHeight": 19,
                }
              }
            >
              Closed today
            </Text>
          </View>
        </View>
        <View
          style={
            Object {
              "flex": 4,
              "paddingBottom": 5,
              "paddingTop": 10,
            }
          }
        >
          <Text
            accessible={true}
            allowFontScaling={true}
            ellipsizeMode="tail"
            style={
              Object {
                "color": "black",
                "fontFamily": "Roboto",
                "fontSize": 20,
                "lineHeight": 21,
                "paddingBottom": 10,
              }
            }
          >
            About Sofiero
          </Text>
          <Text
            accessible={true}
            allowFontScaling={true}
            ellipsizeMode="tail"
            style={
              Object {
                "color": "#7f7f7f",
                "fontFamily": "Roboto",
                "fontSize": 16,
                "lineHeight": 22,
              }
            }
          >
            Sofiero slottspark är en blomstrande oas
          </Text>
        </View>
        <View
          accessibilityComponentType={undefined}
          accessibilityLabel={undefined}
          accessibilityTraits={undefined}
          accessible={true}
          collapsable={undefined}
          hitSlop={undefined}
          isTVSelectable={true}
          nativeID={undefined}
          onLayout={undefined}
          onResponderGrant={[Function]}
          onResponderMove={[Function]}
          onResponderRelease={[Function]}
          onResponderTerminate={[Function]}
          onResponderTerminationRequest={[Function]}
          onStartShouldSetResponder={[Function]}
          style={
            Object {
              "alignItems": "center",
              "flexDirection": "row",
              "opacity": 1,
            }
          }
          testID={undefined}
          tvParallaxProperties={undefined}
        >
          <Text
            accessible={true}
            allowFontScaling={false}
            ellipsizeMode="tail"
            style={
              Array [
                Object {
                  "color": "#a61380",
                  "fontSize": 24,
                },
                undefined,
                Object {
                  "fontFamily": "Material Icons",
                  "fontStyle": "normal",
                  "fontWeight": "normal",
                },
              ]
            }
          >
            
          </Text>
          <Text
            accessible={true}
            allowFontScaling={true}
            ellipsizeMode="tail"
            style={
              Object {
                "color": "#a61380",
                "fontFamily": "Roboto",
                "fontSize": 16,
                "fontWeight": "500",
                "lineHeight": 23,
                "marginLeft": 7,
                "marginRight": 13,
              }
            }
          >
            sofiero.se
          </Text>
        </View>
      </View>
    </View>
  </RCTScrollView>
</View>
`;

exports[`weekdays 7`] = `
<View
  style={
    Object {
      "alignItems": "stretch",
      "backgroundColor": "#ffffff",
      "flex": 1,
      "justifyContent": "flex-start",
    }
  }
>
  <RCTScrollView
    style={Object {}}
  >
    <View>
      <View
        style={
          Object {
            "backgroundColor": "#ffffff",
            "flex": 1,
          }
        }
      >
        <View
          style={
            Object {
              "height": 421.875,
              "maxHeight": 867.1,
              "width": 750,
              "zIndex": 1000,
            }
          }
        >
          <Image
            source={
              Object {
                "uri": "https://api.helsingborg.se/wp-content/uploads/sites/2/events/14841adf8354a927c645089c69ca1bf6-768x432.jpg",
              }
            }
            style={
              Array [
                Object {
                  "bottom": 0,
                  "left": 0,
                  "position": "absolute",
                  "right": 0,
                  "top": 0,
                },
                Object {
                  "height": 421.875,
                  "width": 750,
                },
                undefined,
              ]
            }
          />
        </View>
      </View>
      <View
        style={
          Object {
            "alignItems": "stretch",
            "backgroundColor": "#ffffff",
            "flex": 1,
            "paddingHorizontal": 20,
          }
        }
      >
        <View
          style={
            Object {
              "alignItems": "flex-start",
              "flex": 1,
              "justifyContent": "center",
              "paddingBottom": 4,
              "paddingTop": 12,
            }
          }
        >
          <Text
            accessible={true}
            allowFontScaling={true}
            ellipsizeMode="tail"
            style={
              Object {
                "color": "black",
                "fontFamily": "Roboto",
                "fontSize": 30,
                "textAlign": "center",
              }
            }
          >
            Sofiero
          </Text>
          <View
            style={
              Object {
                "flex": 1,
                "paddingVertical": 4,
              }
            }
          >
            <Text
              accessible={true}
              allowFontScaling={true}
              ellipsizeMode="tail"
              style={
                Object {
                  "color": "black",
                  "fontFamily": "Roboto",
                  "fontSize": 16,
                  "fontWeight": "normal",
                  "lineHeight": 19,
                }
              }
            >
              Sofiero Classic. Parken har öppet kl 10-16.
            </Text>
          </View>
        </View>
        <View
          style={
            Object {
              "flex": 4,
              "paddingBottom": 5,
              "paddingTop": 10,
            }
          }
        >
          <Text
            accessible={true}
            allowFontScaling={true}
            ellipsizeMode="tail"
            style={
              Object {
                "color": "black",
                "fontFamily": "Roboto",
                "fontSize": 20,
                "lineHeight": 21,
                "paddingBottom": 10,
              }
            }
          >
            About Sofiero
          </Text>
          <Text
            accessible={true}
            allowFontScaling={true}
            ellipsizeMode="tail"
            style={
              Object {
                "color": "#7f7f7f",
                "fontFamily": "Roboto",
                "fontSize": 16,
                "lineHeight": 22,
              }
            }
          >
            Sofiero slottspark är en blomstrande oas
          </Text>
        </View>
        <View
          accessibilityComponentType={undefined}
          accessibilityLabel={undefined}
          accessibilityTraits={undefined}
          accessible={true}
          collapsable={undefined}
          hitSlop={undefined}
          isTVSelectable={true}
          nativeID={undefined}
          onLayout={undefined}
          onResponderGrant={[Function]}
          onResponderMove={[Function]}
          onResponderRelease={[Function]}
          onResponderTerminate={[Function]}
          onResponderTerminationRequest={[Function]}
          onStartShouldSetResponder={[Function]}
          style={
            Object {
              "alignItems": "center",
              "flexDirection": "row",
              "opacity": 1,
            }
          }
          testID={undefined}
          tvParallaxProperties={undefined}
        >
          <Text
            accessible={true}
            allowFontScaling={false}
            ellipsizeMode="tail"
            style={
              Array [
                Object {
                  "color": "#a61380",
                  "fontSize": 24,
                },
                undefined,
                Object {
                  "fontFamily": "Material Icons",
                  "fontStyle": "normal",
                  "fontWeight": "normal",
                },
              ]
            }
          >
            
          </Text>
          <Text
            accessible={true}
            allowFontScaling={true}
            ellipsizeMode="tail"
            style={
              Object {
                "color": "#a61380",
                "fontFamily": "Roboto",
                "fontSize": 16,
                "fontWeight": "500",
                "lineHeight": 23,
                "marginLeft": 7,
                "marginRight": 13,
              }
            }
          >
            sofiero.se
          </Text>
        </View>
      </View>
    </View>
  </RCTScrollView>
</View>
`;
